<html>
<body>
<pre>
<h1>µVision Build Log</h1>
<h2>Project:</h2>
C:\Users\lenovo\Desktop\´®¿Ú3-TTL\Project\UAST3.uvproj
Project File Date:  03/01/2016

<h2>Output:</h2>
Build target 'Target 1'
linking...
Program Size: Code=12868 RO-data=6532 RW-data=68 ZI-data=1732  
FromELF: creating hex file...
".\OBJ\UAST3.axf" - 0 Error(s), 0 Warning(s).
</pre>
</body>
</html>
), 0 Warning(s).
=USART1_REC_NUM))
..\USER\usart1\usart1.c: 0 warnings, 1 error
".\OBJ\UAST3.axf" - 1 Error(s), 0 Warning(s).
Target not created
usart.c...
compiling stm32f4xx_fsmc.c...
compiling common.c...
linking...
Program Size: Code=12868 RO-data=6532 RW-data=68 ZI-data=1732  
FromELF: creating hex file...
".\OBJ\UAST3.axf" - 0 Error(s), 0 Warning(s).
 enough information to list image symbols.
Finished: 1 information, 0 warning and 2 error messages.
".\OBJ\UAST3.axf" - 2 Error(s), 2 Warning(s).
Target not created
