<html>
<body>
<pre>
<h1>礦ision Build Log</h1>
<h2>Project:</h2>
C:\Users\lenovo\Desktop\23 串口1-232与TCP服务器双向通信\Project\232_LWIP.uvproj
Project File Date:  10/26/2017

<h2>Output:</h2>
Build target 'Target 1'
linking...
Program Size: Code=44128 RO-data=6728 RW-data=276 ZI-data=32412  
FromELF: creating hex file...
".\OBJ\232_LWIP.axf" - 0 Error(s), 0 Warning(s).
</pre>
</body>
</html>
 warning, 0 errors
compiling system_stm32f4xx.c...
assembling startup_stm32f40_41xxx.s...
compiling lcd.c...
compiling led.c...
compiling key.c...
compiling usart1.c...
compiling stm32f4x7_eth_bsp.c...
compiling netconf.c...
..\USER\LWIP_APP\netconf.c(80): warning:  #177-D: variable "iptab" was declared but never referenced
    uint8_t iptab[4];
..\USER\LWIP_APP\netconf.c(81): warning:  #177-D: variable "iptxt" was declared but never referenced
    uint8_t iptxt[20];
..\USER\LWIP_APP\netconf.c: 2 warnings, 0 errors
compiling TCP_SERVER.C...
compiling api_lib.c...
compiling api_msg.c...
compiling err.c...
compiling netbuf.c...
compiling netdb.c...
compiling netifapi.c...
compiling sockets.c...
compiling tcpip.c...
compiling autoip.c...
compiling icmp.c...
compiling igmp.c...
compiling inet.c...
compiling inet_chksum.c...
compiling ip.c...
compiling ip_addr.c...
compiling ip_frag.c...
compiling etharp.c...
compiling loopif.c...
compiling dhcp.c...
compiling dns.c...
compiling init.c...
compiling mem.c...
..\lwip_v1.3.2\src\core\mem.c(184): warning:  #550-D: variable "mem_sem" was set but never used
  static sys_sem_t mem_sem;
..\lwip_v1.3.2\src\core\mem.c: 1 warning, 0 errors
compiling memp.c...
compiling netif.c...
compiling pbuf.c...
compiling raw.c...
compiling stats.c...
compiling sys.c...
compiling tcp.c...
compiling tcp_in.c...
compiling tcp_out.c...
..\lwip_v1.3.2\src\core\tcp_out.c(465): warning:  #550-D: variable "tcphdr" was set but never used
    struct tcp_hdr *tcphdr;
..\lwip_v1.3.2\src\core\tcp_out.c(935): warning:  #550-D: variable "tcphdr" was set but never used
    struct tcp_hdr *tcphdr;
..\lwip_v1.3.2\src\core\tcp_out.c: 2 warnings, 0 errors
compiling udp.c...
compiling ethernetif.c...
compiling misc.c...
compiling stm32f4xx_gpio.c...
compiling stm32f4xx_fsmc.c...
compiling stm32f4xx_rcc.c...
compiling stm32f4xx_usart.c...
compiling stm32f4xx_syscfg.c...
compiling stm32f4x7_eth.c...
compiling common.c...
linking...
Program Size: Code=44128 RO-data=6728 RW-data=276 ZI-data=32412  
FromELF: creating hex file...
".\OBJ\232_LWIP.axf" - 0 Error(s), 6 Warning(s).
