Product: MDK-ARM Professional 5.10
Component: ARM Compiler 5.04 update 1 (build 49)
Tool: armlink [5040049]

==============================================================================

Section Cross References

    main.o(.text) refers to misc.o(.text) for NVIC_PriorityGroupConfig
    main.o(.text) refers to common.o(.text) for delay_init
    main.o(.text) refers to led.o(.text) for LED_Init
    main.o(.text) refers to lcd.o(.text) for LCD_Init
    main.o(.text) refers to key.o(.text) for KEY_Init
    main.o(.text) refers to stm32f4x7_eth_bsp.o(.text) for ETH_BSP_Config
    main.o(.text) refers to netconf.o(.text) for LwIP_Init
    main.o(.text) refers to tcp_client.o(.text) for TCP_Client_Init
    main.o(.text) refers to lcd.o(.data) for BRUSH_COLOR
    main.o(.text) refers to main.o(.data) for pcb
    stm32f4xx_it.o(.text) refers to main.o(.text) for Time_Update
    stm32f4xx_it.o(.text) refers to netconf.o(.text) for LwIP_Pkt_Handle
    stm32f4xx_it.o(.text) refers to stm32f4x7_eth.o(.text) for ETH_CheckFrameReceived
    system_stm32f4xx.o(.text) refers to system_stm32f4xx.o(.data) for SystemCoreClock
    startup_stm32f40_41xxx.o(STACK) refers (Special) to heapauxi.o(.text) for __use_two_region_memory
    startup_stm32f40_41xxx.o(HEAP) refers (Special) to heapauxi.o(.text) for __use_two_region_memory
    startup_stm32f40_41xxx.o(RESET) refers (Special) to heapauxi.o(.text) for __use_two_region_memory
    startup_stm32f40_41xxx.o(RESET) refers to startup_stm32f40_41xxx.o(STACK) for __initial_sp
    startup_stm32f40_41xxx.o(RESET) refers to startup_stm32f40_41xxx.o(.text) for Reset_Handler
    startup_stm32f40_41xxx.o(RESET) refers to stm32f4xx_it.o(.text) for NMI_Handler
    startup_stm32f40_41xxx.o(.text) refers (Special) to heapauxi.o(.text) for __use_two_region_memory
    startup_stm32f40_41xxx.o(.text) refers to system_stm32f4xx.o(.text) for SystemInit
    startup_stm32f40_41xxx.o(.text) refers to __main.o(!!!main) for __main
    startup_stm32f40_41xxx.o(.text) refers to startup_stm32f40_41xxx.o(HEAP) for Heap_Mem
    startup_stm32f40_41xxx.o(.text) refers to startup_stm32f40_41xxx.o(STACK) for Stack_Mem
    lcd.o(.text) refers to common.o(.text) for delay_us
    lcd.o(.text) refers to lcd.o(.data) for write_gramcmd
    lcd.o(.text) refers to stm32f4xx_rcc.o(.text) for RCC_AHB1PeriphClockCmd
    lcd.o(.text) refers to stm32f4xx_gpio.o(.text) for GPIO_Init
    lcd.o(.text) refers to stm32f4xx_fsmc.o(.text) for FSMC_NORSRAMInit
    lcd.o(.text) refers to lcd.o(.constdata) for char_1206
    led.o(.text) refers to stm32f4xx_rcc.o(.text) for RCC_AHB1PeriphClockCmd
    led.o(.text) refers to stm32f4xx_gpio.o(.text) for GPIO_Init
    key.o(.text) refers to stm32f4xx_rcc.o(.text) for RCC_AHB1PeriphClockCmd
    key.o(.text) refers to stm32f4xx_gpio.o(.text) for GPIO_Init
    key.o(.text) refers to key.o(.data) for keyup_data
    stm32f4x7_eth_bsp.o(.text) refers to stm32f4xx_rcc.o(.text) for RCC_AHB1PeriphClockCmd
    stm32f4x7_eth_bsp.o(.text) refers to stm32f4x7_eth.o(.text) for ETH_DeInit
    stm32f4x7_eth_bsp.o(.text) refers to misc.o(.text) for NVIC_PriorityGroupConfig
    stm32f4x7_eth_bsp.o(.text) refers to stm32f4xx_syscfg.o(.text) for SYSCFG_ETH_MediaInterfaceConfig
    stm32f4x7_eth_bsp.o(.text) refers to stm32f4xx_gpio.o(.text) for GPIO_Init
    netconf.o(.text) refers to inet.o(.text) for htonl
    netconf.o(.text) refers to mem.o(.text) for mem_init
    netconf.o(.text) refers to memp.o(.text) for memp_init
    netconf.o(.text) refers to netif.o(.text) for netif_add
    netconf.o(.text) refers to ethernetif.o(.text) for ethernetif_input
    netconf.o(.text) refers to tcp.o(.text) for tcp_tmr
    netconf.o(.text) refers to etharp.o(.text) for etharp_tmr
    netconf.o(.text) refers to netconf.o(.bss) for netif
    netconf.o(.text) refers to netconf.o(.data) for TCPTimer
    tcp_client.o(.text) refers to tcp_out.o(.text) for tcp_write
    tcp_client.o(.text) refers to tcp.o(.text) for tcp_recved
    tcp_client.o(.text) refers to pbuf.o(.text) for pbuf_free
    tcp_client.o(.text) refers to inet.o(.text) for htonl
    tcp_client.o(.text) refers to tcp_client.o(.data) for tcp_client_pcb
    tcp_client.o(.text) refers to ip_addr.o(.constdata) for ip_addr_any
    tcp_client.o(.text) refers to tcp.o(.data) for tcp_active_pcbs
    autoip.o(.text) refers to inet.o(.text) for htonl
    autoip.o(.text) refers to netif.o(.text) for netif_is_up
    autoip.o(.text) refers to mem.o(.text) for mem_malloc
    autoip.o(.text) refers to etharp.o(.text) for etharp_raw
    autoip.o(.text) refers to memcmp.o(.text) for memcmp
    autoip.o(.text) refers to etharp.o(.constdata) for ethzero
    autoip.o(.text) refers to ip_addr.o(.constdata) for ip_addr_any
    autoip.o(.text) refers to netif.o(.data) for netif_list
    icmp.o(.text) refers to inet.o(.text) for ntohs
    icmp.o(.text) refers to pbuf.o(.text) for pbuf_header
    icmp.o(.text) refers to ip_addr.o(.text) for ip_addr_isbroadcast
[...]
    dhcp_handle_offer                        0x08004053   Thumb Code    60  dhcp.o(.text)
    dhcp_t1_timeout                          0x08004123   Thumb Code    32  dhcp.o(.text)
    dhcp_rebind                              0x08004143   Thumb Code   146  dhcp.o(.text)
    dhcp_t2_timeout                          0x080041d5   Thumb Code    32  dhcp.o(.text)
    dhcp_reboot                              0x08004233   Thumb Code   180  dhcp.o(.text)
    dhcp_bind                                0x0800439b   Thumb Code   248  dhcp.o(.text)
    dhcp_timeout                             0x08004493   Thumb Code   164  dhcp.o(.text)
    dhcp_get_option_byte                     0x08004589   Thumb Code     6  dhcp.o(.text)
    dhcp_handle_ack                          0x0800458f   Thumb Code   262  dhcp.o(.text)
    dhcp_free_reply                          0x080046d1   Thumb Code    36  dhcp.o(.text)
    dhcp_unfold_reply                        0x080046f5   Thumb Code   134  dhcp.o(.text)
    dhcp_recv                                0x0800477b   Thumb Code   266  dhcp.o(.text)
    dhcp_decline                             0x08004a33   Thumb Code   140  dhcp.o(.text)
    .text                                    0x08004af8   Section        0  mem.o(.text)
    plug_holes                               0x08004af9   Thumb Code   124  mem.o(.text)
    .text                                    0x08004e44   Section        0  memp.o(.text)
    .text                                    0x08004eec   Section        0  netif.o(.text)
    .text                                    0x080050f4   Section        0  pbuf.o(.text)
    .text                                    0x08005690   Section        0  raw.o(.text)
    .text                                    0x08005830   Section        0  tcp.o(.text)
    tcp_new_port                             0x08005eef   Thumb Code   104  tcp.o(.text)
    tcp_accept_null                          0x0800603b   Thumb Code     8  tcp.o(.text)
    tcp_kill_prio                            0x0800627d   Thumb Code    78  tcp.o(.text)
    tcp_kill_timewait                        0x080062cb   Thumb Code    52  tcp.o(.text)
    .text                                    0x08006400   Section        0  tcp_in.o(.text)
    tcp_receive                              0x08006401   Thumb Code  1562  tcp_in.o(.text)
    tcp_parseopt                             0x08006a1b   Thumb Code   178  tcp_in.o(.text)
    tcp_process                              0x08006acd   Thumb Code  1380  tcp_in.o(.text)
    tcp_listen_input                         0x08007031   Thumb Code   322  tcp_in.o(.text)
    tcp_timewait_input                       0x08007173   Thumb Code   150  tcp_in.o(.text)
    .text                                    0x08007694   Section        0  tcp_out.o(.text)
    tcp_output_set_header                    0x08007695   Thumb Code   138  tcp_out.o(.text)
    tcp_output_segment                       0x08007bd7   Thumb Code   194  tcp_out.o(.text)
    .text                                    0x08008124   Section        0  udp.o(.text)
    .text                                    0x08008540   Section        0  ethernetif.o(.text)
    low_level_init                           0x08008541   Thumb Code   138  ethernetif.o(.text)
    low_level_output                         0x080085cb   Thumb Code    52  ethernetif.o(.text)
    low_level_input                          0x080085ff   Thumb Code   162  ethernetif.o(.text)
    .text                                    0x08008720   Section        0  misc.o(.text)
    .text                                    0x08008800   Section        0  stm32f4xx_gpio.o(.text)
    .text                                    0x08008a94   Section        0  stm32f4xx_fsmc.o(.text)
    .text                                    0x0800905c   Section        0  stm32f4xx_rcc.o(.text)
    .text                                    0x080096b8   Section        0  stm32f4xx_syscfg.o(.text)
    .text                                    0x0800974c   Section        0  stm32f4x7_eth.o(.text)
    ETH_Delay                                0x0800974d   Thumb Code    28  stm32f4x7_eth.o(.text)
    .text                                    0x0800a5a0   Section        0  common.o(.text)
    .text                                    0x0800a8bc   Section        0  memcmp.o(.text)
    .text                                    0x0800a914   Section      138  rt_memcpy_v6.o(.text)
    .text                                    0x0800a99e   Section       68  rt_memclr.o(.text)
    .text                                    0x0800a9e2   Section       78  rt_memclr_w.o(.text)
    .text                                    0x0800aa30   Section        0  heapauxi.o(.text)
    .text                                    0x0800aa36   Section      100  rt_memcpy_w.o(.text)
    .text                                    0x0800aa9a   Section       74  sys_stackheap_outer.o(.text)
    .text                                    0x0800aae4   Section        0  exit.o(.text)
    .text                                    0x0800aaf0   Section        8  libspace.o(.text)
    .text                                    0x0800aaf8   Section        0  sys_exit.o(.text)
    .text                                    0x0800ab04   Section        2  use_no_semi.o(.text)
    .text                                    0x0800ab06   Section        0  indicate_semi.o(.text)
    x$fpl$fpinit                             0x0800ab06   Section       10  fpinit.o(x$fpl$fpinit)
    $v0                                      0x0800ab06   Number         0  fpinit.o(x$fpl$fpinit)
    .constdata                               0x0800ab10   Section     6080  lcd.o(.constdata)
    .constdata                               0x0800c2d0   Section        8  ip_addr.o(.constdata)
    .constdata                               0x0800c2d8   Section       12  etharp.o(.constdata)
    .constdata                               0x0800c2e4   Section       36  memp.o(.constdata)
    memp_sizes                               0x0800c2e4   Data          18  memp.o(.constdata)
    memp_num                                 0x0800c2f6   Data          18  memp.o(.constdata)
    .constdata                               0x0800c308   Section       20  tcp.o(.constdata)
    .constdata                               0x0800c31c   Section       28  stm32f4xx_fsmc.o(.constdata)
    .conststring                             0x0800c338   Section      117  tcp.o(.conststring)
    .data                                    0x20000000   Section       32  main.o(.data)
    .data                                    0x20000020   Section       20  system_stm32f4xx.o(.data)
    .data                                    0x20000034   Section       18  lcd.o(.data)
    .data                                    0x20000046   Section        6  key.o(.data)
    .data                                    0x2000004c   Section       12  netconf.o(.data)
    .data                                    0x20000058   Section        5  tcp_client.o(.data)
    .data                                    0x20000060   Section       10  ip.o(.data)
    ip_id                                    0x20000068   Data           2  ip.o(.data)
    .data                                    0x2000006c   Section        6  ip_frag.o(.data)
    reassdatagrams                           0x2000006c   Data           4  ip_frag.o(.data)
    ip_reass_pbufcount                       0x20000070   Data           2  ip_frag.o(.data)
    .data                                    0x20000072   Section        1  etharp.o(.data)
    etharp_cached_entry                      0x20000072   Data           1  etharp.o(.data)
    .data                                    0x20000074   Section        4  dhcp.o(.data)
    xid                                      0x20000074   Data           4  dhcp.o(.data)
    .data                                    0x20000078   Section       13  mem.o(.data)
    ram                                      0x20000078   Data           4  mem.o(.data)
    ram_end                                  0x2000007c   Data           4  mem.o(.data)
    lfree                                    0x20000080   Data           4  mem.o(.data)
    mem_sem                                  0x20000084   Data           1  mem.o(.data)
    .data                                    0x20000088   Section        9  netif.o(.data)
    netifnum                                 0x20000090   Data           1  netif.o(.data)
    .data                                    0x20000094   Section        4  raw.o(.data)
    raw_pcbs                                 0x20000094   Data           4  raw.o(.data)
    .data                                    0x20000098   Section       76  tcp.o(.data)
    tcp_timer                                0x200000dc   Data           1  tcp.o(.data)
    port                                     0x200000de   Data           2  tcp.o(.data)
    iss                                      0x200000e0   Data           4  tcp.o(.data)
    .data                                    0x200000e4   Section       32  tcp_in.o(.data)
    tcphdr                                   0x200000e4   Data           4  tcp_in.o(.data)
    iphdr                                    0x200000e8   Data           4  tcp_in.o(.data)
    seqno                                    0x200000ec   Data           4  tcp_in.o(.data)
    ackno                                    0x200000f0   Data           4  tcp_in.o(.data)
    flags                                    0x200000f4   Data           1  tcp_in.o(.data)
    tcplen                                   0x200000f6   Data           2  tcp_in.o(.data)
    recv_flags                               0x200000f8   Data           1  tcp_in.o(.data)
    recv_data                                0x200000fc   Data           4  tcp_in.o(.data)
    .data                                    0x20000104   Section        4  udp.o(.data)
    .data                                    0x20000108   Section       16  stm32f4xx_rcc.o(.data)
    APBAHBPrescTable                         0x20000108   Data          16  stm32f4xx_rcc.o(.data)
    .data                                    0x20000118   Section       16  stm32f4x7_eth.o(.data)
    .data                                    0x20000128   Section        4  common.o(.data)
    fac_us                                   0x20000128   Data           1  common.o(.data)
    fac_ms                                   0x2000012a   Data           2  common.o(.data)
    .bss                                     0x2000012c   Section       56  netconf.o(.bss)
    .bss                                     0x20000164   Section       16  inet.o(.bss)
    str                                      0x20000164   Data          16  inet.o(.bss)
    .bss                                     0x20000174   Section     1504  ip_frag.o(.bss)
    buf                                      0x20000174   Data        1504  ip_frag.o(.bss)
    .bss                                     0x20000754   Section      200  etharp.o(.bss)
    arp_table                                0x20000754   Data         200  etharp.o(.bss)
    .bss                                     0x2000081c   Section    10260  mem.o(.bss)
    ram_heap                                 0x2000081c   Data       10260  mem.o(.bss)
    .bss                                     0x20003030   Section     9271  memp.o(.bss)
    memp_tab                                 0x20003030   Data          36  memp.o(.bss)
    memp_memory                              0x20003054   Data        9235  memp.o(.bss)
    .bss                                     0x20005468   Section       20  tcp_in.o(.bss)
    inseg                                    0x20005468   Data          20  tcp_in.o(.bss)
    .bss                                     0x2000547c   Section     9348  stm32f4x7_eth.o(.bss)
    .bss                                     0x20007900   Section       96  libspace.o(.bss)
    HEAP                                     0x20007960   Section      512  startup_stm32f40_41xxx.o(HEAP)
    Heap_Mem                                 0x20007960   Data         512  startup_stm32f40_41xxx.o(HEAP)
    STACK                                    0x20007b60   Section     1024  startup_stm32f40_41xxx.o(STACK)
    Stack_Mem                                0x20007b60   Data        1024  startup_stm32f40_41xxx.o(STACK)
    __initial_sp                             0x20007f60   Data           0  startup_stm32f40_41xxx.o(STACK)

    Global Symbols

    Symbol Name                              Value     Ov Type        Size  Object(Section)

    BuildAttributes$$THM_ISAv4$E$P$D$K$B$S$7EM$VFPi3$EXTD16$VFPS$VFMA$PE$A:L22UL41UL21$X:L11$S22US41US21$IEEE1$IW$USESV6$~STKCKD$USESV7$~SHL$OSPACE$ROPI$EBA8$UX$STANDARDLIB$REQ8$PRES8$EABIv2 0x00000000   Number         0  anon$$obj.o ABSOLUTE
    __ARM_use_no_argv                        0x00000000   Number         0  main.o ABSOLUTE
    __ARM_exceptions_init                     - Undefined Weak Reference
    __alloca_initialize                       - Undefined Weak Reference
    __cpp_initialize__aeabi_                  - Undefined Weak Reference
    __cxa_finalize                            - Undefined Weak Reference
    __rt_locale                               - Undefined Weak Reference
    __sigvec_lookup                           - Undefined Weak Reference
    _atexit_init                              - Undefined Weak Reference
    _call_atexit_fns                          - Undefined Weak Reference
    _clock_init                               - Undefined Weak Reference
    _fp_trap_init                             - Undefined Weak Reference
    _fp_trap_shutdown                         - Undefined Weak Reference
    _get_lc_collate                           - Undefined Weak Reference
    _get_lc_ctype                             - Undefined Weak Reference
    _get_lc_monetary                          - Undefined Weak Reference
    _get_lc_numeric                           - Undefined Weak Reference
    _get_lc_time                              - Undefined Weak Reference
    _getenv_init                              - Undefined Weak Reference
    _handle_redirection                       - Undefined Weak Reference
    _init_alloc                               - Undefined Weak Reference
    _init_user_alloc                          - Undefined Weak Reference
    _initio                                   - Undefined Weak Reference
    _rand_init                                - Undefined Weak Reference
    _signal_finish                            - Undefined Weak Reference
    _signal_init                              - Undefined Weak Reference
    _terminate_alloc                          - Undefined Weak Reference
    _terminate_user_alloc                     - Undefined Weak Reference
    _terminateio                              - Undefined Weak Reference
    __Vectors_Size                           0x00000188   Number         0  startup_stm32f40_41xxx.o ABSOLUTE
    __Vectors                                0x08000000   Data           4  startup_stm32f40_41xxx.o(RESET)
    __Vectors_End                            0x08000188   Data           0  startup_stm32f40_41xxx.o(RESET)
    __main                                   0x08000189   Thumb Code     8  __main.o(!!!main)
    __scatterload                            0x08000191   Thumb Code     0  __scatter.o(!!!scatter)
    __scatterload_rt2                        0x08000191   Thumb Code    44  __scatter.o(!!!scatter)
    __scatterload_rt2_thumb_only             0x08000191   Thumb Code     0  __scatter.o(!!!scatter)
    __scatterload_null                       0x0800019f   Thumb Code     0  __scatter.o(!!!scatter)
    __decompress                             0x080001c5   Thumb Code    90  __dczerorl2.o(!!dczerorl2)
    __decompress1                            0x080001c5   Thumb Code     0  __dczerorl2.o(!!dczerorl2)
    __scatterload_zeroinit                   0x08000221   Thumb Code    28  __scatter_zi.o(!!handler_zi)
    __rt_lib_init                            0x0800023d   Thumb Code     0  libinit.o(.ARM.Collect$$libinit$$00000000)
    __rt_lib_init_fp_1                       0x0800023f   Thumb Code     0  libinit2.o(.ARM.Collect$$libinit$$00000001)
    __rt_lib_init_alloca_1                   0x08000243   Thumb Code     0  libinit2.o(.ARM.Collect$$libinit$$0000002C)
    __rt_lib_init_argv_1                     0x08000243   Thumb Code     0  libinit2.o(.ARM.Collect$$libinit$$0000002A)
    __rt_lib_init_atexit_1                   0x08000243   Thumb Code     0  libinit2.o(.ARM.Collect$$libinit$$00000019)
    __rt_lib_init_clock_1                    0x08000243   Thumb Code     0  libinit2.o(.ARM.Collect$$libinit$$0000001F)
    __rt_lib_init_cpp_1                      0x08000243   Thumb Code     0  libinit2.o(.ARM.Collect$$libinit$$00000030)
    __rt_lib_init_exceptions_1               0x08000243   Thumb Code     0  libinit2.o(.ARM.Collect$$libinit$$0000002E)
    __rt_lib_init_fp_trap_1                  0x08000243   Thumb Code     0  libinit2.o(.ARM.Collect$$libinit$$0000001D)
    __rt_lib_init_getenv_1                   0x08000243   Thumb Code     0  libinit2.o(.ARM.Collect$$libinit$$00000021)
    __rt_lib_init_heap_1                     0x08000243   Thumb Code     0  libinit2.o(.ARM.Collect$$libinit$$00000008)
    __rt_lib_init_lc_collate_1               0x08000243   Thumb Code     0  libinit2.o(.ARM.Collect$$libinit$$0000000F)
    __rt_lib_init_lc_ctype_1                 0x08000243   Thumb Code     0  libinit2.o(.ARM.Collect$$libinit$$00000011)
    __rt_lib_init_lc_monetary_1              0x08000243   Thumb Code     0  libinit2.o(.ARM.Collect$$libinit$$00000013)
    __rt_lib_init_lc_numeric_1               0x08000243   Thumb Code     0  libinit2.o(.ARM.Collect$$libinit$$00000015)
    __rt_lib_init_lc_time_1                  0x08000243   Thumb Code     0  libinit2.o(.ARM.Collect$$libinit$$00000017)
    __rt_lib_init_rand_1                     0x08000243   Thumb Code     0  libinit2.o(.ARM.Collect$$libinit$$0000000C)
    __rt_lib_init_return                     0x08000243   Thumb Code     0  libinit2.o(.ARM.Collect$$libinit$$00000031)
    __rt_lib_init_signal_1                   0x08000243   Thumb Code     0  libinit2.o(.ARM.Collect$$libinit$$0000001B)
    __rt_lib_init_stdio_1                    0x08000243   Thumb Code     0  libinit2.o(.ARM.Collect$$libinit$$00000023)
    __rt_lib_init_user_alloc_1               0x08000243   Thumb Code     0  libinit2.o(.ARM.Collect$$libinit$$0000000A)
    __rt_lib_shutdown                        0x08000245   Thumb Code     0  libshutdown.o(.ARM.Collect$$libshutdown$$00000000)
    __rt_lib_shutdown_fp_trap_1              0x08000247   Thumb Code     0  libshutdown2.o(.ARM.Collect$$libshutdown$$00000006)
    __rt_lib_shutdown_heap_1                 0x08000247   Thumb Code     0  libshutdown2.o(.ARM.Collect$$libshutdown$$0000000E)
    __rt_lib_shutdown_return                 0x08000247   Thumb Code     0  libshutdown2.o(.ARM.Collect$$libshutdown$$0000000F)
    __rt_lib_shutdown_signal_1               0x08000247   Thumb Code     0  libshutdown2.o(.ARM.Collect$$libshutdown$$00000009)
    __rt_lib_shutdown_stdio_1                0x08000247   Thumb Code     0  libshutdown2.o(.ARM.Collect$$libshutdown$$00000003)
    __rt_lib_shutdown_user_alloc_1           0x08000247   Thumb Code     0  libshutdown2.o(.ARM.Collect$$libshutdown$$0000000B)
    __rt_entry                               0x08000249   Thumb Code     0  rtentry.o(.ARM.Collect$$rtentry$$00000000)
    __rt_entry_presh_1                       0x08000249   Thumb Code     0  rtentry2.o(.ARM.Collect$$rtentry$$00000002)
    __rt_entry_sh                            0x08000249   Thumb Code     0  rtentry4.o(.ARM.Collect$$rtentry$$00000004)
    __rt_entry_li                            0x0800024f   Thumb Code     0  rtentry2.o(.ARM.Collect$$rtentry$$0000000A)
    __rt_entry_postsh_1                      0x0800024f   Thumb Code     0  rtentry2.o(.ARM.Collect$$rtentry$$00000009)
    __rt_entry_main                          0x08000253   Thumb Code     0  rtentry2.o(.ARM.Collect$$rtentry$$0000000D)
    __rt_entry_postli_1                      0x08000253   Thumb Code     0  rtentry2.o(.ARM.Collect$$rtentry$$0000000C)
    __rt_exit                                0x0800025b   Thumb Code     0  rtexit.o(.ARM.Collect$$rtexit$$00000000)
    __rt_exit_ls                             0x0800025d   Thumb Code     0  rtexit2.o(.ARM.Collect$$rtexit$$00000003)
    __rt_exit_prels_1                        0x0800025d   Thumb Code     0  rtexit2.o(.ARM.Collect$$rtexit$$00000002)
    __rt_exit_exit                           0x08000261   Thumb Code     0  rtexit2.o(.ARM.Collect$$rtexit$$00000004)
    main                                     0x08000269   Thumb Code   198  main.o(.text)
    Delay                                    0x0800032f   Thumb Code    26  main.o(.text)
    Time_Update                              0x08000349   Thumb Code    12  main.o(.text)
    NMI_Handler                              0x08000401   Thumb Code     2  stm32f4xx_it.o(.text)
    HardFault_Handler                        0x08000403   Thumb Code     4  stm32f4xx_it.o(.text)
    MemManage_Handler                        0x08000407   Thumb Code     4  stm32f4xx_it.o(.text)
    BusFault_Handler                         0x0800040b   Thumb Code     4  stm32f4xx_it.o(.text)
    UsageFault_Handler                       0x0800040f   Thumb Code     4  stm32f4xx_it.o(.text)
    SVC_Handler                              0x08000413   Thumb Code     2  stm32f4xx_it.o(.text)
    DebugMon_Handler                         0x08000415   Thumb Code     2  stm32f4xx_it.o(.text)
    PendSV_Handler                           0x08000417   Thumb Code     2  stm32f4xx_it.o(.text)
    SysTick_Handler                          0x08000419   Thumb Code     8  stm32f4xx_it.o(.text)
    EXTI15_10_IRQHandler                     0x08000421   Thumb Code     2  stm32f4xx_it.o(.text)
    ETH_IRQHandler                           0x08000423   Thumb Code    32  stm32f4xx_it.o(.text)
    SystemInit                               0x08000521   Thumb Code    88  system_stm32f4xx.o(.text)
    SystemCoreClockUpdate                    0x08000579   Thumb Code   174  system_stm32f4xx.o(.text)
    Reset_Handler                            0x08000655   Thumb Code     8  startup_stm32f40_41xxx.o(.text)
    ADC_IRQHandler                           0x0800066f   Thumb Code     0  startup_stm32f40_41xxx.o(.text)
    CAN1_RX0_IRQHandler                      0x0800066f   Thumb Code     0  startup_stm32f40_41xxx.o(.text)
    CAN1_RX1_IRQHandler                      0x0800066f   Thumb Code     0  startup_stm32f40_41xxx.o(.text)
    CAN1_SCE_IRQHandler                      0x0800066f   Thumb Code     0  startup_stm32f40_41xxx.o(.text)
    CAN1_TX_IRQHandler                       0x0800066f   Thumb Code     0  startup_stm32f40_41xxx.o(.text)
    CAN2_RX0_IRQHandler                      0x0800066f   Thumb Code     0  startup_stm32f40_41xxx.o(.text)
    CAN2_RX1_IRQHandler                      0x0800066f   Thumb Code     0  startup_stm32f40_41xxx.o(.text)
    CAN2_SCE_IRQHandler                      0x0800066f   Thumb Code     0  startup_stm32f40_41xxx.o(.text)
    CAN2_TX_IRQHandler                       0x0800066f   Thumb Code     0  startup_stm32f40_41xxx.o(.text)
    CRYP_IRQHandler                          0x0800066f   Thumb Code     0  startup_stm32f40_41xxx.o(.text)
    DCMI_IRQHandler                          0x0800066f   Thumb Code     0  startup_stm32f40_41xxx.o(.text)
    DMA1_Stream0_IRQHandler                  0x0800066f   Thumb Code     0  startup_stm32f40_41xxx.o(.text)
    DMA1_Stream1_IRQHandler                  0x0800066f   Thumb Code     0  startup_stm32f40_41xxx.o(.text)
    DMA1_Stream2_IRQHandler                  0x0800066f   Thumb Code     0  startup_stm32f40_41xxx.o(.text)
    DMA1_Stream3_IRQHandler                  0x0800066f   Thumb Code     0  startup_stm32f40_41xxx.o(.text)
    DMA1_Stream4_IRQHandler                  0x0800066f   Thumb Code     0  startup_stm32f40_41xxx.o(.text)
    DMA1_Stream5_IRQHandler                  0x0800066f   Thumb Code     0  startup_stm32f40_41xxx.o(.text)
    DMA1_Stream6_IRQHandler                  0x0800066f   Thumb Code     0  startup_stm32f40_41xxx.o(.text)
    DMA1_Stream7_IRQHandler                  0x0800066f   Thumb Code     0  startup_stm32f40_41xxx.o(.text)
    DMA2_Stream0_IRQHandler                  0x0800066f   Thumb Code     0  startup_stm32f40_41xxx.o(.text)
    DMA2_Stream1_IRQHandler                  0x0800066f   Thumb Code     0  startup_stm32f40_41xxx.o(.text)
    DMA2_Stream2_IRQHandler                  0x0800066f   Thumb Code     0  startup_stm32f40_41xxx.o(.text)
    DMA2_Stream3_IRQHandler                  0x0800066f   Thumb Code     0  startup_stm32f40_41xxx.o(.text)
    DMA2_Stream4_IRQHandler                  0x0800066f   Thumb Code     0  startup_stm32f40_41xxx.o(.text)
    DMA2_Stream5_IRQHandler                  0x0800066f   Thumb Code     0  startup_stm32f40_41xxx.o(.text)
    DMA2_Stream6_IRQHandler                  0x0800066f   Thumb Code     0  startup_stm32f40_41xxx.o(.text)
    DMA2_Stream7_IRQHandler                  0x0800066f   Thumb Code     0  startup_stm32f40_41xxx.o(.text)
    ETH_WKUP_IRQHandler                      0x0800066f   Thumb Code     0  startup_stm32f40_41xxx.o(.text)
    EXTI0_IRQHandler                         0x0800066f   Thumb Code     0  startup_stm32f40_41xxx.o(.text)
    EXTI1_IRQHandler                         0x0800066f   Thumb Code     0  startup_stm32f40_41xxx.o(.text)
    EXTI2_IRQHandler                         0x0800066f   Thumb Code     0  startup_stm32f40_41xxx.o(.text)
    EXTI3_IRQHandler                         0x0800066f   Thumb Code     0  startup_stm32f40_41xxx.o(.text)
    EXTI4_IRQHandler                         0x0800066f   Thumb Code     0  startup_stm32f40_41xxx.o(.text)
    EXTI9_5_IRQHandler                       0x0800066f   Thumb Code     0  startup_stm32f40_41xxx.o(.text)
    FLASH_IRQHandler                         0x0800066f   Thumb Code     0  startup_stm32f40_41xxx.o(.text)
    FPU_IRQHandler                           0x0800066f   Thumb Code     0  startup_stm32f40_41xxx.o(.text)
    FSMC_IRQHandler                          0x0800066f   Thumb Code     0  startup_stm32f40_41xxx.o(.text)
    HASH_RNG_IRQHandler                      0x0800066f   Thumb Code     0  startup_stm32f40_41xxx.o(.text)
    I2C1_ER_IRQHandler                       0x0800066f   Thumb Code     0  startup_stm32f40_41xxx.o(.text)
    I2C1_EV_IRQHandler                       0x0800066f   Thumb Code     0  startup_stm32f40_41xxx.o(.text)
    I2C2_ER_IRQHandler                       0x0800066f   Thumb Code     0  startup_stm32f40_41xxx.o(.text)
    I2C2_EV_IRQHandler                       0x0800066f   Thumb Code     0  startup_stm32f40_41xxx.o(.text)
    I2C3_ER_IRQHandler                       0x0800066f   Thumb Code     0  startup_stm32f40_41xxx.o(.text)
    I2C3_EV_IRQHandler                       0x0800066f   Thumb Code     0  startup_stm32f40_41xxx.o(.text)
    OTG_FS_IRQHandler                        0x0800066f   Thumb Code     0  startup_stm32f40_41xxx.o(.text)
    OTG_FS_WKUP_IRQHandler                   0x0800066f   Thumb Code     0  startup_stm32f40_41xxx.o(.text)
    OTG_HS_EP1_IN_IRQHandler                 0x0800066f   Thumb Code     0  startup_stm32f40_41xxx.o(.text)
    OTG_HS_EP1_OUT_IRQHandler                0x0800066f   Thumb Code     0  startup_stm32f40_41xxx.o(.text)
    OTG_HS_IRQHandler                        0x0800066f   Thumb Code     0  startup_stm32f40_41xxx.o(.text)
    OTG_HS_WKUP_IRQHandler                   0x0800066f   Thumb Code     0  startup_stm32f40_41xxx.o(.text)
    PVD_IRQHandler                           0x0800066f   Thumb Code     0  startup_stm32f40_41xxx.o(.text)
    RCC_IRQHandler                           0x0800066f   Thumb Code     0  startup_stm32f40_41xxx.o(.text)
    RTC_Alarm_IRQHandler                     0x0800066f   Thumb Code     0  startup_stm32f40_41xxx.o(.text)
    RTC_WKUP_IRQHandler                      0x0800066f   Thumb Code     0  startup_stm32f40_41xxx.o(.text)
    SDIO_IRQHandler                          0x0800066f   Thumb Code     0  startup_stm32f40_41xxx.o(.text)
    SPI1_IRQHandler                          0x0800066f   Thumb Code     0  startup_stm32f40_41xxx.o(.text)
    SPI2_IRQHandler                          0x0800066f   Thumb Code     0  startup_stm32f40_41xxx.o(.text)
    SPI3_IRQHandler                          0x0800066f   Thumb Code     0  startup_stm32f40_41xxx.o(.text)
    TAMP_STAMP_IRQHandler                    0x0800066f   Thumb Code     0  startup_stm32f40_41xxx.o(.text)
    TIM1_BRK_TIM9_IRQHandler                 0x0800066f   Thumb Code     0  startup_stm32f40_41xxx.o(.text)
    TIM1_CC_IRQHandler                       0x0800066f   Thumb Code     0  startup_stm32f40_41xxx.o(.text)
    TIM1_TRG_COM_TIM11_IRQHandler            0x0800066f   Thumb Code     0  startup_stm32f40_41xxx.o(.text)
    TIM1_UP_TIM10_IRQHandler                 0x0800066f   Thumb Code     0  startup_stm32f40_41xxx.o(.text)
    TIM2_IRQHandler                          0x0800066f   Thumb Code     0  startup_stm32f40_41xxx.o(.text)
    TIM3_IRQHandler                          0x0800066f   Thumb Code     0  startup_stm32f40_41xxx.o(.text)
    TIM4_IRQHandler                          0x0800066f   Thumb Code     0  startup_stm32f40_41xxx.o(.text)
    TIM5_IRQHandler                          0x0800066f   Thumb Code     0  startup_stm32f40_41xxx.o(.text)
    TIM6_DAC_IRQHandler                      0x0800066f   Thumb Code     0  startup_stm32f40_41xxx.o(.text)
    TIM7_IRQHandler                          0x0800066f   Thumb Code     0  startup_stm32f40_41xxx.o(.text)
    TIM8_BRK_TIM12_IRQHandler                0x0800066f   Thumb Code     0  startup_stm32f40_41xxx.o(.text)
    TIM8_CC_IRQHandler                       0x0800066f   Thumb Code     0  startup_stm32f40_41xxx.o(.text)
    TIM8_TRG_COM_TIM14_IRQHandler            0x0800066f   Thumb Code     0  startup_stm32f40_41xxx.o(.text)
    TIM8_UP_TIM13_IRQHandler                 0x0800066f   Thumb Code     0  startup_stm32f40_41xxx.o(.text)
    UART4_IRQHandler                         0x0800066f   Thumb Code     0  startup_stm32f40_41xxx.o(.text)
    UART5_IRQHandler                         0x0800066f   Thumb Code     0  startup_stm32f40_41xxx.o(.text)
    USART1_IRQHandler                        0x0800066f   Thumb Code     0  startup_stm32f40_41xxx.o(.text)
    USART2_IRQHandler                        0x0800066f   Thumb Code     0  startup_stm32f40_41xxx.o(.text)
    USART3_IRQHandler                        0x0800066f   Thumb Code     0  startup_stm32f40_41xxx.o(.text)
    USART6_IRQHandler                        0x0800066f   Thumb Code     0  startup_stm32f40_41xxx.o(.text)
    WWDG_IRQHandler                          0x0800066f   Thumb Code     0  startup_stm32f40_41xxx.o(.text)
    __user_initial_stackheap                 0x08000671   Thumb Code     0  startup_stm32f40_41xxx.o(.text)
    LCD_WriteReg                             0x08000695   Thumb Code    10  lcd.o(.text)
    LCD_ReadReg                              0x0800069f   Thumb Code    22  lcd.o(.text)
    LCD_WriteRAM_Prepare                     0x080006b5   Thumb Code    10  lcd.o(.text)
    lcdm_delay                               0x080006bf   Thumb Code    14  lcd.o(.text)
    LCD_BGRtoRGB                             0x080006cd   Thumb Code    26  lcd.o(.text)
    LCD_SetCursor                            0x080006e7   Thumb Code    96  lcd.o(.text)
    LCD_GetPoint                             0x08000747   Thumb Code   210  lcd.o(.text)
    LCD_DisplayOn                            0x08000819   Thumb Code    34  lcd.o(.text)
    LCD_DisplayOff                           0x0800083b   Thumb Code    32  lcd.o(.text)
    LCD_AUTOScan_Dir                         0x0800085b   Thumb Code   348  lcd.o(.text)
    LCD_Display_Dir                          0x080009b7   Thumb Code   156  lcd.o(.text)
    LCD_DrawPoint                            0x08000a53   Thumb Code    66  lcd.o(.text)
    LCD_Color_DrawPoint                      0x08000a95   Thumb Code   110  lcd.o(.text)
    LCD_Set_Window                           0x08000b03   Thumb Code   196  lcd.o(.text)
    LCD_FSMC_Config                          0x08000bc7   Thumb Code   530  lcd.o(.text)
    LCD_Clear                                0x08000dd9   Thumb Code    50  lcd.o(.text)
    LCD_Init                                 0x08000e0b   Thumb Code  1674  lcd.o(.text)
    LCD_Fill_onecolor                        0x08001495   Thumb Code    82  lcd.o(.text)
    LCD_Draw_Picture                         0x080014e7   Thumb Code    94  lcd.o(.text)
    LCD_Draw_Line                            0x08001545   Thumb Code   176  lcd.o(.text)
    LCD_Draw_Rectangle                       0x080015f5   Thumb Code    60  lcd.o(.text)
    LCD_Draw_Circle                          0x08001631   Thumb Code   152  lcd.o(.text)
    LCD_DisplayChar                          0x080016c9   Thumb Code   230  lcd.o(.text)
    LCD_Pow                                  0x080017af   Thumb Code    22  lcd.o(.text)
    LCD_DisplayNum                           0x080017c5   Thumb Code   208  lcd.o(.text)
    LCD_DisplayNum_color                     0x08001895   Thumb Code    78  lcd.o(.text)
    LCD_DisplayString                        0x080018e3   Thumb Code    64  lcd.o(.text)
    LCD_DisplayString_color                  0x08001923   Thumb Code    68  lcd.o(.text)
    LED_Init                                 0x08001975   Thumb Code    80  led.o(.text)
    KEY_Init                                 0x080019cd   Thumb Code    44  key.o(.text)
    key_scan                                 0x080019f9   Thumb Code   192  key.o(.text)
    ETH_BSP_Config                           0x08001c55   Thumb Code    80  stm32f4x7_eth_bsp.o(.text)
    Set_IP4_ADDR                             0x08001cbd   Thumb Code    48  netconf.o(.text)
    LwIP_Init                                0x08001ced   Thumb Code   100  netconf.o(.text)
    LwIP_Pkt_Handle                          0x08001d51   Thumb Code    10  netconf.o(.text)
    LwIP_Periodic_Handle                     0x08001d5b   Thumb Code    52  netconf.o(.text)
    TCP_Client_Send_Data                     0x08001da5   Thumb Code    36  tcp_client.o(.text)
    TCP_Client_Recv                          0x08001dc9   Thumb Code    72  tcp_client.o(.text)
    TCP_Connected                            0x08001e11   Thumb Code     6  tcp_client.o(.text)
    TCP_Client_Init                          0x08001e17   Thumb Code   116  tcp_client.o(.text)
    Check_TCP_Connect                        0x08001e8b   Thumb Code    72  tcp_client.o(.text)
    autoip_init                              0x08001ee5   Thumb Code     2  autoip.o(.text)
    autoip_start                             0x08001f8d   Thumb Code    96  autoip.o(.text)
    autoip_network_changed                   0x0800209d   Thumb Code    28  autoip.o(.text)
    autoip_stop                              0x080020b9   Thumb Code    20  autoip.o(.text)
    autoip_tmr                               0x080020cd   Thumb Code   262  autoip.o(.text)
    autoip_arp_reply                         0x080021d3   Thumb Code   176  autoip.o(.text)
    icmp_input                               0x080022a5   Thumb Code   368  icmp.o(.text)
    icmp_dest_unreach                        0x08002481   Thumb Code    18  icmp.o(.text)
    icmp_time_exceeded                       0x08002493   Thumb Code    18  icmp.o(.text)
    htonl                                    0x080024a5   Thumb Code    26  inet.o(.text)
    inet_aton                                0x080024bf   Thumb Code   336  inet.o(.text)
    inet_addr                                0x0800260f   Thumb Code    24  inet.o(.text)
    inet_ntoa                                0x08002627   Thumb Code   112  inet.o(.text)
    htons                                    0x08002697   Thumb Code    12  inet.o(.text)
    ntohs                                    0x080026a3   Thumb Code    12  inet.o(.text)
    ntohl                                    0x080026af   Thumb Code    12  inet.o(.text)
    inet_chksum_pseudo                       0x0800270b   Thumb Code   162  inet_chksum.o(.text)
    inet_chksum                              0x080027ad   Thumb Code    20  inet_chksum.o(.text)
    inet_chksum_pbuf                         0x080027c1   Thumb Code    86  inet_chksum.o(.text)
    ip_route                                 0x08002819   Thumb Code    70  ip.o(.text)
    ip_input                                 0x0800285f   Thumb Code   446  ip.o(.text)
    ip_output_if                             0x08002a1d   Thumb Code   246  ip.o(.text)
    ip_output                                0x08002b13   Thumb Code    52  ip.o(.text)
    ip_addr_isbroadcast                      0x08002b5d   Thumb Code    78  ip_addr.o(.text)
    ip_reass_tmr                             0x08002c57   Thumb Code    48  ip_frag.o(.text)
    ip_reass                                 0x08002eaf   Thumb Code   410  ip_frag.o(.text)
    ip_frag                                  0x08003049   Thumb Code   326  ip_frag.o(.text)
    etharp_tmr                               0x080031c3   Thumb Code   154  etharp.o(.text)
    etharp_find_addr                         0x08003569   Thumb Code    86  etharp.o(.text)
    etharp_ip_input                          0x080035bf   Thumb Code    60  etharp.o(.text)
    etharp_arp_input                         0x080035fb   Thumb Code   340  etharp.o(.text)
    etharp_raw                               0x0800374f   Thumb Code   212  etharp.o(.text)
    etharp_request                           0x08003823   Thumb Code    36  etharp.o(.text)
    etharp_query                             0x08003847   Thumb Code   386  etharp.o(.text)
    etharp_output                            0x080039c9   Thumb Code   190  etharp.o(.text)
    ethernet_input                           0x08003a87   Thumb Code   122  etharp.o(.text)
    dhcp_renew                               0x0800408f   Thumb Code   148  dhcp.o(.text)
    dhcp_coarse_tmr                          0x080041f5   Thumb Code    62  dhcp.o(.text)
    dhcp_release                             0x080042e7   Thumb Code   180  dhcp.o(.text)
    dhcp_fine_tmr                            0x08004537   Thumb Code    82  dhcp.o(.text)
    dhcp_stop                                0x08004695   Thumb Code    60  dhcp.o(.text)
    dhcp_start                               0x08004885   Thumb Code   188  dhcp.o(.text)
    dhcp_inform                              0x08004941   Thumb Code   160  dhcp.o(.text)
    dhcp_network_changed                     0x080049e1   Thumb Code    82  dhcp.o(.text)
    dhcp_arp_reply                           0x08004abf   Thumb Code    46  dhcp.o(.text)
    mem_init                                 0x08004b75   Thumb Code    80  mem.o(.text)
    mem_free                                 0x08004bc5   Thumb Code    68  mem.o(.text)
    mem_realloc                              0x08004c09   Thumb Code   288  mem.o(.text)
    mem_malloc                               0x08004d29   Thumb Code   228  mem.o(.text)
    mem_calloc                               0x08004e0d   Thumb Code    34  mem.o(.text)
    memp_init                                0x08004e45   Thumb Code    82  memp.o(.text)
    memp_malloc                              0x08004e97   Thumb Code    40  memp.o(.text)
    memp_free                                0x08004ebf   Thumb Code    28  memp.o(.text)
    netif_set_gw                             0x08004eed   Thumb Code    12  netif.o(.text)
    netif_set_netmask                        0x08004ef9   Thumb Code    12  netif.o(.text)
    netif_set_ipaddr                         0x08004f05   Thumb Code   110  netif.o(.text)
    netif_set_addr                           0x08004f73   Thumb Code    40  netif.o(.text)
    netif_add                                0x08004f9b   Thumb Code   100  netif.o(.text)
    netif_set_default                        0x08004fff   Thumb Code     6  netif.o(.text)
    netif_remove                             0x08005005   Thumb Code    74  netif.o(.text)
    netif_find                               0x0800504f   Thumb Code    64  netif.o(.text)
    netif_set_up                             0x0800508f   Thumb Code    44  netif.o(.text)
    netif_set_down                           0x080050bb   Thumb Code    24  netif.o(.text)
    netif_is_up                              0x080050d3   Thumb Code    12  netif.o(.text)
    pbuf_free                                0x080050f5   Thumb Code   110  pbuf.o(.text)
    pbuf_alloc                               0x08005163   Thumb Code   414  pbuf.o(.text)
    pbuf_realloc                             0x08005301   Thumb Code   120  pbuf.o(.text)
    pbuf_header                              0x08005379   Thumb Code   126  pbuf.o(.text)
    pbuf_clen                                0x080053f7   Thumb Code    18  pbuf.o(.text)
    pbuf_ref                                 0x08005409   Thumb Code    10  pbuf.o(.text)
    pbuf_cat                                 0x08005413   Thumb Code    56  pbuf.o(.text)
    pbuf_chain                               0x0800544b   Thumb Code    22  pbuf.o(.text)
    pbuf_dechain                             0x08005461   Thumb Code    56  pbuf.o(.text)
    pbuf_copy                                0x08005499   Thumb Code   182  pbuf.o(.text)
    pbuf_copy_partial                        0x0800554f   Thumb Code   146  pbuf.o(.text)
    pbuf_take                                0x080055e1   Thumb Code   116  pbuf.o(.text)
    pbuf_coalesce                            0x08005655   Thumb Code    60  pbuf.o(.text)
    raw_input                                0x08005691   Thumb Code   100  raw.o(.text)
    raw_bind                                 0x080056f5   Thumb Code    16  raw.o(.text)
    raw_connect                              0x08005705   Thumb Code    16  raw.o(.text)
    raw_recv                                 0x08005715   Thumb Code     6  raw.o(.text)
    raw_sendto                               0x0800571b   Thumb Code   154  raw.o(.text)
    raw_send                                 0x080057b5   Thumb Code    18  raw.o(.text)
    raw_remove                               0x080057c7   Thumb Code    60  raw.o(.text)
    raw_new                                  0x08005803   Thumb Code    42  raw.o(.text)
    tcp_seg_free                             0x08005831   Thumb Code    32  tcp.o(.text)
    tcp_segs_free                            0x08005851   Thumb Code    30  tcp.o(.text)
    tcp_pcb_purge                            0x0800586f   Thumb Code    54  tcp.o(.text)
    tcp_slowtmr                              0x080058a5   Thumb Code   712  tcp.o(.text)
    tcp_pcb_remove                           0x08005b6d   Thumb Code   146  tcp.o(.text)
    tcp_close                                0x08005bff   Thumb Code   272  tcp.o(.text)
    tcp_update_rcv_ann_wnd                   0x08005d0f   Thumb Code    72  tcp.o(.text)
    tcp_recved                               0x08005d57   Thumb Code    70  tcp.o(.text)
    tcp_recv_null                            0x08005d9d   Thumb Code    46  tcp.o(.text)
    tcp_fasttmr                              0x08005dcb   Thumb Code   114  tcp.o(.text)
    tcp_tmr                                  0x08005e3d   Thumb Code    30  tcp.o(.text)
    tcp_abandon                              0x08005e5b   Thumb Code   148  tcp.o(.text)
    tcp_bind                                 0x08005f57   Thumb Code   228  tcp.o(.text)
    tcp_listen_with_backlog                  0x08006043   Thumb Code   192  tcp.o(.text)
    tcp_eff_send_mss                         0x08006103   Thumb Code    46  tcp.o(.text)
    tcp_next_iss                             0x08006131   Thumb Code    20  tcp.o(.text)
    tcp_connect                              0x08006145   Thumb Code   308  tcp.o(.text)
    tcp_setprio                              0x08006279   Thumb Code     4  tcp.o(.text)
    tcp_alloc                                0x080062ff   Thumb Code   172  tcp.o(.text)
    tcp_new                                  0x080063ab   Thumb Code    10  tcp.o(.text)
    tcp_arg                                  0x080063b5   Thumb Code     4  tcp.o(.text)
    tcp_recv                                 0x080063b9   Thumb Code     6  tcp.o(.text)
    tcp_sent                                 0x080063bf   Thumb Code     6  tcp.o(.text)
    tcp_err                                  0x080063c5   Thumb Code     6  tcp.o(.text)
    tcp_accept                               0x080063cb   Thumb Code     4  tcp.o(.text)
    tcp_poll                                 0x080063cf   Thumb Code    10  tcp.o(.text)
    tcp_debug_state_str                      0x080063d9   Thumb Code    10  tcp.o(.text)
    tcp_input                                0x08007209   Thumb Code  1118  tcp_in.o(.text)
    tcp_enqueue                              0x0800771f   Thumb Code  1014  tcp_out.o(.text)
    tcp_send_ctrl                            0x08007b15   Thumb Code    28  tcp_out.o(.text)
    tcp_write                                0x08007b31   Thumb Code    72  tcp_out.o(.text)
    tcp_send_empty_ack                       0x08007b79   Thumb Code    94  tcp_out.o(.text)
    tcp_output                               0x08007c99   Thumb Code   474  tcp_out.o(.text)
    tcp_rst                                  0x08007e73   Thumb Code   170  tcp_out.o(.text)
    tcp_rexmit_rto                           0x08007f1d   Thumb Code    58  tcp_out.o(.text)
    tcp_rexmit                               0x08007f57   Thumb Code    80  tcp_out.o(.text)
    tcp_rexmit_fast                          0x08007fa7   Thumb Code   130  tcp_out.o(.text)
    tcp_keepalive                            0x08008029   Thumb Code    82  tcp_out.o(.text)
    tcp_zero_window_probe                    0x0800807b   Thumb Code   168  tcp_out.o(.text)
    udp_input                                0x08008125   Thumb Code   452  udp.o(.text)
    udp_bind                                 0x080082e9   Thumb Code   106  udp.o(.text)
    udp_sendto_if                            0x08008353   Thumb Code   202  udp.o(.text)
    udp_sendto                               0x0800841d   Thumb Code    46  udp.o(.text)
    udp_send                                 0x0800844b   Thumb Code    20  udp.o(.text)
    udp_connect                              0x0800845f   Thumb Code    94  udp.o(.text)
    udp_disconnect                           0x080084bd   Thumb Code    28  udp.o(.text)
    udp_recv                                 0x080084d9   Thumb Code     6  udp.o(.text)
    udp_remove                               0x080084df   Thumb Code    60  udp.o(.text)
    udp_new                                  0x0800851b   Thumb Code    28  udp.o(.text)
    ethernetif_input                         0x080086a1   Thumb Code    44  ethernetif.o(.text)
    ethernetif_init                          0x080086cd   Thumb Code    38  ethernetif.o(.text)
    NVIC_PriorityGroupConfig                 0x08008721   Thumb Code    10  misc.o(.text)
    NVIC_Init                                0x0800872b   Thumb Code   106  misc.o(.text)
    NVIC_SetVectorTable                      0x08008795   Thumb Code    14  misc.o(.text)
    NVIC_SystemLPConfig                      0x080087a3   Thumb Code    34  misc.o(.text)
    SysTick_CLKSourceConfig                  0x080087c5   Thumb Code    40  misc.o(.text)
    GPIO_DeInit                              0x08008801   Thumb Code   268  stm32f4xx_gpio.o(.text)
    GPIO_Init                                0x0800890d   Thumb Code   144  stm32f4xx_gpio.o(.text)
    GPIO_StructInit                          0x0800899d   Thumb Code    18  stm32f4xx_gpio.o(.text)
    GPIO_PinLockConfig                       0x080089af   Thumb Code    34  stm32f4xx_gpio.o(.text)
    GPIO_ReadInputDataBit                    0x080089d1   Thumb Code    18  stm32f4xx_gpio.o(.text)
    GPIO_ReadInputData                       0x080089e3   Thumb Code     8  stm32f4xx_gpio.o(.text)
    GPIO_ReadOutputDataBit                   0x080089eb   Thumb Code    18  stm32f4xx_gpio.o(.text)
    GPIO_ReadOutputData                      0x080089fd   Thumb Code     8  stm32f4xx_gpio.o(.text)
    GPIO_SetBits                             0x08008a05   Thumb Code     4  stm32f4xx_gpio.o(.text)
    GPIO_ResetBits                           0x08008a09   Thumb Code     4  stm32f4xx_gpio.o(.text)
    GPIO_WriteBit                            0x08008a0d   Thumb Code    10  stm32f4xx_gpio.o(.text)
    GPIO_Write                               0x08008a17   Thumb Code     4  stm32f4xx_gpio.o(.text)
    GPIO_ToggleBits                          0x08008a1b   Thumb Code     8  stm32f4xx_gpio.o(.text)
    GPIO_PinAFConfig                         0x08008a23   Thumb Code    70  stm32f4xx_gpio.o(.text)
    FSMC_NORSRAMDeInit                       0x08008a95   Thumb Code    54  stm32f4xx_fsmc.o(.text)
    FSMC_NORSRAMInit                         0x08008acb   Thumb Code   230  stm32f4xx_fsmc.o(.text)
    FSMC_NORSRAMStructInit                   0x08008bb1   Thumb Code    48  stm32f4xx_fsmc.o(.text)
    FSMC_NORSRAMCmd                          0x08008be1   Thumb Code    46  stm32f4xx_fsmc.o(.text)
    FSMC_NANDDeInit                          0x08008c0f   Thumb Code    62  stm32f4xx_fsmc.o(.text)
    FSMC_NANDInit                            0x08008c4d   Thumb Code   132  stm32f4xx_fsmc.o(.text)
    FSMC_NANDStructInit                      0x08008cd1   Thumb Code    54  stm32f4xx_fsmc.o(.text)
    FSMC_NANDCmd                             0x08008d07   Thumb Code    86  stm32f4xx_fsmc.o(.text)
    FSMC_NANDECCCmd                          0x08008d5d   Thumb Code    86  stm32f4xx_fsmc.o(.text)
    FSMC_GetECC                              0x08008db3   Thumb Code    24  stm32f4xx_fsmc.o(.text)
    FSMC_PCCARDDeInit                        0x08008dcb   Thumb Code    36  stm32f4xx_fsmc.o(.text)
    FSMC_PCCARDInit                          0x08008def   Thumb Code   130  stm32f4xx_fsmc.o(.text)
    FSMC_PCCARDStructInit                    0x08008e71   Thumb Code    60  stm32f4xx_fsmc.o(.text)
    FSMC_PCCARDCmd                           0x08008ead   Thumb Code    44  stm32f4xx_fsmc.o(.text)
    FSMC_ITConfig                            0x08008ed9   Thumb Code   128  stm32f4xx_fsmc.o(.text)
    FSMC_GetFlagStatus                       0x08008f59   Thumb Code    54  stm32f4xx_fsmc.o(.text)
    FSMC_ClearFlag                           0x08008f8f   Thumb Code    74  stm32f4xx_fsmc.o(.text)
    FSMC_GetITStatus                         0x08008fd9   Thumb Code    62  stm32f4xx_fsmc.o(.text)
    FSMC_ClearITPendingBit                   0x08009017   Thumb Code    66  stm32f4xx_fsmc.o(.text)
    RCC_DeInit                               0x0800905d   Thumb Code    82  stm32f4xx_rcc.o(.text)
    RCC_HSEConfig                            0x080090af   Thumb Code    14  stm32f4xx_rcc.o(.text)
    RCC_GetFlagStatus                        0x080090bd   Thumb Code    60  stm32f4xx_rcc.o(.text)
    RCC_WaitForHSEStartUp                    0x080090f9   Thumb Code    56  stm32f4xx_rcc.o(.text)
    RCC_AdjustHSICalibrationValue            0x08009131   Thumb Code    20  stm32f4xx_rcc.o(.text)
    RCC_HSICmd                               0x08009145   Thumb Code     6  stm32f4xx_rcc.o(.text)
    RCC_LSEConfig                            0x0800914b   Thumb Code    46  stm32f4xx_rcc.o(.text)
    RCC_LSICmd                               0x08009179   Thumb Code     6  stm32f4xx_rcc.o(.text)
    RCC_PLLConfig                            0x0800917f   Thumb Code    32  stm32f4xx_rcc.o(.text)
    RCC_PLLCmd                               0x0800919f   Thumb Code     6  stm32f4xx_rcc.o(.text)
    RCC_PLLI2SConfig                         0x080091a5   Thumb Code    14  stm32f4xx_rcc.o(.text)
    RCC_PLLI2SCmd                            0x080091b3   Thumb Code     6  stm32f4xx_rcc.o(.text)
    RCC_PLLSAIConfig                         0x080091b9   Thumb Code    20  stm32f4xx_rcc.o(.text)
    RCC_PLLSAICmd                            0x080091cd   Thumb Code     6  stm32f4xx_rcc.o(.text)
    RCC_ClockSecuritySystemCmd               0x080091d3   Thumb Code     6  stm32f4xx_rcc.o(.text)
    RCC_MCO1Config                           0x080091d9   Thumb Code    28  stm32f4xx_rcc.o(.text)
    RCC_MCO2Config                           0x080091f5   Thumb Code    28  stm32f4xx_rcc.o(.text)
    RCC_SYSCLKConfig                         0x08009211   Thumb Code    20  stm32f4xx_rcc.o(.text)
    RCC_GetSYSCLKSource                      0x08009225   Thumb Code    12  stm32f4xx_rcc.o(.text)
    RCC_HCLKConfig                           0x08009231   Thumb Code    20  stm32f4xx_rcc.o(.text)
    RCC_PCLK1Config                          0x08009245   Thumb Code    20  stm32f4xx_rcc.o(.text)
    RCC_PCLK2Config                          0x08009259   Thumb Code    22  stm32f4xx_rcc.o(.text)
    RCC_GetClocksFreq                        0x0800926f   Thumb Code   222  stm32f4xx_rcc.o(.text)
    RCC_RTCCLKConfig                         0x0800934d   Thumb Code    54  stm32f4xx_rcc.o(.text)
    RCC_RTCCLKCmd                            0x08009383   Thumb Code     8  stm32f4xx_rcc.o(.text)
    RCC_BackupResetCmd                       0x0800938b   Thumb Code     8  stm32f4xx_rcc.o(.text)
    RCC_I2SCLKConfig                         0x08009393   Thumb Code     6  stm32f4xx_rcc.o(.text)
    RCC_SAIPLLI2SClkDivConfig                0x08009399   Thumb Code    26  stm32f4xx_rcc.o(.text)
    RCC_SAIPLLSAIClkDivConfig                0x080093b3   Thumb Code    28  stm32f4xx_rcc.o(.text)
    RCC_SAIBlockACLKConfig                   0x080093cf   Thumb Code    20  stm32f4xx_rcc.o(.text)
    RCC_SAIBlockBCLKConfig                   0x080093e3   Thumb Code    20  stm32f4xx_rcc.o(.text)
    RCC_LTDCCLKDivConfig                     0x080093f7   Thumb Code    20  stm32f4xx_rcc.o(.text)
    RCC_TIMCLKPresConfig                     0x0800940b   Thumb Code     6  stm32f4xx_rcc.o(.text)
    RCC_AHB1PeriphClockCmd                   0x08009411   Thumb Code    34  stm32f4xx_rcc.o(.text)
    RCC_AHB2PeriphClockCmd                   0x08009433   Thumb Code    78  stm32f4xx_rcc.o(.text)
    RCC_AHB3PeriphClockCmd                   0x08009481   Thumb Code    34  stm32f4xx_rcc.o(.text)
    RCC_APB1PeriphClockCmd                   0x080094a3   Thumb Code    34  stm32f4xx_rcc.o(.text)
    RCC_APB2PeriphClockCmd                   0x080094c5   Thumb Code    34  stm32f4xx_rcc.o(.text)
    RCC_AHB1PeriphResetCmd                   0x080094e7   Thumb Code    34  stm32f4xx_rcc.o(.text)
    RCC_AHB2PeriphResetCmd                   0x08009509   Thumb Code    34  stm32f4xx_rcc.o(.text)
    RCC_AHB3PeriphResetCmd                   0x0800952b   Thumb Code    34  stm32f4xx_rcc.o(.text)
    RCC_APB1PeriphResetCmd                   0x0800954d   Thumb Code    34  stm32f4xx_rcc.o(.text)
    RCC_APB2PeriphResetCmd                   0x0800956f   Thumb Code    34  stm32f4xx_rcc.o(.text)
    RCC_AHB1PeriphClockLPModeCmd             0x08009591   Thumb Code    34  stm32f4xx_rcc.o(.text)
    RCC_AHB2PeriphClockLPModeCmd             0x080095b3   Thumb Code    34  stm32f4xx_rcc.o(.text)
    RCC_AHB3PeriphClockLPModeCmd             0x080095d5   Thumb Code    34  stm32f4xx_rcc.o(.text)
    RCC_APB1PeriphClockLPModeCmd             0x080095f7   Thumb Code    34  stm32f4xx_rcc.o(.text)
    RCC_APB2PeriphClockLPModeCmd             0x08009619   Thumb Code    34  stm32f4xx_rcc.o(.text)
    RCC_LSEModeConfig                        0x0800963b   Thumb Code    40  stm32f4xx_rcc.o(.text)
    RCC_ITConfig                             0x08009663   Thumb Code    34  stm32f4xx_rcc.o(.text)
    RCC_ClearFlag                            0x08009685   Thumb Code    18  stm32f4xx_rcc.o(.text)
    RCC_GetITStatus                          0x08009697   Thumb Code    22  stm32f4xx_rcc.o(.text)
    RCC_ClearITPendingBit                    0x080096ad   Thumb Code     8  stm32f4xx_rcc.o(.text)
    SYSCFG_DeInit                            0x080096b9   Thumb Code    22  stm32f4xx_syscfg.o(.text)
    SYSCFG_MemoryRemapConfig                 0x080096cf   Thumb Code     6  stm32f4xx_syscfg.o(.text)
    SYSCFG_MemorySwappingBank                0x080096d5   Thumb Code     6  stm32f4xx_syscfg.o(.text)
    SYSCFG_EXTILineConfig                    0x080096db   Thumb Code    66  stm32f4xx_syscfg.o(.text)
    SYSCFG_ETH_MediaInterfaceConfig          0x0800971d   Thumb Code     8  stm32f4xx_syscfg.o(.text)
    SYSCFG_CompensationCellCmd               0x08009725   Thumb Code     6  stm32f4xx_syscfg.o(.text)
    SYSCFG_GetCompensationCellStatus         0x0800972b   Thumb Code    22  stm32f4xx_syscfg.o(.text)
    ETH_DeInit                               0x08009769   Thumb Code    22  stm32f4x7_eth.o(.text)
    ETH_StructInit                           0x0800977f   Thumb Code   178  stm32f4x7_eth.o(.text)
    ETH_WritePHYRegister                     0x08009831   Thumb Code    96  stm32f4x7_eth.o(.text)
    ETH_ReadPHYRegister                      0x08009891   Thumb Code    98  stm32f4x7_eth.o(.text)
    ETH_Init                                 0x080098f3   Thumb Code   638  stm32f4x7_eth.o(.text)
    ETH_DMAReceptionCmd                      0x08009b71   Thumb Code    30  stm32f4x7_eth.o(.text)
    ETH_DMATransmissionCmd                   0x08009b8f   Thumb Code    30  stm32f4x7_eth.o(.text)
    ETH_MACReceptionCmd                      0x08009bad   Thumb Code    30  stm32f4x7_eth.o(.text)
    ETH_FlushTransmitFIFO                    0x08009bcb   Thumb Code    14  stm32f4x7_eth.o(.text)
    ETH_MACTransmissionCmd                   0x08009bd9   Thumb Code    30  stm32f4x7_eth.o(.text)
    ETH_Start                                0x08009bf7   Thumb Code    32  stm32f4x7_eth.o(.text)
    ETH_GetFlowControlBusyStatus             0x08009c17   Thumb Code    66  stm32f4x7_eth.o(.text)
    ETH_InitiatePauseControlFrame            0x08009c59   Thumb Code    14  stm32f4x7_eth.o(.text)
    ETH_BackPressureActivationCmd            0x08009c67   Thumb Code    30  stm32f4x7_eth.o(.text)
    ETH_GetMACFlagStatus                     0x08009c85   Thumb Code    20  stm32f4x7_eth.o(.text)
    ETH_GetMACITStatus                       0x08009c99   Thumb Code    20  stm32f4x7_eth.o(.text)
    ETH_MACITConfig                          0x08009cad   Thumb Code    26  stm32f4x7_eth.o(.text)
    ETH_MACAddressConfig                     0x08009cc7   Thumb Code    46  stm32f4x7_eth.o(.text)
    ETH_GetMACAddress                        0x08009cf5   Thumb Code    36  stm32f4x7_eth.o(.text)
    ETH_MACAddressPerfectFilterCmd           0x08009d19   Thumb Code    38  stm32f4x7_eth.o(.text)
    ETH_MACAddressFilterConfig               0x08009d3f   Thumb Code    40  stm32f4x7_eth.o(.text)
    ETH_MACAddressMaskBytesFilterConfig      0x08009d67   Thumb Code    32  stm32f4x7_eth.o(.text)
    ETH_Get_Received_Frame                   0x08009d87   Thumb Code    82  stm32f4x7_eth.o(.text)
    ETH_Get_Received_Frame_interrupt         0x08009dd9   Thumb Code   268  stm32f4x7_eth.o(.text)
    ETH_Prepare_Transmit_Descriptors         0x08009ee5   Thumb Code   222  stm32f4x7_eth.o(.text)
    ETH_DMARxDescChainInit                   0x08009fc3   Thumb Code    82  stm32f4x7_eth.o(.text)
    ETH_CheckFrameReceived                   0x0800a015   Thumb Code   214  stm32f4x7_eth.o(.text)
    ETH_DMATxDescChainInit                   0x0800a0eb   Thumb Code    70  stm32f4x7_eth.o(.text)
    ETH_GetDMATxDescFlagStatus               0x0800a131   Thumb Code    18  stm32f4x7_eth.o(.text)
    ETH_GetDMATxDescCollisionCount           0x0800a143   Thumb Code    10  stm32f4x7_eth.o(.text)
    ETH_SetDMATxDescOwnBit                   0x0800a14d   Thumb Code    10  stm32f4x7_eth.o(.text)
    ETH_DMATxDescTransmitITConfig            0x0800a157   Thumb Code    22  stm32f4x7_eth.o(.text)
    ETH_DMATxDescFrameSegmentConfig          0x0800a16d   Thumb Code     8  stm32f4x7_eth.o(.text)
    ETH_DMATxDescChecksumInsertionConfig     0x0800a175   Thumb Code     8  stm32f4x7_eth.o(.text)
    ETH_DMATxDescCRCCmd                      0x0800a17d   Thumb Code    22  stm32f4x7_eth.o(.text)
    ETH_DMATxDescSecondAddressChainedCmd     0x0800a193   Thumb Code    22  stm32f4x7_eth.o(.text)
    ETH_DMATxDescShortFramePaddingCmd        0x0800a1a9   Thumb Code    22  stm32f4x7_eth.o(.text)
    ETH_DMATxDescBufferSizeConfig            0x0800a1bf   Thumb Code    14  stm32f4x7_eth.o(.text)
    ETH_GetDMARxDescFlagStatus               0x0800a1cd   Thumb Code    18  stm32f4x7_eth.o(.text)
    ETH_GetDMAPTPRxDescExtendedFlagStatus    0x0800a1df   Thumb Code    18  stm32f4x7_eth.o(.text)
    ETH_SetDMARxDescOwnBit                   0x0800a1f1   Thumb Code    10  stm32f4x7_eth.o(.text)
    ETH_GetDMARxDescFrameLength              0x0800a1fb   Thumb Code    10  stm32f4x7_eth.o(.text)
    ETH_DMARxDescReceiveITConfig             0x0800a205   Thumb Code    22  stm32f4x7_eth.o(.text)
    ETH_GetDMARxDescBufferSize               0x0800a21b   Thumb Code    20  stm32f4x7_eth.o(.text)
    ETH_GetRxPktSize                         0x0800a22f   Thumb Code    42  stm32f4x7_eth.o(.text)
    ETH_EnhancedDescriptorCmd                0x0800a259   Thumb Code    30  stm32f4x7_eth.o(.text)
    ETH_SoftwareReset                        0x0800a277   Thumb Code    14  stm32f4x7_eth.o(.text)
    ETH_GetSoftwareResetStatus               0x0800a285   Thumb Code    20  stm32f4x7_eth.o(.text)
    ETH_GetDMAFlagStatus                     0x0800a299   Thumb Code    20  stm32f4x7_eth.o(.text)
    ETH_DMAClearFlag                         0x0800a2ad   Thumb Code     6  stm32f4x7_eth.o(.text)
    ETH_DMAITConfig                          0x0800a2b3   Thumb Code    26  stm32f4x7_eth.o(.text)
    ETH_GetDMAITStatus                       0x0800a2cd   Thumb Code    20  stm32f4x7_eth.o(.text)
    ETH_DMAClearITPendingBit                 0x0800a2e1   Thumb Code     6  stm32f4x7_eth.o(.text)
    ETH_GetTransmitProcessState              0x0800a2e7   Thumb Code    10  stm32f4x7_eth.o(.text)
    ETH_GetReceiveProcessState               0x0800a2f1   Thumb Code    10  stm32f4x7_eth.o(.text)
    ETH_GetFlushTransmitFIFOStatus           0x0800a2fb   Thumb Code    20  stm32f4x7_eth.o(.text)
    ETH_GetDMAOverflowStatus                 0x0800a30f   Thumb Code    20  stm32f4x7_eth.o(.text)
    ETH_GetRxOverflowMissedFrameCounter      0x0800a323   Thumb Code    10  stm32f4x7_eth.o(.text)
    ETH_GetBufferUnavailableMissedFrameCounter 0x0800a32d   Thumb Code     8  stm32f4x7_eth.o(.text)
    ETH_GetCurrentTxDescStartAddress         0x0800a335   Thumb Code     6  stm32f4x7_eth.o(.text)
    ETH_GetCurrentRxDescStartAddress         0x0800a33b   Thumb Code     6  stm32f4x7_eth.o(.text)
    ETH_GetCurrentTxBufferAddress            0x0800a341   Thumb Code     6  stm32f4x7_eth.o(.text)
    ETH_GetCurrentRxBufferAddress            0x0800a347   Thumb Code     6  stm32f4x7_eth.o(.text)
    ETH_ResumeDMATransmission                0x0800a34d   Thumb Code     8  stm32f4x7_eth.o(.text)
    ETH_ResumeDMAReception                   0x0800a355   Thumb Code     8  stm32f4x7_eth.o(.text)
    ETH_SetReceiveWatchdogTimer              0x0800a35d   Thumb Code     6  stm32f4x7_eth.o(.text)
    ETH_PHYLoopBackCmd                       0x0800a363   Thumb Code    52  stm32f4x7_eth.o(.text)
    ETH_ResetWakeUpFrameFilterRegisterPointer 0x0800a397   Thumb Code    14  stm32f4x7_eth.o(.text)
    ETH_SetWakeUpFrameFilterRegister         0x0800a3a5   Thumb Code    24  stm32f4x7_eth.o(.text)
    ETH_GlobalUnicastWakeUpCmd               0x0800a3bd   Thumb Code    30  stm32f4x7_eth.o(.text)
    ETH_GetPMTFlagStatus                     0x0800a3db   Thumb Code    20  stm32f4x7_eth.o(.text)
    ETH_WakeUpFrameDetectionCmd              0x0800a3ef   Thumb Code    30  stm32f4x7_eth.o(.text)
    ETH_MagicPacketDetectionCmd              0x0800a40d   Thumb Code    30  stm32f4x7_eth.o(.text)
    ETH_PowerDownCmd                         0x0800a42b   Thumb Code    50  stm32f4x7_eth.o(.text)
    ETH_MMCCounterFullPreset                 0x0800a45d   Thumb Code    16  stm32f4x7_eth.o(.text)
    ETH_MMCCounterHalfPreset                 0x0800a46d   Thumb Code    30  stm32f4x7_eth.o(.text)
    ETH_MMCCounterFreezeCmd                  0x0800a48b   Thumb Code    34  stm32f4x7_eth.o(.text)
    ETH_MMCResetOnReadCmd                    0x0800a4ad   Thumb Code    34  stm32f4x7_eth.o(.text)
    ETH_MMCCounterRolloverCmd                0x0800a4cf   Thumb Code    34  stm32f4x7_eth.o(.text)
    ETH_MMCCountersReset                     0x0800a4f1   Thumb Code    16  stm32f4x7_eth.o(.text)
    ETH_MMCITConfig                          0x0800a501   Thumb Code    78  stm32f4x7_eth.o(.text)
    ETH_GetMMCITStatus                       0x0800a54f   Thumb Code    66  stm32f4x7_eth.o(.text)
    ETH_GetMMCRegister                       0x0800a591   Thumb Code     8  stm32f4x7_eth.o(.text)
    GPIO_group_OUT                           0x0800a5a1   Thumb Code   454  common.o(.text)
    GPIO_bits_OUT                            0x0800a767   Thumb Code    92  common.o(.text)
    delay_init                               0x0800a7c3   Thumb Code    42  common.o(.text)
    delay_us                                 0x0800a7ed   Thumb Code    72  common.o(.text)
    delay_xms                                0x0800a835   Thumb Code    72  common.o(.text)
    delay_ms                                 0x0800a87d   Thumb Code    56  common.o(.text)
    memcmp                                   0x0800a8bd   Thumb Code    88  memcmp.o(.text)
    __aeabi_memcpy                           0x0800a915   Thumb Code     0  rt_memcpy_v6.o(.text)
    __rt_memcpy                              0x0800a915   Thumb Code   138  rt_memcpy_v6.o(.text)
    _memcpy_lastbytes                        0x0800a97b   Thumb Code     0  rt_memcpy_v6.o(.text)
    __aeabi_memclr                           0x0800a99f   Thumb Code     0  rt_memclr.o(.text)
    __rt_memclr                              0x0800a99f   Thumb Code    68  rt_memclr.o(.text)
    _memset                                  0x0800a9a3   Thumb Code     0  rt_memclr.o(.text)
    __aeabi_memclr4                          0x0800a9e3   Thumb Code     0  rt_memclr_w.o(.text)
    __aeabi_memclr8                          0x0800a9e3   Thumb Code     0  rt_memclr_w.o(.text)
    __rt_memclr_w                            0x0800a9e3   Thumb Code    78  rt_memclr_w.o(.text)
    _memset_w                                0x0800a9e7   Thumb Code     0  rt_memclr_w.o(.text)
    __use_two_region_memory                  0x0800aa31   Thumb Code     2  heapauxi.o(.text)
    __rt_heap_escrow$2region                 0x0800aa33   Thumb Code     2  heapauxi.o(.text)
    __rt_heap_expand$2region                 0x0800aa35   Thumb Code     2  heapauxi.o(.text)
    __aeabi_memcpy4                          0x0800aa37   Thumb Code     0  rt_memcpy_w.o(.text)
    __aeabi_memcpy8                          0x0800aa37   Thumb Code     0  rt_memcpy_w.o(.text)
    __rt_memcpy_w                            0x0800aa37   Thumb Code   100  rt_memcpy_w.o(.text)
    _memcpy_lastbytes_aligned                0x0800aa7f   Thumb Code     0  rt_memcpy_w.o(.text)
    __user_setup_stackheap                   0x0800aa9b   Thumb Code    74  sys_stackheap_outer.o(.text)
    exit                                     0x0800aae5   Thumb Code    12  exit.o(.text)
    __user_libspace                          0x0800aaf1   Thumb Code     8  libspace.o(.text)
    __user_perproc_libspace                  0x0800aaf1   Thumb Code     0  libspace.o(.text)
    __user_perthread_libspace                0x0800aaf1   Thumb Code     0  libspace.o(.text)
    _sys_exit                                0x0800aaf9   Thumb Code     8  sys_exit.o(.text)
    __I$use$semihosting                      0x0800ab05   Thumb Code     0  use_no_semi.o(.text)
    __use_no_semihosting_swi                 0x0800ab05   Thumb Code     2  use_no_semi.o(.text)
    __semihosting_library_function           0x0800ab07   Thumb Code     0  indicate_semi.o(.text)
    _fp_init                                 0x0800ab07   Thumb Code    10  fpinit.o(x$fpl$fpinit)
    __fplib_config_fpu_vfp                   0x0800ab0f   Thumb Code     0  fpinit.o(x$fpl$fpinit)
    __fplib_config_pureend_doubles           0x0800ab0f   Thumb Code     0  fpinit.o(x$fpl$fpinit)
    char_1206                                0x0800ab10   Data        1140  lcd.o(.constdata)
    char_1608                                0x0800af84   Data        1520  lcd.o(.constdata)
    char_2412                                0x0800b574   Data        3420  lcd.o(.constdata)
    ip_addr_any                              0x0800c2d0   Data           4  ip_addr.o(.constdata)
    ip_addr_broadcast                        0x0800c2d4   Data           4  ip_addr.o(.constdata)
    ethbroadcast                             0x0800c2d8   Data           6  etharp.o(.constdata)
    ethzero                                  0x0800c2de   Data           6  etharp.o(.constdata)
    tcp_backoff                              0x0800c308   Data          13  tcp.o(.constdata)
    tcp_persist_backoff                      0x0800c315   Data           7  tcp.o(.constdata)
    FSMC_DefaultTimingStruct                 0x0800c31c   Data          28  stm32f4xx_fsmc.o(.constdata)
    Region$$Table$$Base                      0x0800c3b0   Number         0  anon$$obj.o(Region$$Table)
    Region$$Table$$Limit                     0x0800c3d0   Number         0  anon$$obj.o(Region$$Table)
    tcp_data                                 0x20000000   Data          17  main.o(.data)
    pcb                                      0x20000014   Data           4  main.o(.data)
    LocalTime                                0x20000018   Data           4  main.o(.data)
    timingdelay                              0x2000001c   Data           4  main.o(.data)
    SystemCoreClock                          0x20000020   Data           4  system_stm32f4xx.o(.data)
    AHBPrescTable                            0x20000024   Data          16  system_stm32f4xx.o(.data)
    BRUSH_COLOR                              0x20000034   Data           2  lcd.o(.data)
    BACK_COLOR                               0x20000036   Data           2  lcd.o(.data)
    lcd_id                                   0x20000038   Data           2  lcd.o(.data)
    dir_flag                                 0x2000003a   Data           1  lcd.o(.data)
    lcd_width                                0x2000003c   Data           2  lcd.o(.data)
    lcd_height                               0x2000003e   Data           2  lcd.o(.data)
    write_gramcmd                            0x20000040   Data           2  lcd.o(.data)
    setxcmd                                  0x20000042   Data           2  lcd.o(.data)
    setycmd                                  0x20000044   Data           2  lcd.o(.data)
    keydown_data                             0x20000046   Data           1  key.o(.data)
    keyup_data                               0x20000047   Data           1  key.o(.data)
    key_time                                 0x20000048   Data           2  key.o(.data)
    key_tem                                  0x2000004a   Data           1  key.o(.data)
    key_bak                                  0x2000004b   Data           1  key.o(.data)
    TCPTimer                                 0x2000004c   Data           4  netconf.o(.data)
    ARPTimer                                 0x20000050   Data           4  netconf.o(.data)
    IPaddress                                0x20000054   Data           4  netconf.o(.data)
    tcp_client_pcb                           0x20000058   Data           4  tcp_client.o(.data)
    connect_flag                             0x2000005c   Data           1  tcp_client.o(.data)
    current_netif                            0x20000060   Data           4  ip.o(.data)
    current_header                           0x20000064   Data           4  ip.o(.data)
    netif_list                               0x20000088   Data           4  netif.o(.data)
    netif_default                            0x2000008c   Data           4  netif.o(.data)
    tcp_state_str                            0x20000098   Data          44  tcp.o(.data)
    tcp_ticks                                0x200000c4   Data           4  tcp.o(.data)
    tcp_bound_pcbs                           0x200000c8   Data           4  tcp.o(.data)
    tcp_listen_pcbs                          0x200000cc   Data           4  tcp.o(.data)
    tcp_active_pcbs                          0x200000d0   Data           4  tcp.o(.data)
    tcp_tw_pcbs                              0x200000d4   Data           4  tcp.o(.data)
    tcp_tmp_pcb                              0x200000d8   Data           4  tcp.o(.data)
    tcp_input_pcb                            0x20000100   Data           4  tcp_in.o(.data)
    udp_pcbs                                 0x20000104   Data           4  udp.o(.data)
    DMATxDescToSet                           0x20000118   Data           4  stm32f4x7_eth.o(.data)
    DMARxDescToGet                           0x2000011c   Data           4  stm32f4x7_eth.o(.data)
    DMA_RX_FRAME_infos                       0x20000120   Data           4  stm32f4x7_eth.o(.data)
    Frame_Rx_index                           0x20000124   Data           4  stm32f4x7_eth.o(.data)
    netif                                    0x2000012c   Data          56  netconf.o(.bss)
    DMARxDscrTab                             0x2000547c   Data         128  stm32f4x7_eth.o(.bss)
    DMATxDscrTab                             0x200054fc   Data          64  stm32f4x7_eth.o(.bss)
    Rx_Buff                                  0x2000553c   Data        6096  stm32f4x7_eth.o(.bss)
    Tx_Buff                                  0x20006d0c   Data        3048  stm32f4x7_eth.o(.bss)
    RX_Frame_Descriptor                      0x200078f4   Data          12  stm32f4x7_eth.o(.bss)
    __libspace_start                         0x20007900   Data          96  libspace.o(.bss)
    __temporary_stack_top$libspace           0x20007960   Data           0  libspace.o(.bss)



==============================================================================

Memory Map of the image

  Image Entry point : 0x08000189

  Load Region LR_IROM1 (Base: 0x08000000, Size: 0x0000c4fc, Max: 0x00100000, ABSOLUTE, COMPRESSED[0x0000c428])

    Execution Region ER_IROM1 (Base: 0x08000000, Size: 0x0000c3d0, Max: 0x00100000, ABSOLUTE)

    Base Addr    Size         Type   Attr      Idx    E Section Name        Object

    0x08000000   0x00000188   Data   RO          289    RESET               startup_stm32f40_41xxx.o
    0x08000188   0x00000008   Code   RO         1149  * !!!main             c_w.l(__main.o)
    0x08000190   0x00000034   Code   RO         1307    !!!scatter          c_w.l(__scatter.o)
    0x080001c4   0x0000005a   Code   RO         1305    !!dczerorl2         c_w.l(__dczerorl2.o)
    0x0800021e   0x00000002   PAD
    0x08000220   0x0000001c   Code   RO         1309    !!handler_zi        c_w.l(__scatter_zi.o)
    0x0800023c   0x00000002   Code   RO         1178    .ARM.Collect$$libinit$$00000000  c_w.l(libinit.o)
    0x0800023e   0x00000004   Code   RO         1184    .ARM.Collect$$libinit$$00000001  c_w.l(libinit2.o)
    0x08000242   0x00000000   Code   RO         1188    .ARM.Collect$$libinit$$00000008  c_w.l(libinit2.o)
    0x08000242   0x00000000   Code   RO         1190    .ARM.Collect$$libinit$$0000000A  c_w.l(libinit2.o)
    0x08000242   0x00000000   Code   RO         1192    .ARM.Collect$$libinit$$0000000C  c_w.l(libinit2.o)
    0x08000242   0x00000000   Code   RO         1195    .ARM.Collect$$libinit$$0000000F  c_w.l(libinit2.o)
    0x08000242   0x00000000   Code   RO         1197    .ARM.Collect$$libinit$$00000011  c_w.l(libinit2.o)
    0x08000242   0x00000000   Code   RO         1199    .ARM.Collect$$libinit$$00000013  c_w.l(libinit2.o)
    0x08000242   0x00000000   Code   RO         1201    .ARM.Collect$$libinit$$00000015  c_w.l(libinit2.o)
    0x08000242   0x00000000   Code   RO         1203    .ARM.Collect$$libinit$$00000017  c_w.l(libinit2.o)
    0x08000242   0x00000000   Code   RO         1205    .ARM.Collect$$libinit$$00000019  c_w.l(libinit2.o)
    0x08000242   0x00000000   Code   RO         1207    .ARM.Collect$$libinit$$0000001B  c_w.l(libinit2.o)
    0x08000242   0x00000000   Code   RO         1209    .ARM.Collect$$libinit$$0000001D  c_w.l(libinit2.o)
    0x08000242   0x00000000   Code   RO         1211    .ARM.Collect$$libinit$$0000001F  c_w.l(libinit2.o)
    0x08000242   0x00000000   Code   RO         1213    .ARM.Collect$$libinit$$00000021  c_w.l(libinit2.o)
    0x08000242   0x00000000   Code   RO         1215    .ARM.Collect$$libinit$$00000023  c_w.l(libinit2.o)
    0x08000242   0x00000000   Code   RO         1219    .ARM.Collect$$libinit$$0000002A  c_w.l(libinit2.o)
    0x08000242   0x00000000   Code   RO         1221    .ARM.Collect$$libinit$$0000002C  c_w.l(libinit2.o)
    0x08000242   0x00000000   Code   RO         1223    .ARM.Collect$$libinit$$0000002E  c_w.l(libinit2.o)
    0x08000242   0x00000000   Code   RO         1225    .ARM.Collect$$libinit$$00000030  c_w.l(libinit2.o)
    0x08000242   0x00000002   Code   RO         1226    .ARM.Collect$$libinit$$00000031  c_w.l(libinit2.o)
    0x08000244   0x00000002   Code   RO         1246    .ARM.Collect$$libshutdown$$00000000  c_w.l(libshutdown.o)
    0x08000246   0x00000000   Code   RO         1260    .ARM.Collect$$libshutdown$$00000003  c_w.l(libshutdown2.o)
    0x08000246   0x00000000   Code   RO         1263    .ARM.Collect$$libshutdown$$00000006  c_w.l(libshutdown2.o)
    0x08000246   0x00000000   Code   RO         1266    .ARM.Collect$$libshutdown$$00000009  c_w.l(libshutdown2.o)
    0x08000246   0x00000000   Code   RO         1268    .ARM.Collect$$libshutdown$$0000000B  c_w.l(libshutdown2.o)
    0x08000246   0x00000000   Code   RO         1271    .ARM.Collect$$libshutdown$$0000000E  c_w.l(libshutdown2.o)
    0x08000246   0x00000002   Code   RO         1272    .ARM.Collect$$libshutdown$$0000000F  c_w.l(libshutdown2.o)
    0x08000248   0x00000000   Code   RO         1151    .ARM.Collect$$rtentry$$00000000  c_w.l(rtentry.o)
    0x08000248   0x00000000   Code   RO         1155    .ARM.Collect$$rtentry$$00000002  c_w.l(rtentry2.o)
    0x08000248   0x00000006   Code   RO         1167    .ARM.Collect$$rtentry$$00000004  c_w.l(rtentry4.o)
    0x0800024e   0x00000000   Code   RO         1157    .ARM.Collect$$rtentry$$00000009  c_w.l(rtentry2.o)
    0x0800024e   0x00000004   Code   RO         1158    .ARM.Collect$$rtentry$$0000000A  c_w.l(rtentry2.o)
    0x08000252   0x00000000   Code   RO         1160    .ARM.Collect$$rtentry$$0000000C  c_w.l(rtentry2.o)
    0x08000252   0x00000008   Code   RO         1161    .ARM.Collect$$rtentry$$0000000D  c_w.l(rtentry2.o)
    0x0800025a   0x00000002   Code   RO         1182    .ARM.Collect$$rtexit$$00000000  c_w.l(rtexit.o)
    0x0800025c   0x00000000   Code   RO         1228    .ARM.Collect$$rtexit$$00000002  c_w.l(rtexit2.o)
    0x0800025c   0x00000004   Code   RO         1229    .ARM.Collect$$rtexit$$00000003  c_w.l(rtexit2.o)
    0x08000260   0x00000006   Code   RO         1230    .ARM.Collect$$rtexit$$00000004  c_w.l(rtexit2.o)
    0x08000266   0x00000002   PAD
    0x08000268   0x00000198   Code   RO            3    .text               main.o
    0x08000400   0x00000042   Code   RO          233    .text               stm32f4xx_it.o
    0x08000442   0x00000002   PAD
    0x08000444   0x00000210   Code   RO          263    .text               system_stm32f4xx.o
    0x08000654   0x00000040   Code   RO          290    .text               startup_stm32f40_41xxx.o
    0x08000694   0x000012e0   Code   RO          296    .text               lcd.o
    0x08001974   0x00000058   Code   RO          326    .text               led.o
    0x080019cc   0x00000108   Code   RO          346    .text               key.o
    0x08001ad4   0x000001e8   Code   RO          372    .text               stm32f4x7_eth_bsp.o
    0x08001cbc   0x000000e8   Code   RO          396    .text               netconf.o
    0x08001da4   0x00000140   Code   RO          444    .text               tcp_client.o
    0x08001ee4   0x000003c0   Code   RO          519    .text               autoip.o
    0x080022a4   0x00000200   Code   RO          545    .text               icmp.o
    0x080024a4   0x0000021c   Code   RO          572    .text               inet.o
    0x080026c0   0x00000156   Code   RO          585    .text               inet_chksum.o
    0x08002816   0x00000002   PAD
    0x08002818   0x00000344   Code   RO          604    .text               ip.o
    0x08002b5c   0x0000004e   Code   RO          634    .text               ip_addr.o
    0x08002baa   0x00000002   PAD
    0x08002bac   0x000005ec   Code   RO          656    .text               ip_frag.o
    0x08003198   0x00000968   Code   RO          674    .text               etharp.o
    0x08003b00   0x00000ff8   Code   RO          708    .text               dhcp.o
    0x08004af8   0x0000034c   Code   RO          754    .text               mem.o
    0x08004e44   0x000000a8   Code   RO          769    .text               memp.o
    0x08004eec   0x00000208   Code   RO          796    .text               netif.o
    0x080050f4   0x0000059c   Code   RO          818    .text               pbuf.o
    0x08005690   0x000001a0   Code   RO          830    .text               raw.o
    0x08005830   0x00000bd0   Code   RO          856    .text               tcp.o
    0x08006400   0x00001294   Code   RO          877    .text               tcp_in.o
    0x08007694   0x00000a8e   Code   RO          897    .text               tcp_out.o
    0x08008122   0x00000002   PAD
    0x08008124   0x0000041c   Code   RO          909    .text               udp.o
    0x08008540   0x000001e0   Code   RO          940    .text               ethernetif.o
    0x08008720   0x000000e0   Code   RO          961    .text               misc.o
    0x08008800   0x00000294   Code   RO          981    .text               stm32f4xx_gpio.o
    0x08008a94   0x000005c8   Code   RO         1001    .text               stm32f4xx_fsmc.o
    0x0800905c   0x0000065c   Code   RO         1024    .text               stm32f4xx_rcc.o
    0x080096b8   0x00000094   Code   RO         1066    .text               stm32f4xx_syscfg.o
    0x0800974c   0x00000e54   Code   RO         1086    .text               stm32f4x7_eth.o
    0x0800a5a0   0x0000031c   Code   RO         1114    .text               common.o
    0x0800a8bc   0x00000058   Code   RO         1139    .text               c_w.l(memcmp.o)
    0x0800a914   0x0000008a   Code   RO         1141    .text               c_w.l(rt_memcpy_v6.o)
    0x0800a99e   0x00000044   Code   RO         1143    .text               c_w.l(rt_memclr.o)
    0x0800a9e2   0x0000004e   Code   RO         1145    .text               c_w.l(rt_memclr_w.o)
    0x0800aa30   0x00000006   Code   RO         1147    .text               c_w.l(heapauxi.o)
    0x0800aa36   0x00000064   Code   RO         1152    .text               c_w.l(rt_memcpy_w.o)
    0x0800aa9a   0x0000004a   Code   RO         1169    .text               c_w.l(sys_stackheap_outer.o)
    0x0800aae4   0x0000000c   Code   RO         1171    .text               c_w.l(exit.o)
    0x0800aaf0   0x00000008   Code   RO         1179    .text               c_w.l(libspace.o)
    0x0800aaf8   0x0000000c   Code   RO         1238    .text               c_w.l(sys_exit.o)
    0x0800ab04   0x00000002   Code   RO         1249    .text               c_w.l(use_no_semi.o)
    0x0800ab06   0x00000000   Code   RO         1251    .text               c_w.l(indicate_semi.o)
    0x0800ab06   0x0000000a   Code   RO         1236    x$fpl$fpinit        fz_wm.l(fpinit.o)
    0x0800ab10   0x000017c0   Data   RO          297    .constdata          lcd.o
    0x0800c2d0   0x00000008   Data   RO          635    .constdata          ip_addr.o
    0x0800c2d8   0x0000000c   Data   RO          676    .constdata          etharp.o
    0x0800c2e4   0x00000024   Data   RO          771    .constdata          memp.o
    0x0800c308   0x00000014   Data   RO          857    .constdata          tcp.o
    0x0800c31c   0x0000001c   Data   RO         1002    .constdata          stm32f4xx_fsmc.o
    0x0800c338   0x00000075   Data   RO          858    .conststring        tcp.o
    0x0800c3ad   0x00000003   PAD
    0x0800c3b0   0x00000020   Data   RO         1303    Region$$Table       anon$$obj.o


    Execution Region RW_IRAM1 (Base: 0x20000000, Size: 0x00007f60, Max: 0x00020000, ABSOLUTE, COMPRESSED[0x00000058])

    Base Addr    Size         Type   Attr      Idx    E Section Name        Object

    0x20000000   0x00000020   Data   RW            4    .data               main.o
    0x20000020   0x00000014   Data   RW          264    .data               system_stm32f4xx.o
    0x20000034   0x00000012   Data   RW          298    .data               lcd.o
    0x20000046   0x00000006   Data   RW          347    .data               key.o
    0x2000004c   0x0000000c   Data   RW          398    .data               netconf.o
    0x20000058   0x00000005   Data   RW          445    .data               tcp_client.o
    0x2000005d   0x00000003   PAD
    0x20000060   0x0000000a   Data   RW          605    .data               ip.o
    0x2000006a   0x00000002   PAD
    0x2000006c   0x00000006   Data   RW          658    .data               ip_frag.o
    0x20000072   0x00000001   Data   RW          677    .data               etharp.o
    0x20000073   0x00000001   PAD
    0x20000074   0x00000004   Data   RW          709    .data               dhcp.o
    0x20000078   0x0000000d   Data   RW          756    .data               mem.o
    0x20000085   0x00000003   PAD
    0x20000088   0x00000009   Data   RW          797    .data               netif.o
    0x20000091   0x00000003   PAD
    0x20000094   0x00000004   Data   RW          831    .data               raw.o
    0x20000098   0x0000004c   Data   RW          859    .data               tcp.o
    0x200000e4   0x00000020   Data   RW          879    .data               tcp_in.o
    0x20000104   0x00000004   Data   RW          910    .data               udp.o
    0x20000108   0x00000010   Data   RW         1025    .data               stm32f4xx_rcc.o
    0x20000118   0x00000010   Data   RW         1088    .data               stm32f4x7_eth.o
    0x20000128   0x00000004   Data   RW         1115    .data               common.o
    0x2000012c   0x00000038   Zero   RW          397    .bss                netconf.o
    0x20000164   0x00000010   Zero   RW          573    .bss                inet.o
    0x20000174   0x000005e0   Zero   RW          657    .bss                ip_frag.o
    0x20000754   0x000000c8   Zero   RW          675    .bss                etharp.o
    0x2000081c   0x00002814   Zero   RW          755    .bss                mem.o
    0x20003030   0x00002437   Zero   RW          770    .bss                memp.o
    0x20005467   0x00000001   PAD
    0x20005468   0x00000014   Zero   RW          878    .bss                tcp_in.o
    0x2000547c   0x00002484   Zero   RW         1087    .bss                stm32f4x7_eth.o
    0x20007900   0x00000060   Zero   RW         1180    .bss                c_w.l(libspace.o)
    0x20007960   0x00000200   Zero   RW          288    HEAP                startup_stm32f40_41xxx.o
    0x20007b60   0x00000400   Zero   RW          287    STACK               startup_stm32f40_41xxx.o


==============================================================================

Image component sizes


      Code (inc. data)   RO Data    RW Data    ZI Data      Debug   Object Name

       960         34          0          0          0       6865   autoip.o
       796         40          0          4          0       2866   common.o
      4088         48          0          4          0      11541   dhcp.o
      2408         22         12          1        200      13584   etharp.o
       480         46          0          0          0       3224   ethernetif.o
       512          0          0          0          0       2690   icmp.o
       540         12          0          0         16       3456   inet.o
       342          0          0          0          0       5466   inet_chksum.o
       836         22          0         10          0       6882   ip.o
        78          0          8          0          0       5905   ip_addr.o
      1516         18          0          6       1504       6716   ip_frag.o
       264         28          0          6          0       1431   key.o
      4832        170       6080         18          0      12621   lcd.o
        88          8          0          0          0        635   led.o
       408        172          0         32          0     325593   main.o
       844         22          0         13      10260       4098   mem.o
       168         18         36          0       9271       2590   memp.o
       224         20          0          0          0       2061   misc.o
       232         22          0         12         56       9660   netconf.o
       520         22          0          9          0       5872   netif.o
      1436          0          0          0          0       5936   pbuf.o
       416          4          0          4          0       3681   raw.o
        64         26        392          0       1536        904   startup_stm32f40_41xxx.o
      3668         98          0         16       9348      20180   stm32f4x7_eth.o
       488         24          0          0          0      28064   stm32f4x7_eth_bsp.o
      1480         18         28          0          0       5970   stm32f4xx_fsmc.o
       660         44          0          0          0       4337   stm32f4xx_gpio.o
        66          0          0          0          0       1722   stm32f4xx_it.o
      1628         52          0         16          0      13236   stm32f4xx_rcc.o
       148         12          0          0          0       1961   stm32f4xx_syscfg.o
       528         46          0         20          0       2191   system_stm32f4xx.o
      3024        114        137         76          0      18324   tcp.o
       320         18          0          5          0       2513   tcp_client.o
      4756        214          0         32         20      13512   tcp_in.o
      2702         12          0          0          0       7034   tcp_out.o
      1052         10          0          4          0      14063   udp.o

    ----------------------------------------------------------------------
     42580       1416       6728        300      32212     577384   Object Totals
         0          0         32          0          0          0   (incl. Generated)
         8          0          3         12          1          0   (incl. Padding)

    ----------------------------------------------------------------------

      Code (inc. data)   RO Data    RW Data    ZI Data      Debug   Library Member Name

        90          0          0          0          0          0   __dczerorl2.o
         8          0          0          0          0         68   __main.o
        52          8          0          0          0          0   __scatter.o
        28          0          0          0          0          0   __scatter_zi.o
        12          0          0          0          0         72   exit.o
         6          0          0          0          0        152   heapauxi.o
         0          0          0          0          0          0   indicate_semi.o
         2          0          0          0          0          0   libinit.o
         6          0          0          0          0          0   libinit2.o
         2          0          0          0          0          0   libshutdown.o
         2          0          0          0          0          0   libshutdown2.o
         8          4          0          0         96         68   libspace.o
        88          0          0          0          0         76   memcmp.o
        68          0          0          0          0         68   rt_memclr.o
        78          0          0          0          0         80   rt_memclr_w.o
       138          0          0          0          0         68   rt_memcpy_v6.o
       100          0          0          0          0         80   rt_memcpy_w.o
         0          0          0          0          0          0   rtentry.o
        12          0          0          0          0          0   rtentry2.o
         6          0          0          0          0          0   rtentry4.o
         2          0          0          0          0          0   rtexit.o
        10          0          0          0          0          0   rtexit2.o
        12          4          0          0          0         68   sys_exit.o
        74          0          0          0          0         80   sys_stackheap_outer.o
         2          0          0          0          0         68   use_no_semi.o
        10          0          0          0          0        116   fpinit.o

    ----------------------------------------------------------------------
       820         16          0          0         96       1064   Library Totals
         4          0          0          0          0          0   (incl. Padding)

    ----------------------------------------------------------------------

      Code (inc. data)   RO Data    RW Data    ZI Data      Debug   Library Name

       806         16          0          0         96        948   c_w.l
        10          0          0          0          0        116   fz_wm.l

    ----------------------------------------------------------------------
       820         16          0          0         96       1064   Library Totals

    ----------------------------------------------------------------------

==============================================================================


      Code (inc. data)   RO Data    RW Data    ZI Data      Debug   

     43400       1432       6728        300      32308     570832   Grand Totals
     43400       1432       6728         88      32308     570832   ELF Image Totals (compressed)
     43400       1432       6728         88          0          0   ROM Totals

==============================================================================

    Total RO  Size (Code + RO Data)                50128 (  48.95kB)
    Total RW  Size (RW Data + ZI Data)             32608 (  31.84kB)
    Total ROM Size (Code + RO Data + RW Data)      50216 (  49.04kB)

==============================================================================

