<html>
<body>
<pre>
<h1>礦ision Build Log</h1>
<h2>Project:</h2>
E:\核心开发板资料\STM32F407资料\程序源码\2  蜂鸣器使用\Project\BEEP.uvproj
Project File Date:  06/07/2015

<h2>Output:</h2>
Rebuild target 'Target 1'
compiling main.c...
compiling stm32f4xx_it.c...
assembling startup_stm32f40_41xxx.s...
compiling system_stm32f4xx.c...
compiling beep.c...
compiling led.c...
compiling misc.c...
compiling stm32f4xx_gpio.c...
compiling stm32f4xx_rcc.c...
compiling common.c...
linking...
Program Size: Code=4400 RO-data=424 RW-data=40 ZI-data=1632  
FromELF: creating hex file...
".\OBJ\BEEP.axf" - 0 Error(s), 0 Warning(s).
</pre>
</body>
</html>
