<!doctype html public "-//w3c//dtd html 4.0 transitional//en">
<html><head>
<title>Static Call Graph - [.\OBJ\HanZi.axf]</title></head>
<body><HR>
<H1>Static Call Graph for image .\OBJ\HanZi.axf</H1><HR>
<BR><P>#&#060CALLGRAPH&#062# ARM Linker, 5040049: Last Updated: Sat Oct 07 16:42:59 2017
<BR><P>
<H3>Maximum Stack Usage =        672 bytes + Unknown(Functions without stacksize, Cycles, Untraceable Function Pointers)</H3><H3>
Call chain for Maximum Stack Depth:</H3>
__rt_entry_main &rArr; main &rArr; update_hzfont &rArr; updata_fontx &rArr; f_open &rArr; dir_register &rArr; dir_find &rArr; dir_next &rArr; create_chain &rArr; put_fat &rArr; move_window &rArr; sync_window &rArr; disk_write &rArr; SD_WriteSDisk &rArr; SD_WriteBlock &rArr; SD_Init &rArr; SD_EnableWideBusOperation &rArr; SDEnWideBus &rArr; FindSCR &rArr; CmdResp1Error
<P>
<H3>
Functions with no stack information
</H3><UL>
 <LI><a href="#[148]">__user_initial_stackheap</a>
</UL>
</UL>
<P>
<H3>
Mutually Recursive functions
</H3> <LI><a href="#[1f]">ADC_IRQHandler</a>&nbsp;&nbsp;&nbsp;&rArr;&nbsp;&nbsp;&nbsp;<a href="#[1f]">ADC_IRQHandler</a><BR>
</UL>
<P>
<H3>
Function Pointers
</H3><UL>
 <LI><a href="#[1f]">ADC_IRQHandler</a> from startup_stm32f40_41xxx.o(.text) referenced from startup_stm32f40_41xxx.o(RESET)
 <LI><a href="#[7]">BusFault_Handler</a> from stm32f4xx_it.o(.text) referenced from startup_stm32f40_41xxx.o(RESET)
 <LI><a href="#[21]">CAN1_RX0_IRQHandler</a> from startup_stm32f40_41xxx.o(.text) referenced from startup_stm32f40_41xxx.o(RESET)
 <LI><a href="#[22]">CAN1_RX1_IRQHandler</a> from startup_stm32f40_41xxx.o(.text) referenced from startup_stm32f40_41xxx.o(RESET)
 <LI><a href="#[23]">CAN1_SCE_IRQHandler</a> from startup_stm32f40_41xxx.o(.text) referenced from startup_stm32f40_41xxx.o(RESET)
 <LI><a href="#[20]">CAN1_TX_IRQHandler</a> from startup_stm32f40_41xxx.o(.text) referenced from startup_stm32f40_41xxx.o(RESET)
 <LI><a href="#[4d]">CAN2_RX0_IRQHandler</a> from startup_stm32f40_41xxx.o(.text) referenced from startup_stm32f40_41xxx.o(RESET)
 <LI><a href="#[4e]">CAN2_RX1_IRQHandler</a> from startup_stm32f40_41xxx.o(.text) referenced from startup_stm32f40_41xxx.o(RESET)
 <LI><a href="#[4f]">CAN2_SCE_IRQHandler</a> from startup_stm32f40_41xxx.o(.text) referenced from startup_stm32f40_41xxx.o(RESET)
 <LI><a href="#[4c]">CAN2_TX_IRQHandler</a> from startup_stm32f40_41xxx.o(.text) referenced from startup_stm32f40_41xxx.o(RESET)
 <LI><a href="#[5c]">CRYP_IRQHandler</a> from startup_stm32f40_41xxx.o(.text) referenced from startup_stm32f40_41xxx.o(RESET)
 <LI><a href="#[5b]">DCMI_IRQHandler</a> from startup_stm32f40_41xxx.o(.text) referenced from startup_stm32f40_41xxx.o(RESET)
 <LI><a href="#[18]">DMA1_Stream0_IRQHandler</a> from startup_stm32f40_41xxx.o(.text) referenced from startup_stm32f40_41xxx.o(RESET)
 <LI><a href="#[19]">DMA1_Stream1_IRQHandler</a> from startup_stm32f40_41xxx.o(.text) referenced from startup_stm32f40_41xxx.o(RESET)
 <LI><a href="#[1a]">DMA1_Stream2_IRQHandler</a> from startup_stm32f40_41xxx.o(.text) referenced from startup_stm32f40_41xxx.o(RESET)
 <LI><a href="#[1b]">DMA1_Stream3_IRQHandler</a> from startup_stm32f40_41xxx.o(.text) referenced from startup_stm32f40_41xxx.o(RESET)
 <LI><a href="#[1c]">DMA1_Stream4_IRQHandler</a> from startup_stm32f40_41xxx.o(.text) referenced from startup_stm32f40_41xxx.o(RESET)
 <LI><a href="#[1d]">DMA1_Stream5_IRQHandler</a> from startup_stm32f40_41xxx.o(.text) referenced from startup_stm32f40_41xxx.o(RESET)
 <LI><a href="#[1e]">DMA1_Stream6_IRQHandler</a> from startup_stm32f40_41xxx.o(.text) referenced from startup_stm32f40_41xxx.o(RESET)
 <LI><a href="#[3c]">DMA1_Stream7_IRQHandler</a> from startup_stm32f40_41xxx.o(.text) referenced from startup_stm32f40_41xxx.o(RESET)
 <LI><a href="#[45]">DMA2_Stream0_IRQHandler</a> from startup_stm32f40_41xxx.o(.text) referenced from startup_stm32f40_41xxx.o(RESET)
 <LI><a href="#[46]">DMA2_Stream1_IRQHandler</a> from startup_stm32f40_41xxx.o(.text) referenced from startup_stm32f40_41xxx.o(RESET)
 <LI><a href="#[47]">DMA2_Stream2_IRQHandler</a> from startup_stm32f40_41xxx.o(.text) referenced from startup_stm32f40_41xxx.o(RESET)
 <LI><a href="#[48]">DMA2_Stream3_IRQHandler</a> from startup_stm32f40_41xxx.o(.text) referenced from startup_stm32f40_41xxx.o(RESET)
 <LI><a href="#[49]">DMA2_Stream4_IRQHandler</a> from startup_stm32f40_41xxx.o(.text) referenced from startup_stm32f40_41xxx.o(RESET)
 <LI><a href="#[51]">DMA2_Stream5_IRQHandler</a> from startup_stm32f40_41xxx.o(.text) referenced from startup_stm32f40_41xxx.o(RESET)
 <LI><a href="#[52]">DMA2_Stream6_IRQHandler</a> from startup_stm32f40_41xxx.o(.text) referenced from startup_stm32f40_41xxx.o(RESET)
 <LI><a href="#[53]">DMA2_Stream7_IRQHandler</a> from startup_stm32f40_41xxx.o(.text) referenced from startup_stm32f40_41xxx.o(RESET)
 <LI><a href="#[a]">DebugMon_Handler</a> from stm32f4xx_it.o(.text) referenced from startup_stm32f40_41xxx.o(RESET)
 <LI><a href="#[4a]">ETH_IRQHandler</a> from startup_stm32f40_41xxx.o(.text) referenced from startup_stm32f40_41xxx.o(RESET)
 <LI><a href="#[4b]">ETH_WKUP_IRQHandler</a> from startup_stm32f40_41xxx.o(.text) referenced from startup_stm32f40_41xxx.o(RESET)
 <LI><a href="#[13]">EXTI0_IRQHandler</a> from startup_stm32f40_41xxx.o(.text) referenced from startup_stm32f40_41xxx.o(RESET)
 <LI><a href="#[35]">EXTI15_10_IRQHandler</a> from startup_stm32f40_41xxx.o(.text) referenced from startup_stm32f40_41xxx.o(RESET)
 <LI><a href="#[14]">EXTI1_IRQHandler</a> from startup_stm32f40_41xxx.o(.text) referenced from startup_stm32f40_41xxx.o(RESET)
 <LI><a href="#[15]">EXTI2_IRQHandler</a> from startup_stm32f40_41xxx.o(.text) referenced from startup_stm32f40_41xxx.o(RESET)
 <LI><a href="#[16]">EXTI3_IRQHandler</a> from startup_stm32f40_41xxx.o(.text) referenced from startup_stm32f40_41xxx.o(RESET)
 <LI><a href="#[17]">EXTI4_IRQHandler</a> from startup_stm32f40_41xxx.o(.text) referenced from startup_stm32f40_41xxx.o(RESET)
 <LI><a href="#[24]">EXTI9_5_IRQHandler</a> from startup_stm32f40_41xxx.o(.text) referenced from startup_stm32f40_41xxx.o(RESET)
 <LI><a href="#[11]">FLASH_IRQHandler</a> from startup_stm32f40_41xxx.o(.text) referenced from startup_stm32f40_41xxx.o(RESET)
 <LI><a href="#[5e]">FPU_IRQHandler</a> from startup_stm32f40_41xxx.o(.text) referenced from startup_stm32f40_41xxx.o(RESET)
 <LI><a href="#[3d]">FSMC_IRQHandler</a> from startup_stm32f40_41xxx.o(.text) referenced from startup_stm32f40_41xxx.o(RESET)
 <LI><a href="#[5d]">HASH_RNG_IRQHandler</a> from startup_stm32f40_41xxx.o(.text) referenced from startup_stm32f40_41xxx.o(RESET)
 <LI><a href="#[5]">HardFault_Handler</a> from stm32f4xx_it.o(.text) referenced from startup_stm32f40_41xxx.o(RESET)
 <LI><a href="#[2d]">I2C1_ER_IRQHandler</a> from startup_stm32f40_41xxx.o(.text) referenced from startup_stm32f40_41xxx.o(RESET)
 <LI><a href="#[2c]">I2C1_EV_IRQHandler</a> from startup_stm32f40_41xxx.o(.text) referenced from startup_stm32f40_41xxx.o(RESET)
 <LI><a href="#[2f]">I2C2_ER_IRQHandler</a> from startup_stm32f40_41xxx.o(.text) referenced from startup_stm32f40_41xxx.o(RESET)
 <LI><a href="#[2e]">I2C2_EV_IRQHandler</a> from startup_stm32f40_41xxx.o(.text) referenced from startup_stm32f40_41xxx.o(RESET)
 <LI><a href="#[56]">I2C3_ER_IRQHandler</a> from startup_stm32f40_41xxx.o(.text) referenced from startup_stm32f40_41xxx.o(RESET)
 <LI><a href="#[55]">I2C3_EV_IRQHandler</a> from startup_stm32f40_41xxx.o(.text) referenced from startup_stm32f40_41xxx.o(RESET)
 <LI><a href="#[6]">MemManage_Handler</a> from stm32f4xx_it.o(.text) referenced from startup_stm32f40_41xxx.o(RESET)
 <LI><a href="#[4]">NMI_Handler</a> from stm32f4xx_it.o(.text) referenced from startup_stm32f40_41xxx.o(RESET)
 <LI><a href="#[50]">OTG_FS_IRQHandler</a> from startup_stm32f40_41xxx.o(.text) referenced from startup_stm32f40_41xxx.o(RESET)
 <LI><a href="#[37]">OTG_FS_WKUP_IRQHandler</a> from startup_stm32f40_41xxx.o(.text) referenced from startup_stm32f40_41xxx.o(RESET)
 <LI><a href="#[58]">OTG_HS_EP1_IN_IRQHandler</a> from startup_stm32f40_41xxx.o(.text) referenced from startup_stm32f40_41xxx.o(RESET)
 <LI><a href="#[57]">OTG_HS_EP1_OUT_IRQHandler</a> from startup_stm32f40_41xxx.o(.text) referenced from startup_stm32f40_41xxx.o(RESET)
 <LI><a href="#[5a]">OTG_HS_IRQHandler</a> from startup_stm32f40_41xxx.o(.text) referenced from startup_stm32f40_41xxx.o(RESET)
 <LI><a href="#[59]">OTG_HS_WKUP_IRQHandler</a> from startup_stm32f40_41xxx.o(.text) referenced from startup_stm32f40_41xxx.o(RESET)
 <LI><a href="#[e]">PVD_IRQHandler</a> from startup_stm32f40_41xxx.o(.text) referenced from startup_stm32f40_41xxx.o(RESET)
 <LI><a href="#[b]">PendSV_Handler</a> from stm32f4xx_it.o(.text) referenced from startup_stm32f40_41xxx.o(RESET)
 <LI><a href="#[12]">RCC_IRQHandler</a> from startup_stm32f40_41xxx.o(.text) referenced from startup_stm32f40_41xxx.o(RESET)
 <LI><a href="#[36]">RTC_Alarm_IRQHandler</a> from startup_stm32f40_41xxx.o(.text) referenced from startup_stm32f40_41xxx.o(RESET)
 <LI><a href="#[10]">RTC_WKUP_IRQHandler</a> from startup_stm32f40_41xxx.o(.text) referenced from startup_stm32f40_41xxx.o(RESET)
 <LI><a href="#[3]">Reset_Handler</a> from startup_stm32f40_41xxx.o(.text) referenced from startup_stm32f40_41xxx.o(RESET)
 <LI><a href="#[3e]">SDIO_IRQHandler</a> from tfcard_sdio.o(.text) referenced from startup_stm32f40_41xxx.o(RESET)
 <LI><a href="#[30]">SPI1_IRQHandler</a> from startup_stm32f40_41xxx.o(.text) referenced from startup_stm32f40_41xxx.o(RESET)
 <LI><a href="#[31]">SPI2_IRQHandler</a> from startup_stm32f40_41xxx.o(.text) referenced from startup_stm32f40_41xxx.o(RESET)
 <LI><a href="#[40]">SPI3_IRQHandler</a> from startup_stm32f40_41xxx.o(.text) referenced from startup_stm32f40_41xxx.o(RESET)
 <LI><a href="#[9]">SVC_Handler</a> from stm32f4xx_it.o(.text) referenced from startup_stm32f40_41xxx.o(RESET)
 <LI><a href="#[c]">SysTick_Handler</a> from stm32f4xx_it.o(.text) referenced from startup_stm32f40_41xxx.o(RESET)
 <LI><a href="#[5f]">SystemInit</a> from system_stm32f4xx.o(.text) referenced from startup_stm32f40_41xxx.o(.text)
 <LI><a href="#[f]">TAMP_STAMP_IRQHandler</a> from startup_stm32f40_41xxx.o(.text) referenced from startup_stm32f40_41xxx.o(RESET)
 <LI><a href="#[25]">TIM1_BRK_TIM9_IRQHandler</a> from startup_stm32f40_41xxx.o(.text) referenced from startup_stm32f40_41xxx.o(RESET)
 <LI><a href="#[28]">TIM1_CC_IRQHandler</a> from startup_stm32f40_41xxx.o(.text) referenced from startup_stm32f40_41xxx.o(RESET)
 <LI><a href="#[27]">TIM1_TRG_COM_TIM11_IRQHandler</a> from startup_stm32f40_41xxx.o(.text) referenced from startup_stm32f40_41xxx.o(RESET)
 <LI><a href="#[26]">TIM1_UP_TIM10_IRQHandler</a> from startup_stm32f40_41xxx.o(.text) referenced from startup_stm32f40_41xxx.o(RESET)
 <LI><a href="#[29]">TIM2_IRQHandler</a> from startup_stm32f40_41xxx.o(.text) referenced from startup_stm32f40_41xxx.o(RESET)
 <LI><a href="#[2a]">TIM3_IRQHandler</a> from startup_stm32f40_41xxx.o(.text) referenced from startup_stm32f40_41xxx.o(RESET)
 <LI><a href="#[2b]">TIM4_IRQHandler</a> from startup_stm32f40_41xxx.o(.text) referenced from startup_stm32f40_41xxx.o(RESET)
 <LI><a href="#[3f]">TIM5_IRQHandler</a> from startup_stm32f40_41xxx.o(.text) referenced from startup_stm32f40_41xxx.o(RESET)
 <LI><a href="#[43]">TIM6_DAC_IRQHandler</a> from startup_stm32f40_41xxx.o(.text) referenced from startup_stm32f40_41xxx.o(RESET)
 <LI><a href="#[44]">TIM7_IRQHandler</a> from startup_stm32f40_41xxx.o(.text) referenced from startup_stm32f40_41xxx.o(RESET)
 <LI><a href="#[38]">TIM8_BRK_TIM12_IRQHandler</a> from startup_stm32f40_41xxx.o(.text) referenced from startup_stm32f40_41xxx.o(RESET)
 <LI><a href="#[3b]">TIM8_CC_IRQHandler</a> from startup_stm32f40_41xxx.o(.text) referenced from startup_stm32f40_41xxx.o(RESET)
 <LI><a href="#[3a]">TIM8_TRG_COM_TIM14_IRQHandler</a> from startup_stm32f40_41xxx.o(.text) referenced from startup_stm32f40_41xxx.o(RESET)
 <LI><a href="#[39]">TIM8_UP_TIM13_IRQHandler</a> from startup_stm32f40_41xxx.o(.text) referenced from startup_stm32f40_41xxx.o(RESET)
 <LI><a href="#[41]">UART4_IRQHandler</a> from startup_stm32f40_41xxx.o(.text) referenced from startup_stm32f40_41xxx.o(RESET)
 <LI><a href="#[42]">UART5_IRQHandler</a> from startup_stm32f40_41xxx.o(.text) referenced from startup_stm32f40_41xxx.o(RESET)
 <LI><a href="#[32]">USART1_IRQHandler</a> from startup_stm32f40_41xxx.o(.text) referenced from startup_stm32f40_41xxx.o(RESET)
 <LI><a href="#[33]">USART2_IRQHandler</a> from startup_stm32f40_41xxx.o(.text) referenced from startup_stm32f40_41xxx.o(RESET)
 <LI><a href="#[34]">USART3_IRQHandler</a> from startup_stm32f40_41xxx.o(.text) referenced from startup_stm32f40_41xxx.o(RESET)
 <LI><a href="#[54]">USART6_IRQHandler</a> from startup_stm32f40_41xxx.o(.text) referenced from startup_stm32f40_41xxx.o(RESET)
 <LI><a href="#[8]">UsageFault_Handler</a> from stm32f4xx_it.o(.text) referenced from startup_stm32f40_41xxx.o(RESET)
 <LI><a href="#[d]">WWDG_IRQHandler</a> from startup_stm32f40_41xxx.o(.text) referenced from startup_stm32f40_41xxx.o(RESET)
 <LI><a href="#[61]">__main</a> from __main.o(!!!main) referenced from startup_stm32f40_41xxx.o(.text)
</UL>
<P>
<H3>
Global Symbols
</H3>
<P><STRONG><a name="[61]"></a>__main</STRONG> (Thumb, 8 bytes, Stack size 0 bytes, __main.o(!!!main))
<BR><BR>[Calls]<UL><LI><a href="#[63]">&gt;&gt;</a>&nbsp;&nbsp;&nbsp;__rt_entry
<LI><a href="#[62]">&gt;&gt;</a>&nbsp;&nbsp;&nbsp;__scatterload
</UL>

<P><STRONG><a name="[62]"></a>__scatterload</STRONG> (Thumb, 0 bytes, Stack size unknown bytes, __scatter.o(!!!scatter))
<BR><BR>[Called By]<UL><LI><a href="#[61]">&gt;&gt;</a>&nbsp;&nbsp;&nbsp;__main
</UL>

<P><STRONG><a name="[64]"></a>__scatterload_rt2</STRONG> (Thumb, 44 bytes, Stack size unknown bytes, __scatter.o(!!!scatter), UNUSED)
<BR><BR>[Calls]<UL><LI><a href="#[63]">&gt;&gt;</a>&nbsp;&nbsp;&nbsp;__rt_entry
</UL>

<P><STRONG><a name="[14a]"></a>__scatterload_rt2_thumb_only</STRONG> (Thumb, 0 bytes, Stack size unknown bytes, __scatter.o(!!!scatter), UNUSED)

<P><STRONG><a name="[14b]"></a>__scatterload_null</STRONG> (Thumb, 0 bytes, Stack size unknown bytes, __scatter.o(!!!scatter), UNUSED)

<P><STRONG><a name="[65]"></a>__scatterload_copy</STRONG> (Thumb, 26 bytes, Stack size unknown bytes, __scatter_copy.o(!!handler_copy), UNUSED)
<BR><BR>[Calls]<UL><LI><a href="#[65]">&gt;&gt;</a>&nbsp;&nbsp;&nbsp;__scatterload_copy
</UL>
<BR>[Called By]<UL><LI><a href="#[65]">&gt;&gt;</a>&nbsp;&nbsp;&nbsp;__scatterload_copy
</UL>

<P><STRONG><a name="[14c]"></a>__scatterload_zeroinit</STRONG> (Thumb, 28 bytes, Stack size unknown bytes, __scatter_zi.o(!!handler_zi), UNUSED)

<P><STRONG><a name="[6b]"></a>__rt_lib_init</STRONG> (Thumb, 0 bytes, Stack size unknown bytes, libinit.o(.ARM.Collect$$libinit$$00000000))
<BR><BR>[Called By]<UL><LI><a href="#[6a]">&gt;&gt;</a>&nbsp;&nbsp;&nbsp;__rt_entry_li
</UL>

<P><STRONG><a name="[66]"></a>__rt_lib_init_fp_1</STRONG> (Thumb, 0 bytes, Stack size unknown bytes, libinit2.o(.ARM.Collect$$libinit$$00000001))
<BR><BR>[Calls]<UL><LI><a href="#[67]">&gt;&gt;</a>&nbsp;&nbsp;&nbsp;_fp_init
</UL>

<P><STRONG><a name="[14d]"></a>__rt_lib_init_alloca_1</STRONG> (Thumb, 0 bytes, Stack size unknown bytes, libinit2.o(.ARM.Collect$$libinit$$0000002C))

<P><STRONG><a name="[14e]"></a>__rt_lib_init_argv_1</STRONG> (Thumb, 0 bytes, Stack size unknown bytes, libinit2.o(.ARM.Collect$$libinit$$0000002A))

<P><STRONG><a name="[14f]"></a>__rt_lib_init_atexit_1</STRONG> (Thumb, 0 bytes, Stack size unknown bytes, libinit2.o(.ARM.Collect$$libinit$$00000019))

<P><STRONG><a name="[150]"></a>__rt_lib_init_clock_1</STRONG> (Thumb, 0 bytes, Stack size unknown bytes, libinit2.o(.ARM.Collect$$libinit$$0000001F))

<P><STRONG><a name="[151]"></a>__rt_lib_init_cpp_1</STRONG> (Thumb, 0 bytes, Stack size unknown bytes, libinit2.o(.ARM.Collect$$libinit$$00000030))

<P><STRONG><a name="[152]"></a>__rt_lib_init_exceptions_1</STRONG> (Thumb, 0 bytes, Stack size unknown bytes, libinit2.o(.ARM.Collect$$libinit$$0000002E))

<P><STRONG><a name="[153]"></a>__rt_lib_init_fp_trap_1</STRONG> (Thumb, 0 bytes, Stack size unknown bytes, libinit2.o(.ARM.Collect$$libinit$$0000001D))

<P><STRONG><a name="[154]"></a>__rt_lib_init_getenv_1</STRONG> (Thumb, 0 bytes, Stack size unknown bytes, libinit2.o(.ARM.Collect$$libinit$$00000021))

<P><STRONG><a name="[155]"></a>__rt_lib_init_heap_1</STRONG> (Thumb, 0 bytes, Stack size unknown bytes, libinit2.o(.ARM.Collect$$libinit$$00000008))

<P><STRONG><a name="[156]"></a>__rt_lib_init_lc_collate_1</STRONG> (Thumb, 0 bytes, Stack size unknown bytes, libinit2.o(.ARM.Collect$$libinit$$0000000F))

<P><STRONG><a name="[157]"></a>__rt_lib_init_lc_ctype_1</STRONG> (Thumb, 0 bytes, Stack size unknown bytes, libinit2.o(.ARM.Collect$$libinit$$00000011))

<P><STRONG><a name="[158]"></a>__rt_lib_init_lc_monetary_1</STRONG> (Thumb, 0 bytes, Stack size unknown bytes, libinit2.o(.ARM.Collect$$libinit$$00000013))

<P><STRONG><a name="[159]"></a>__rt_lib_init_lc_numeric_1</STRONG> (Thumb, 0 bytes, Stack size unknown bytes, libinit2.o(.ARM.Collect$$libinit$$00000015))

<P><STRONG><a name="[15a]"></a>__rt_lib_init_lc_time_1</STRONG> (Thumb, 0 bytes, Stack size unknown bytes, libinit2.o(.ARM.Collect$$libinit$$00000017))

<P><STRONG><a name="[15b]"></a>__rt_lib_init_rand_1</STRONG> (Thumb, 0 bytes, Stack size unknown bytes, libinit2.o(.ARM.Collect$$libinit$$0000000C))

<P><STRONG><a name="[15c]"></a>__rt_lib_init_return</STRONG> (Thumb, 0 bytes, Stack size unknown bytes, libinit2.o(.ARM.Collect$$libinit$$00000031))

<P><STRONG><a name="[15d]"></a>__rt_lib_init_signal_1</STRONG> (Thumb, 0 bytes, Stack size unknown bytes, libinit2.o(.ARM.Collect$$libinit$$0000001B))

<P><STRONG><a name="[15e]"></a>__rt_lib_init_stdio_1</STRONG> (Thumb, 0 bytes, Stack size unknown bytes, libinit2.o(.ARM.Collect$$libinit$$00000023))

<P><STRONG><a name="[15f]"></a>__rt_lib_init_user_alloc_1</STRONG> (Thumb, 0 bytes, Stack size unknown bytes, libinit2.o(.ARM.Collect$$libinit$$0000000A))

<P><STRONG><a name="[70]"></a>__rt_lib_shutdown</STRONG> (Thumb, 0 bytes, Stack size unknown bytes, libshutdown.o(.ARM.Collect$$libshutdown$$00000000))
<BR><BR>[Called By]<UL><LI><a href="#[6f]">&gt;&gt;</a>&nbsp;&nbsp;&nbsp;__rt_exit_ls
</UL>

<P><STRONG><a name="[160]"></a>__rt_lib_shutdown_fp_trap_1</STRONG> (Thumb, 0 bytes, Stack size unknown bytes, libshutdown2.o(.ARM.Collect$$libshutdown$$00000006))

<P><STRONG><a name="[161]"></a>__rt_lib_shutdown_heap_1</STRONG> (Thumb, 0 bytes, Stack size unknown bytes, libshutdown2.o(.ARM.Collect$$libshutdown$$0000000E))

<P><STRONG><a name="[162]"></a>__rt_lib_shutdown_return</STRONG> (Thumb, 0 bytes, Stack size unknown bytes, libshutdown2.o(.ARM.Collect$$libshutdown$$0000000F))

<P><STRONG><a name="[163]"></a>__rt_lib_shutdown_signal_1</STRONG> (Thumb, 0 bytes, Stack size unknown bytes, libshutdown2.o(.ARM.Collect$$libshutdown$$00000009))

<P><STRONG><a name="[164]"></a>__rt_lib_shutdown_stdio_1</STRONG> (Thumb, 0 bytes, Stack size unknown bytes, libshutdown2.o(.ARM.Collect$$libshutdown$$00000003))

<P><STRONG><a name="[165]"></a>__rt_lib_shutdown_user_alloc_1</STRONG> (Thumb, 0 bytes, Stack size unknown bytes, libshutdown2.o(.ARM.Collect$$libshutdown$$0000000B))

<P><STRONG><a name="[63]"></a>__rt_entry</STRONG> (Thumb, 0 bytes, Stack size unknown bytes, rtentry.o(.ARM.Collect$$rtentry$$00000000))
<BR><BR>[Called By]<UL><LI><a href="#[61]">&gt;&gt;</a>&nbsp;&nbsp;&nbsp;__main
<LI><a href="#[64]">&gt;&gt;</a>&nbsp;&nbsp;&nbsp;__scatterload_rt2
</UL>

<P><STRONG><a name="[166]"></a>__rt_entry_presh_1</STRONG> (Thumb, 0 bytes, Stack size unknown bytes, rtentry2.o(.ARM.Collect$$rtentry$$00000002))

<P><STRONG><a name="[68]"></a>__rt_entry_sh</STRONG> (Thumb, 0 bytes, Stack size unknown bytes, rtentry4.o(.ARM.Collect$$rtentry$$00000004))
<BR><BR>[Stack]<UL><LI>Max Depth = 8 + Unknown Stack Size
<LI>Call Chain = __rt_entry_sh &rArr; __user_setup_stackheap
</UL>
<BR>[Calls]<UL><LI><a href="#[69]">&gt;&gt;</a>&nbsp;&nbsp;&nbsp;__user_setup_stackheap
</UL>

<P><STRONG><a name="[6a]"></a>__rt_entry_li</STRONG> (Thumb, 0 bytes, Stack size unknown bytes, rtentry2.o(.ARM.Collect$$rtentry$$0000000A))
<BR><BR>[Calls]<UL><LI><a href="#[6b]">&gt;&gt;</a>&nbsp;&nbsp;&nbsp;__rt_lib_init
</UL>

<P><STRONG><a name="[167]"></a>__rt_entry_postsh_1</STRONG> (Thumb, 0 bytes, Stack size unknown bytes, rtentry2.o(.ARM.Collect$$rtentry$$00000009))

<P><STRONG><a name="[6c]"></a>__rt_entry_main</STRONG> (Thumb, 0 bytes, Stack size unknown bytes, rtentry2.o(.ARM.Collect$$rtentry$$0000000D))
<BR><BR>[Stack]<UL><LI>Max Depth = 672 + Unknown Stack Size
<LI>Call Chain = __rt_entry_main &rArr; main &rArr; update_hzfont &rArr; updata_fontx &rArr; f_open &rArr; dir_register &rArr; dir_find &rArr; dir_next &rArr; create_chain &rArr; put_fat &rArr; move_window &rArr; sync_window &rArr; disk_write &rArr; SD_WriteSDisk &rArr; SD_WriteBlock &rArr; SD_Init &rArr; SD_EnableWideBusOperation &rArr; SDEnWideBus &rArr; FindSCR &rArr; CmdResp1Error
</UL>
<BR>[Calls]<UL><LI><a href="#[6d]">&gt;&gt;</a>&nbsp;&nbsp;&nbsp;main
<LI><a href="#[6e]">&gt;&gt;</a>&nbsp;&nbsp;&nbsp;exit
</UL>

<P><STRONG><a name="[168]"></a>__rt_entry_postli_1</STRONG> (Thumb, 0 bytes, Stack size unknown bytes, rtentry2.o(.ARM.Collect$$rtentry$$0000000C))

<P><STRONG><a name="[149]"></a>__rt_exit</STRONG> (Thumb, 0 bytes, Stack size unknown bytes, rtexit.o(.ARM.Collect$$rtexit$$00000000))
<BR><BR>[Called By]<UL><LI><a href="#[6e]">&gt;&gt;</a>&nbsp;&nbsp;&nbsp;exit
</UL>

<P><STRONG><a name="[6f]"></a>__rt_exit_ls</STRONG> (Thumb, 0 bytes, Stack size unknown bytes, rtexit2.o(.ARM.Collect$$rtexit$$00000003))
<BR><BR>[Calls]<UL><LI><a href="#[70]">&gt;&gt;</a>&nbsp;&nbsp;&nbsp;__rt_lib_shutdown
</UL>

<P><STRONG><a name="[169]"></a>__rt_exit_prels_1</STRONG> (Thumb, 0 bytes, Stack size unknown bytes, rtexit2.o(.ARM.Collect$$rtexit$$00000002))

<P><STRONG><a name="[71]"></a>__rt_exit_exit</STRONG> (Thumb, 0 bytes, Stack size unknown bytes, rtexit2.o(.ARM.Collect$$rtexit$$00000004))
<BR><BR>[Calls]<UL><LI><a href="#[72]">&gt;&gt;</a>&nbsp;&nbsp;&nbsp;_sys_exit
</UL>

<P><STRONG><a name="[16a]"></a>WFI_SET</STRONG> (Thumb, 2 bytes, Stack size 0 bytes, common.o(.emb_text), UNUSED)

<P><STRONG><a name="[e1]"></a>INTX_DISABLE</STRONG> (Thumb, 4 bytes, Stack size 0 bytes, common.o(.emb_text))
<BR><BR>[Called By]<UL><LI><a href="#[e6]">&gt;&gt;</a>&nbsp;&nbsp;&nbsp;SD_WriteMultiBlocks
<LI><a href="#[e5]">&gt;&gt;</a>&nbsp;&nbsp;&nbsp;SD_WriteBlock
<LI><a href="#[e3]">&gt;&gt;</a>&nbsp;&nbsp;&nbsp;SD_ReadMultiBlocks
<LI><a href="#[df]">&gt;&gt;</a>&nbsp;&nbsp;&nbsp;SD_ReadBlock
</UL>

<P><STRONG><a name="[e2]"></a>INTX_ENABLE</STRONG> (Thumb, 4 bytes, Stack size 0 bytes, common.o(.emb_text))
<BR><BR>[Called By]<UL><LI><a href="#[e6]">&gt;&gt;</a>&nbsp;&nbsp;&nbsp;SD_WriteMultiBlocks
<LI><a href="#[e5]">&gt;&gt;</a>&nbsp;&nbsp;&nbsp;SD_WriteBlock
<LI><a href="#[e3]">&gt;&gt;</a>&nbsp;&nbsp;&nbsp;SD_ReadMultiBlocks
<LI><a href="#[df]">&gt;&gt;</a>&nbsp;&nbsp;&nbsp;SD_ReadBlock
</UL>

<P><STRONG><a name="[16b]"></a>MSR_MSP</STRONG> (Thumb, 6 bytes, Stack size 0 bytes, common.o(.emb_text), UNUSED)

<P><STRONG><a name="[6d]"></a>main</STRONG> (Thumb, 336 bytes, Stack size 0 bytes, main.o(.text))
<BR><BR>[Stack]<UL><LI>Max Depth = 672<LI>Call Chain = main &rArr; update_hzfont &rArr; updata_fontx &rArr; f_open &rArr; dir_register &rArr; dir_find &rArr; dir_next &rArr; create_chain &rArr; put_fat &rArr; move_window &rArr; sync_window &rArr; disk_write &rArr; SD_WriteSDisk &rArr; SD_WriteBlock &rArr; SD_Init &rArr; SD_EnableWideBusOperation &rArr; SDEnWideBus &rArr; FindSCR &rArr; CmdResp1Error
</UL>
<BR>[Calls]<UL><LI><a href="#[7c]">&gt;&gt;</a>&nbsp;&nbsp;&nbsp;update_hzfont
<LI><a href="#[80]">&gt;&gt;</a>&nbsp;&nbsp;&nbsp;key_scan
<LI><a href="#[7d]">&gt;&gt;</a>&nbsp;&nbsp;&nbsp;font_init
<LI><a href="#[7b]">&gt;&gt;</a>&nbsp;&nbsp;&nbsp;f_mount
<LI><a href="#[81]">&gt;&gt;</a>&nbsp;&nbsp;&nbsp;delay_ms
<LI><a href="#[74]">&gt;&gt;</a>&nbsp;&nbsp;&nbsp;delay_init
<LI><a href="#[78]">&gt;&gt;</a>&nbsp;&nbsp;&nbsp;W25QXX_Init
<LI><a href="#[73]">&gt;&gt;</a>&nbsp;&nbsp;&nbsp;NVIC_PriorityGroupConfig
<LI><a href="#[79]">&gt;&gt;</a>&nbsp;&nbsp;&nbsp;Memory_Init
<LI><a href="#[7a]">&gt;&gt;</a>&nbsp;&nbsp;&nbsp;Mem_malloc
<LI><a href="#[75]">&gt;&gt;</a>&nbsp;&nbsp;&nbsp;LED_Init
<LI><a href="#[76]">&gt;&gt;</a>&nbsp;&nbsp;&nbsp;LCD_Init
<LI><a href="#[7e]">&gt;&gt;</a>&nbsp;&nbsp;&nbsp;LCD_DisplayString
<LI><a href="#[7f]">&gt;&gt;</a>&nbsp;&nbsp;&nbsp;LCD_DisplayHZstr
<LI><a href="#[77]">&gt;&gt;</a>&nbsp;&nbsp;&nbsp;KEY_Init
</UL>
<BR>[Called By]<UL><LI><a href="#[6c]">&gt;&gt;</a>&nbsp;&nbsp;&nbsp;__rt_entry_main
</UL>

<P><STRONG><a name="[4]"></a>NMI_Handler</STRONG> (Thumb, 2 bytes, Stack size 0 bytes, stm32f4xx_it.o(.text))
<BR>[Address Reference Count : 1]<UL><LI> startup_stm32f40_41xxx.o(RESET)
</UL>
<P><STRONG><a name="[5]"></a>HardFault_Handler</STRONG> (Thumb, 4 bytes, Stack size 0 bytes, stm32f4xx_it.o(.text))
<BR>[Address Reference Count : 1]<UL><LI> startup_stm32f40_41xxx.o(RESET)
</UL>
<P><STRONG><a name="[6]"></a>MemManage_Handler</STRONG> (Thumb, 4 bytes, Stack size 0 bytes, stm32f4xx_it.o(.text))
<BR>[Address Reference Count : 1]<UL><LI> startup_stm32f40_41xxx.o(RESET)
</UL>
<P><STRONG><a name="[7]"></a>BusFault_Handler</STRONG> (Thumb, 4 bytes, Stack size 0 bytes, stm32f4xx_it.o(.text))
<BR>[Address Reference Count : 1]<UL><LI> startup_stm32f40_41xxx.o(RESET)
</UL>
<P><STRONG><a name="[8]"></a>UsageFault_Handler</STRONG> (Thumb, 4 bytes, Stack size 0 bytes, stm32f4xx_it.o(.text))
<BR>[Address Reference Count : 1]<UL><LI> startup_stm32f40_41xxx.o(RESET)
</UL>
<P><STRONG><a name="[9]"></a>SVC_Handler</STRONG> (Thumb, 2 bytes, Stack size 0 bytes, stm32f4xx_it.o(.text))
<BR>[Address Reference Count : 1]<UL><LI> startup_stm32f40_41xxx.o(RESET)
</UL>
<P><STRONG><a name="[a]"></a>DebugMon_Handler</STRONG> (Thumb, 2 bytes, Stack size 0 bytes, stm32f4xx_it.o(.text))
<BR>[Address Reference Count : 1]<UL><LI> startup_stm32f40_41xxx.o(RESET)
</UL>
<P><STRONG><a name="[b]"></a>PendSV_Handler</STRONG> (Thumb, 2 bytes, Stack size 0 bytes, stm32f4xx_it.o(.text))
<BR>[Address Reference Count : 1]<UL><LI> startup_stm32f40_41xxx.o(RESET)
</UL>
<P><STRONG><a name="[c]"></a>SysTick_Handler</STRONG> (Thumb, 2 bytes, Stack size 0 bytes, stm32f4xx_it.o(.text))
<BR>[Address Reference Count : 1]<UL><LI> startup_stm32f40_41xxx.o(RESET)
</UL>
<P><STRONG><a name="[5f]"></a>SystemInit</STRONG> (Thumb, 88 bytes, Stack size 8 bytes, system_stm32f4xx.o(.text))
<BR><BR>[Stack]<UL><LI>Max Depth = 20<LI>Call Chain = SystemInit &rArr; SetSysClock
</UL>
<BR>[Calls]<UL><LI><a href="#[82]">&gt;&gt;</a>&nbsp;&nbsp;&nbsp;SetSysClock
</UL>
<BR>[Address Reference Count : 1]<UL><LI> startup_stm32f40_41xxx.o(.text)
</UL>
<P><STRONG><a name="[16c]"></a>SystemCoreClockUpdate</STRONG> (Thumb, 174 bytes, Stack size 16 bytes, system_stm32f4xx.o(.text), UNUSED)

<P><STRONG><a name="[3]"></a>Reset_Handler</STRONG> (Thumb, 8 bytes, Stack size 0 bytes, startup_stm32f40_41xxx.o(.text))
<BR>[Address Reference Count : 1]<UL><LI> startup_stm32f40_41xxx.o(RESET)
</UL>
<P><STRONG><a name="[1f]"></a>ADC_IRQHandler</STRONG> (Thumb, 0 bytes, Stack size 0 bytes, startup_stm32f40_41xxx.o(.text))
<BR><BR>[Calls]<UL><LI><a href="#[1f]">&gt;&gt;</a>&nbsp;&nbsp;&nbsp;ADC_IRQHandler
</UL>
<BR>[Called By]<UL><LI><a href="#[1f]">&gt;&gt;</a>&nbsp;&nbsp;&nbsp;ADC_IRQHandler
</UL>
<BR>[Address Reference Count : 1]<UL><LI> startup_stm32f40_41xxx.o(RESET)
</UL>
<P><STRONG><a name="[21]"></a>CAN1_RX0_IRQHandler</STRONG> (Thumb, 0 bytes, Stack size 0 bytes, startup_stm32f40_41xxx.o(.text))
<BR>[Address Reference Count : 1]<UL><LI> startup_stm32f40_41xxx.o(RESET)
</UL>
<P><STRONG><a name="[22]"></a>CAN1_RX1_IRQHandler</STRONG> (Thumb, 0 bytes, Stack size 0 bytes, startup_stm32f40_41xxx.o(.text))
<BR>[Address Reference Count : 1]<UL><LI> startup_stm32f40_41xxx.o(RESET)
</UL>
<P><STRONG><a name="[23]"></a>CAN1_SCE_IRQHandler</STRONG> (Thumb, 0 bytes, Stack size 0 bytes, startup_stm32f40_41xxx.o(.text))
<BR>[Address Reference Count : 1]<UL><LI> startup_stm32f40_41xxx.o(RESET)
</UL>
<P><STRONG><a name="[20]"></a>CAN1_TX_IRQHandler</STRONG> (Thumb, 0 bytes, Stack size 0 bytes, startup_stm32f40_41xxx.o(.text))
<BR>[Address Reference Count : 1]<UL><LI> startup_stm32f40_41xxx.o(RESET)
</UL>
<P><STRONG><a name="[4d]"></a>CAN2_RX0_IRQHandler</STRONG> (Thumb, 0 bytes, Stack size 0 bytes, startup_stm32f40_41xxx.o(.text))
<BR>[Address Reference Count : 1]<UL><LI> startup_stm32f40_41xxx.o(RESET)
</UL>
<P><STRONG><a name="[4e]"></a>CAN2_RX1_IRQHandler</STRONG> (Thumb, 0 bytes, Stack size 0 bytes, startup_stm32f40_41xxx.o(.text))
<BR>[Address Reference Count : 1]<UL><LI> startup_stm32f40_41xxx.o(RESET)
</UL>
<P><STRONG><a name="[4f]"></a>CAN2_SCE_IRQHandler</STRONG> (Thumb, 0 bytes, Stack size 0 bytes, startup_stm32f40_41xxx.o(.text))
<BR>[Address Reference Count : 1]<UL><LI> startup_stm32f40_41xxx.o(RESET)
</UL>
<P><STRONG><a name="[4c]"></a>CAN2_TX_IRQHandler</STRONG> (Thumb, 0 bytes, Stack size 0 bytes, startup_stm32f40_41xxx.o(.text))
<BR>[Address Reference Count : 1]<UL><LI> startup_stm32f40_41xxx.o(RESET)
</UL>
<P><STRONG><a name="[5c]"></a>CRYP_IRQHandler</STRONG> (Thumb, 0 bytes, Stack size 0 bytes, startup_stm32f40_41xxx.o(.text))
<BR>[Address Reference Count : 1]<UL><LI> startup_stm32f40_41xxx.o(RESET)
</UL>
<P><STRONG><a name="[5b]"></a>DCMI_IRQHandler</STRONG> (Thumb, 0 bytes, Stack size 0 bytes, startup_stm32f40_41xxx.o(.text))
<BR>[Address Reference Count : 1]<UL><LI> startup_stm32f40_41xxx.o(RESET)
</UL>
<P><STRONG><a name="[18]"></a>DMA1_Stream0_IRQHandler</STRONG> (Thumb, 0 bytes, Stack size 0 bytes, startup_stm32f40_41xxx.o(.text))
<BR>[Address Reference Count : 1]<UL><LI> startup_stm32f40_41xxx.o(RESET)
</UL>
<P><STRONG><a name="[19]"></a>DMA1_Stream1_IRQHandler</STRONG> (Thumb, 0 bytes, Stack size 0 bytes, startup_stm32f40_41xxx.o(.text))
<BR>[Address Reference Count : 1]<UL><LI> startup_stm32f40_41xxx.o(RESET)
</UL>
<P><STRONG><a name="[1a]"></a>DMA1_Stream2_IRQHandler</STRONG> (Thumb, 0 bytes, Stack size 0 bytes, startup_stm32f40_41xxx.o(.text))
<BR>[Address Reference Count : 1]<UL><LI> startup_stm32f40_41xxx.o(RESET)
</UL>
<P><STRONG><a name="[1b]"></a>DMA1_Stream3_IRQHandler</STRONG> (Thumb, 0 bytes, Stack size 0 bytes, startup_stm32f40_41xxx.o(.text))
<BR>[Address Reference Count : 1]<UL><LI> startup_stm32f40_41xxx.o(RESET)
</UL>
<P><STRONG><a name="[1c]"></a>DMA1_Stream4_IRQHandler</STRONG> (Thumb, 0 bytes, Stack size 0 bytes, startup_stm32f40_41xxx.o(.text))
<BR>[Address Reference Count : 1]<UL><LI> startup_stm32f40_41xxx.o(RESET)
</UL>
<P><STRONG><a name="[1d]"></a>DMA1_Stream5_IRQHandler</STRONG> (Thumb, 0 bytes, Stack size 0 bytes, startup_stm32f40_41xxx.o(.text))
<BR>[Address Reference Count : 1]<UL><LI> startup_stm32f40_41xxx.o(RESET)
</UL>
<P><STRONG><a name="[1e]"></a>DMA1_Stream6_IRQHandler</STRONG> (Thumb, 0 bytes, Stack size 0 bytes, startup_stm32f40_41xxx.o(.text))
<BR>[Address Reference Count : 1]<UL><LI> startup_stm32f40_41xxx.o(RESET)
</UL>
<P><STRONG><a name="[3c]"></a>DMA1_Stream7_IRQHandler</STRONG> (Thumb, 0 bytes, Stack size 0 bytes, startup_stm32f40_41xxx.o(.text))
<BR>[Address Reference Count : 1]<UL><LI> startup_stm32f40_41xxx.o(RESET)
</UL>
<P><STRONG><a name="[45]"></a>DMA2_Stream0_IRQHandler</STRONG> (Thumb, 0 bytes, Stack size 0 bytes, startup_stm32f40_41xxx.o(.text))
<BR>[Address Reference Count : 1]<UL><LI> startup_stm32f40_41xxx.o(RESET)
</UL>
<P><STRONG><a name="[46]"></a>DMA2_Stream1_IRQHandler</STRONG> (Thumb, 0 bytes, Stack size 0 bytes, startup_stm32f40_41xxx.o(.text))
<BR>[Address Reference Count : 1]<UL><LI> startup_stm32f40_41xxx.o(RESET)
</UL>
<P><STRONG><a name="[47]"></a>DMA2_Stream2_IRQHandler</STRONG> (Thumb, 0 bytes, Stack size 0 bytes, startup_stm32f40_41xxx.o(.text))
<BR>[Address Reference Count : 1]<UL><LI> startup_stm32f40_41xxx.o(RESET)
</UL>
<P><STRONG><a name="[48]"></a>DMA2_Stream3_IRQHandler</STRONG> (Thumb, 0 bytes, Stack size 0 bytes, startup_stm32f40_41xxx.o(.text))
<BR>[Address Reference Count : 1]<UL><LI> startup_stm32f40_41xxx.o(RESET)
</UL>
<P><STRONG><a name="[49]"></a>DMA2_Stream4_IRQHandler</STRONG> (Thumb, 0 bytes, Stack size 0 bytes, startup_stm32f40_41xxx.o(.text))
<BR>[Address Reference Count : 1]<UL><LI> startup_stm32f40_41xxx.o(RESET)
</UL>
<P><STRONG><a name="[51]"></a>DMA2_Stream5_IRQHandler</STRONG> (Thumb, 0 bytes, Stack size 0 bytes, startup_stm32f40_41xxx.o(.text))
<BR>[Address Reference Count : 1]<UL><LI> startup_stm32f40_41xxx.o(RESET)
</UL>
<P><STRONG><a name="[52]"></a>DMA2_Stream6_IRQHandler</STRONG> (Thumb, 0 bytes, Stack size 0 bytes, startup_stm32f40_41xxx.o(.text))
<BR>[Address Reference Count : 1]<UL><LI> startup_stm32f40_41xxx.o(RESET)
</UL>
<P><STRONG><a name="[53]"></a>DMA2_Stream7_IRQHandler</STRONG> (Thumb, 0 bytes, Stack size 0 bytes, startup_stm32f40_41xxx.o(.text))
<BR>[Address Reference Count : 1]<UL><LI> startup_stm32f40_41xxx.o(RESET)
</UL>
<P><STRONG><a name="[4a]"></a>ETH_IRQHandler</STRONG> (Thumb, 0 bytes, Stack size 0 bytes, startup_stm32f40_41xxx.o(.text))
<BR>[Address Reference Count : 1]<UL><LI> startup_stm32f40_41xxx.o(RESET)
</UL>
<P><STRONG><a name="[4b]"></a>ETH_WKUP_IRQHandler</STRONG> (Thumb, 0 bytes, Stack size 0 bytes, startup_stm32f40_41xxx.o(.text))
<BR>[Address Reference Count : 1]<UL><LI> startup_stm32f40_41xxx.o(RESET)
</UL>
<P><STRONG><a name="[13]"></a>EXTI0_IRQHandler</STRONG> (Thumb, 0 bytes, Stack size 0 bytes, startup_stm32f40_41xxx.o(.text))
<BR>[Address Reference Count : 1]<UL><LI> startup_stm32f40_41xxx.o(RESET)
</UL>
<P><STRONG><a name="[35]"></a>EXTI15_10_IRQHandler</STRONG> (Thumb, 0 bytes, Stack size 0 bytes, startup_stm32f40_41xxx.o(.text))
<BR>[Address Reference Count : 1]<UL><LI> startup_stm32f40_41xxx.o(RESET)
</UL>
<P><STRONG><a name="[14]"></a>EXTI1_IRQHandler</STRONG> (Thumb, 0 bytes, Stack size 0 bytes, startup_stm32f40_41xxx.o(.text))
<BR>[Address Reference Count : 1]<UL><LI> startup_stm32f40_41xxx.o(RESET)
</UL>
<P><STRONG><a name="[15]"></a>EXTI2_IRQHandler</STRONG> (Thumb, 0 bytes, Stack size 0 bytes, startup_stm32f40_41xxx.o(.text))
<BR>[Address Reference Count : 1]<UL><LI> startup_stm32f40_41xxx.o(RESET)
</UL>
<P><STRONG><a name="[16]"></a>EXTI3_IRQHandler</STRONG> (Thumb, 0 bytes, Stack size 0 bytes, startup_stm32f40_41xxx.o(.text))
<BR>[Address Reference Count : 1]<UL><LI> startup_stm32f40_41xxx.o(RESET)
</UL>
<P><STRONG><a name="[17]"></a>EXTI4_IRQHandler</STRONG> (Thumb, 0 bytes, Stack size 0 bytes, startup_stm32f40_41xxx.o(.text))
<BR>[Address Reference Count : 1]<UL><LI> startup_stm32f40_41xxx.o(RESET)
</UL>
<P><STRONG><a name="[24]"></a>EXTI9_5_IRQHandler</STRONG> (Thumb, 0 bytes, Stack size 0 bytes, startup_stm32f40_41xxx.o(.text))
<BR>[Address Reference Count : 1]<UL><LI> startup_stm32f40_41xxx.o(RESET)
</UL>
<P><STRONG><a name="[11]"></a>FLASH_IRQHandler</STRONG> (Thumb, 0 bytes, Stack size 0 bytes, startup_stm32f40_41xxx.o(.text))
<BR>[Address Reference Count : 1]<UL><LI> startup_stm32f40_41xxx.o(RESET)
</UL>
<P><STRONG><a name="[5e]"></a>FPU_IRQHandler</STRONG> (Thumb, 0 bytes, Stack size 0 bytes, startup_stm32f40_41xxx.o(.text))
<BR>[Address Reference Count : 1]<UL><LI> startup_stm32f40_41xxx.o(RESET)
</UL>
<P><STRONG><a name="[3d]"></a>FSMC_IRQHandler</STRONG> (Thumb, 0 bytes, Stack size 0 bytes, startup_stm32f40_41xxx.o(.text))
<BR>[Address Reference Count : 1]<UL><LI> startup_stm32f40_41xxx.o(RESET)
</UL>
<P><STRONG><a name="[5d]"></a>HASH_RNG_IRQHandler</STRONG> (Thumb, 0 bytes, Stack size 0 bytes, startup_stm32f40_41xxx.o(.text))
<BR>[Address Reference Count : 1]<UL><LI> startup_stm32f40_41xxx.o(RESET)
</UL>
<P><STRONG><a name="[2d]"></a>I2C1_ER_IRQHandler</STRONG> (Thumb, 0 bytes, Stack size 0 bytes, startup_stm32f40_41xxx.o(.text))
<BR>[Address Reference Count : 1]<UL><LI> startup_stm32f40_41xxx.o(RESET)
</UL>
<P><STRONG><a name="[2c]"></a>I2C1_EV_IRQHandler</STRONG> (Thumb, 0 bytes, Stack size 0 bytes, startup_stm32f40_41xxx.o(.text))
<BR>[Address Reference Count : 1]<UL><LI> startup_stm32f40_41xxx.o(RESET)
</UL>
<P><STRONG><a name="[2f]"></a>I2C2_ER_IRQHandler</STRONG> (Thumb, 0 bytes, Stack size 0 bytes, startup_stm32f40_41xxx.o(.text))
<BR>[Address Reference Count : 1]<UL><LI> startup_stm32f40_41xxx.o(RESET)
</UL>
<P><STRONG><a name="[2e]"></a>I2C2_EV_IRQHandler</STRONG> (Thumb, 0 bytes, Stack size 0 bytes, startup_stm32f40_41xxx.o(.text))
<BR>[Address Reference Count : 1]<UL><LI> startup_stm32f40_41xxx.o(RESET)
</UL>
<P><STRONG><a name="[56]"></a>I2C3_ER_IRQHandler</STRONG> (Thumb, 0 bytes, Stack size 0 bytes, startup_stm32f40_41xxx.o(.text))
<BR>[Address Reference Count : 1]<UL><LI> startup_stm32f40_41xxx.o(RESET)
</UL>
<P><STRONG><a name="[55]"></a>I2C3_EV_IRQHandler</STRONG> (Thumb, 0 bytes, Stack size 0 bytes, startup_stm32f40_41xxx.o(.text))
<BR>[Address Reference Count : 1]<UL><LI> startup_stm32f40_41xxx.o(RESET)
</UL>
<P><STRONG><a name="[50]"></a>OTG_FS_IRQHandler</STRONG> (Thumb, 0 bytes, Stack size 0 bytes, startup_stm32f40_41xxx.o(.text))
<BR>[Address Reference Count : 1]<UL><LI> startup_stm32f40_41xxx.o(RESET)
</UL>
<P><STRONG><a name="[37]"></a>OTG_FS_WKUP_IRQHandler</STRONG> (Thumb, 0 bytes, Stack size 0 bytes, startup_stm32f40_41xxx.o(.text))
<BR>[Address Reference Count : 1]<UL><LI> startup_stm32f40_41xxx.o(RESET)
</UL>
<P><STRONG><a name="[58]"></a>OTG_HS_EP1_IN_IRQHandler</STRONG> (Thumb, 0 bytes, Stack size 0 bytes, startup_stm32f40_41xxx.o(.text))
<BR>[Address Reference Count : 1]<UL><LI> startup_stm32f40_41xxx.o(RESET)
</UL>
<P><STRONG><a name="[57]"></a>OTG_HS_EP1_OUT_IRQHandler</STRONG> (Thumb, 0 bytes, Stack size 0 bytes, startup_stm32f40_41xxx.o(.text))
<BR>[Address Reference Count : 1]<UL><LI> startup_stm32f40_41xxx.o(RESET)
</UL>
<P><STRONG><a name="[5a]"></a>OTG_HS_IRQHandler</STRONG> (Thumb, 0 bytes, Stack size 0 bytes, startup_stm32f40_41xxx.o(.text))
<BR>[Address Reference Count : 1]<UL><LI> startup_stm32f40_41xxx.o(RESET)
</UL>
<P><STRONG><a name="[59]"></a>OTG_HS_WKUP_IRQHandler</STRONG> (Thumb, 0 bytes, Stack size 0 bytes, startup_stm32f40_41xxx.o(.text))
<BR>[Address Reference Count : 1]<UL><LI> startup_stm32f40_41xxx.o(RESET)
</UL>
<P><STRONG><a name="[e]"></a>PVD_IRQHandler</STRONG> (Thumb, 0 bytes, Stack size 0 bytes, startup_stm32f40_41xxx.o(.text))
<BR>[Address Reference Count : 1]<UL><LI> startup_stm32f40_41xxx.o(RESET)
</UL>
<P><STRONG><a name="[12]"></a>RCC_IRQHandler</STRONG> (Thumb, 0 bytes, Stack size 0 bytes, startup_stm32f40_41xxx.o(.text))
<BR>[Address Reference Count : 1]<UL><LI> startup_stm32f40_41xxx.o(RESET)
</UL>
<P><STRONG><a name="[36]"></a>RTC_Alarm_IRQHandler</STRONG> (Thumb, 0 bytes, Stack size 0 bytes, startup_stm32f40_41xxx.o(.text))
<BR>[Address Reference Count : 1]<UL><LI> startup_stm32f40_41xxx.o(RESET)
</UL>
<P><STRONG><a name="[10]"></a>RTC_WKUP_IRQHandler</STRONG> (Thumb, 0 bytes, Stack size 0 bytes, startup_stm32f40_41xxx.o(.text))
<BR>[Address Reference Count : 1]<UL><LI> startup_stm32f40_41xxx.o(RESET)
</UL>
<P><STRONG><a name="[30]"></a>SPI1_IRQHandler</STRONG> (Thumb, 0 bytes, Stack size 0 bytes, startup_stm32f40_41xxx.o(.text))
<BR>[Address Reference Count : 1]<UL><LI> startup_stm32f40_41xxx.o(RESET)
</UL>
<P><STRONG><a name="[31]"></a>SPI2_IRQHandler</STRONG> (Thumb, 0 bytes, Stack size 0 bytes, startup_stm32f40_41xxx.o(.text))
<BR>[Address Reference Count : 1]<UL><LI> startup_stm32f40_41xxx.o(RESET)
</UL>
<P><STRONG><a name="[40]"></a>SPI3_IRQHandler</STRONG> (Thumb, 0 bytes, Stack size 0 bytes, startup_stm32f40_41xxx.o(.text))
<BR>[Address Reference Count : 1]<UL><LI> startup_stm32f40_41xxx.o(RESET)
</UL>
<P><STRONG><a name="[f]"></a>TAMP_STAMP_IRQHandler</STRONG> (Thumb, 0 bytes, Stack size 0 bytes, startup_stm32f40_41xxx.o(.text))
<BR>[Address Reference Count : 1]<UL><LI> startup_stm32f40_41xxx.o(RESET)
</UL>
<P><STRONG><a name="[25]"></a>TIM1_BRK_TIM9_IRQHandler</STRONG> (Thumb, 0 bytes, Stack size 0 bytes, startup_stm32f40_41xxx.o(.text))
<BR>[Address Reference Count : 1]<UL><LI> startup_stm32f40_41xxx.o(RESET)
</UL>
<P><STRONG><a name="[28]"></a>TIM1_CC_IRQHandler</STRONG> (Thumb, 0 bytes, Stack size 0 bytes, startup_stm32f40_41xxx.o(.text))
<BR>[Address Reference Count : 1]<UL><LI> startup_stm32f40_41xxx.o(RESET)
</UL>
<P><STRONG><a name="[27]"></a>TIM1_TRG_COM_TIM11_IRQHandler</STRONG> (Thumb, 0 bytes, Stack size 0 bytes, startup_stm32f40_41xxx.o(.text))
<BR>[Address Reference Count : 1]<UL><LI> startup_stm32f40_41xxx.o(RESET)
</UL>
<P><STRONG><a name="[26]"></a>TIM1_UP_TIM10_IRQHandler</STRONG> (Thumb, 0 bytes, Stack size 0 bytes, startup_stm32f40_41xxx.o(.text))
<BR>[Address Reference Count : 1]<UL><LI> startup_stm32f40_41xxx.o(RESET)
</UL>
<P><STRONG><a name="[29]"></a>TIM2_IRQHandler</STRONG> (Thumb, 0 bytes, Stack size 0 bytes, startup_stm32f40_41xxx.o(.text))
<BR>[Address Reference Count : 1]<UL><LI> startup_stm32f40_41xxx.o(RESET)
</UL>
<P><STRONG><a name="[2a]"></a>TIM3_IRQHandler</STRONG> (Thumb, 0 bytes, Stack size 0 bytes, startup_stm32f40_41xxx.o(.text))
<BR>[Address Reference Count : 1]<UL><LI> startup_stm32f40_41xxx.o(RESET)
</UL>
<P><STRONG><a name="[2b]"></a>TIM4_IRQHandler</STRONG> (Thumb, 0 bytes, Stack size 0 bytes, startup_stm32f40_41xxx.o(.text))
<BR>[Address Reference Count : 1]<UL><LI> startup_stm32f40_41xxx.o(RESET)
</UL>
<P><STRONG><a name="[3f]"></a>TIM5_IRQHandler</STRONG> (Thumb, 0 bytes, Stack size 0 bytes, startup_stm32f40_41xxx.o(.text))
<BR>[Address Reference Count : 1]<UL><LI> startup_stm32f40_41xxx.o(RESET)
</UL>
<P><STRONG><a name="[43]"></a>TIM6_DAC_IRQHandler</STRONG> (Thumb, 0 bytes, Stack size 0 bytes, startup_stm32f40_41xxx.o(.text))
<BR>[Address Reference Count : 1]<UL><LI> startup_stm32f40_41xxx.o(RESET)
</UL>
<P><STRONG><a name="[44]"></a>TIM7_IRQHandler</STRONG> (Thumb, 0 bytes, Stack size 0 bytes, startup_stm32f40_41xxx.o(.text))
<BR>[Address Reference Count : 1]<UL><LI> startup_stm32f40_41xxx.o(RESET)
</UL>
<P><STRONG><a name="[38]"></a>TIM8_BRK_TIM12_IRQHandler</STRONG> (Thumb, 0 bytes, Stack size 0 bytes, startup_stm32f40_41xxx.o(.text))
<BR>[Address Reference Count : 1]<UL><LI> startup_stm32f40_41xxx.o(RESET)
</UL>
<P><STRONG><a name="[3b]"></a>TIM8_CC_IRQHandler</STRONG> (Thumb, 0 bytes, Stack size 0 bytes, startup_stm32f40_41xxx.o(.text))
<BR>[Address Reference Count : 1]<UL><LI> startup_stm32f40_41xxx.o(RESET)
</UL>
<P><STRONG><a name="[3a]"></a>TIM8_TRG_COM_TIM14_IRQHandler</STRONG> (Thumb, 0 bytes, Stack size 0 bytes, startup_stm32f40_41xxx.o(.text))
<BR>[Address Reference Count : 1]<UL><LI> startup_stm32f40_41xxx.o(RESET)
</UL>
<P><STRONG><a name="[39]"></a>TIM8_UP_TIM13_IRQHandler</STRONG> (Thumb, 0 bytes, Stack size 0 bytes, startup_stm32f40_41xxx.o(.text))
<BR>[Address Reference Count : 1]<UL><LI> startup_stm32f40_41xxx.o(RESET)
</UL>
<P><STRONG><a name="[41]"></a>UART4_IRQHandler</STRONG> (Thumb, 0 bytes, Stack size 0 bytes, startup_stm32f40_41xxx.o(.text))
<BR>[Address Reference Count : 1]<UL><LI> startup_stm32f40_41xxx.o(RESET)
</UL>
<P><STRONG><a name="[42]"></a>UART5_IRQHandler</STRONG> (Thumb, 0 bytes, Stack size 0 bytes, startup_stm32f40_41xxx.o(.text))
<BR>[Address Reference Count : 1]<UL><LI> startup_stm32f40_41xxx.o(RESET)
</UL>
<P><STRONG><a name="[32]"></a>USART1_IRQHandler</STRONG> (Thumb, 0 bytes, Stack size 0 bytes, startup_stm32f40_41xxx.o(.text))
<BR>[Address Reference Count : 1]<UL><LI> startup_stm32f40_41xxx.o(RESET)
</UL>
<P><STRONG><a name="[33]"></a>USART2_IRQHandler</STRONG> (Thumb, 0 bytes, Stack size 0 bytes, startup_stm32f40_41xxx.o(.text))
<BR>[Address Reference Count : 1]<UL><LI> startup_stm32f40_41xxx.o(RESET)
</UL>
<P><STRONG><a name="[34]"></a>USART3_IRQHandler</STRONG> (Thumb, 0 bytes, Stack size 0 bytes, startup_stm32f40_41xxx.o(.text))
<BR>[Address Reference Count : 1]<UL><LI> startup_stm32f40_41xxx.o(RESET)
</UL>
<P><STRONG><a name="[54]"></a>USART6_IRQHandler</STRONG> (Thumb, 0 bytes, Stack size 0 bytes, startup_stm32f40_41xxx.o(.text))
<BR>[Address Reference Count : 1]<UL><LI> startup_stm32f40_41xxx.o(RESET)
</UL>
<P><STRONG><a name="[d]"></a>WWDG_IRQHandler</STRONG> (Thumb, 0 bytes, Stack size 0 bytes, startup_stm32f40_41xxx.o(.text))
<BR>[Address Reference Count : 1]<UL><LI> startup_stm32f40_41xxx.o(RESET)
</UL>
<P><STRONG><a name="[148]"></a>__user_initial_stackheap</STRONG> (Thumb, 0 bytes, Stack size unknown bytes, startup_stm32f40_41xxx.o(.text))
<BR><BR>[Called By]<UL><LI><a href="#[69]">&gt;&gt;</a>&nbsp;&nbsp;&nbsp;__user_setup_stackheap
</UL>

<P><STRONG><a name="[77]"></a>KEY_Init</STRONG> (Thumb, 44 bytes, Stack size 16 bytes, key.o(.text))
<BR><BR>[Stack]<UL><LI>Max Depth = 36<LI>Call Chain = KEY_Init &rArr; GPIO_Init
</UL>
<BR>[Calls]<UL><LI><a href="#[83]">&gt;&gt;</a>&nbsp;&nbsp;&nbsp;RCC_AHB1PeriphClockCmd
<LI><a href="#[84]">&gt;&gt;</a>&nbsp;&nbsp;&nbsp;GPIO_Init
</UL>
<BR>[Called By]<UL><LI><a href="#[6d]">&gt;&gt;</a>&nbsp;&nbsp;&nbsp;main
</UL>

<P><STRONG><a name="[80]"></a>key_scan</STRONG> (Thumb, 192 bytes, Stack size 0 bytes, key.o(.text))
<BR><BR>[Called By]<UL><LI><a href="#[6d]">&gt;&gt;</a>&nbsp;&nbsp;&nbsp;main
</UL>

<P><STRONG><a name="[88]"></a>LCD_WriteReg</STRONG> (Thumb, 10 bytes, Stack size 0 bytes, lcd.o(.text))
<BR><BR>[Called By]<UL><LI><a href="#[93]">&gt;&gt;</a>&nbsp;&nbsp;&nbsp;LCD_Set_Window
<LI><a href="#[92]">&gt;&gt;</a>&nbsp;&nbsp;&nbsp;LCD_Color_DrawPoint
<LI><a href="#[8e]">&gt;&gt;</a>&nbsp;&nbsp;&nbsp;LCD_AUTOScan_Dir
<LI><a href="#[8d]">&gt;&gt;</a>&nbsp;&nbsp;&nbsp;LCD_DisplayOff
<LI><a href="#[8c]">&gt;&gt;</a>&nbsp;&nbsp;&nbsp;LCD_DisplayOn
<LI><a href="#[87]">&gt;&gt;</a>&nbsp;&nbsp;&nbsp;LCD_SetCursor
<LI><a href="#[76]">&gt;&gt;</a>&nbsp;&nbsp;&nbsp;LCD_Init
</UL>

<P><STRONG><a name="[85]"></a>LCD_ReadReg</STRONG> (Thumb, 22 bytes, Stack size 8 bytes, lcd.o(.text))
<BR><BR>[Stack]<UL><LI>Max Depth = 8<LI>Call Chain = LCD_ReadReg
</UL>
<BR>[Calls]<UL><LI><a href="#[86]">&gt;&gt;</a>&nbsp;&nbsp;&nbsp;delay_us
</UL>
<BR>[Called By]<UL><LI><a href="#[76]">&gt;&gt;</a>&nbsp;&nbsp;&nbsp;LCD_Init
</UL>

<P><STRONG><a name="[91]"></a>LCD_WriteRAM_Prepare</STRONG> (Thumb, 10 bytes, Stack size 0 bytes, lcd.o(.text))
<BR><BR>[Called By]<UL><LI><a href="#[9a]">&gt;&gt;</a>&nbsp;&nbsp;&nbsp;LCD_Fill_onecolor
<LI><a href="#[99]">&gt;&gt;</a>&nbsp;&nbsp;&nbsp;LCD_Clear
<LI><a href="#[90]">&gt;&gt;</a>&nbsp;&nbsp;&nbsp;LCD_DrawPoint
</UL>

<P><STRONG><a name="[8a]"></a>lcdm_delay</STRONG> (Thumb, 14 bytes, Stack size 0 bytes, lcd.o(.text), UNUSED)
<BR><BR>[Called By]<UL><LI><a href="#[89]">&gt;&gt;</a>&nbsp;&nbsp;&nbsp;LCD_GetPoint
</UL>

<P><STRONG><a name="[8b]"></a>LCD_BGRtoRGB</STRONG> (Thumb, 26 bytes, Stack size 12 bytes, lcd.o(.text), UNUSED)
<BR><BR>[Called By]<UL><LI><a href="#[89]">&gt;&gt;</a>&nbsp;&nbsp;&nbsp;LCD_GetPoint
</UL>

<P><STRONG><a name="[87]"></a>LCD_SetCursor</STRONG> (Thumb, 96 bytes, Stack size 8 bytes, lcd.o(.text))
<BR><BR>[Stack]<UL><LI>Max Depth = 8<LI>Call Chain = LCD_SetCursor
</UL>
<BR>[Calls]<UL><LI><a href="#[88]">&gt;&gt;</a>&nbsp;&nbsp;&nbsp;LCD_WriteReg
</UL>
<BR>[Called By]<UL><LI><a href="#[9a]">&gt;&gt;</a>&nbsp;&nbsp;&nbsp;LCD_Fill_onecolor
<LI><a href="#[99]">&gt;&gt;</a>&nbsp;&nbsp;&nbsp;LCD_Clear
<LI><a href="#[93]">&gt;&gt;</a>&nbsp;&nbsp;&nbsp;LCD_Set_Window
<LI><a href="#[90]">&gt;&gt;</a>&nbsp;&nbsp;&nbsp;LCD_DrawPoint
<LI><a href="#[89]">&gt;&gt;</a>&nbsp;&nbsp;&nbsp;LCD_GetPoint
</UL>

<P><STRONG><a name="[89]"></a>LCD_GetPoint</STRONG> (Thumb, 210 bytes, Stack size 24 bytes, lcd.o(.text), UNUSED)
<BR><BR>[Calls]<UL><LI><a href="#[87]">&gt;&gt;</a>&nbsp;&nbsp;&nbsp;LCD_SetCursor
<LI><a href="#[8b]">&gt;&gt;</a>&nbsp;&nbsp;&nbsp;LCD_BGRtoRGB
<LI><a href="#[8a]">&gt;&gt;</a>&nbsp;&nbsp;&nbsp;lcdm_delay
</UL>

<P><STRONG><a name="[8c]"></a>LCD_DisplayOn</STRONG> (Thumb, 34 bytes, Stack size 4 bytes, lcd.o(.text), UNUSED)
<BR><BR>[Calls]<UL><LI><a href="#[88]">&gt;&gt;</a>&nbsp;&nbsp;&nbsp;LCD_WriteReg
</UL>

<P><STRONG><a name="[8d]"></a>LCD_DisplayOff</STRONG> (Thumb, 32 bytes, Stack size 4 bytes, lcd.o(.text), UNUSED)
<BR><BR>[Calls]<UL><LI><a href="#[88]">&gt;&gt;</a>&nbsp;&nbsp;&nbsp;LCD_WriteReg
</UL>

<P><STRONG><a name="[8e]"></a>LCD_AUTOScan_Dir</STRONG> (Thumb, 348 bytes, Stack size 16 bytes, lcd.o(.text))
<BR><BR>[Stack]<UL><LI>Max Depth = 16<LI>Call Chain = LCD_AUTOScan_Dir
</UL>
<BR>[Calls]<UL><LI><a href="#[88]">&gt;&gt;</a>&nbsp;&nbsp;&nbsp;LCD_WriteReg
</UL>
<BR>[Called By]<UL><LI><a href="#[8f]">&gt;&gt;</a>&nbsp;&nbsp;&nbsp;LCD_Display_Dir
</UL>

<P><STRONG><a name="[8f]"></a>LCD_Display_Dir</STRONG> (Thumb, 156 bytes, Stack size 8 bytes, lcd.o(.text))
<BR><BR>[Stack]<UL><LI>Max Depth = 24<LI>Call Chain = LCD_Display_Dir &rArr; LCD_AUTOScan_Dir
</UL>
<BR>[Calls]<UL><LI><a href="#[8e]">&gt;&gt;</a>&nbsp;&nbsp;&nbsp;LCD_AUTOScan_Dir
</UL>
<BR>[Called By]<UL><LI><a href="#[76]">&gt;&gt;</a>&nbsp;&nbsp;&nbsp;LCD_Init
</UL>

<P><STRONG><a name="[90]"></a>LCD_DrawPoint</STRONG> (Thumb, 66 bytes, Stack size 12 bytes, lcd.o(.text), UNUSED)
<BR><BR>[Calls]<UL><LI><a href="#[87]">&gt;&gt;</a>&nbsp;&nbsp;&nbsp;LCD_SetCursor
<LI><a href="#[91]">&gt;&gt;</a>&nbsp;&nbsp;&nbsp;LCD_WriteRAM_Prepare
</UL>

<P><STRONG><a name="[92]"></a>LCD_Color_DrawPoint</STRONG> (Thumb, 110 bytes, Stack size 12 bytes, lcd.o(.text))
<BR><BR>[Stack]<UL><LI>Max Depth = 12<LI>Call Chain = LCD_Color_DrawPoint
</UL>
<BR>[Calls]<UL><LI><a href="#[88]">&gt;&gt;</a>&nbsp;&nbsp;&nbsp;LCD_WriteReg
</UL>
<BR>[Called By]<UL><LI><a href="#[9b]">&gt;&gt;</a>&nbsp;&nbsp;&nbsp;LCD_DisplayChar
<LI><a href="#[140]">&gt;&gt;</a>&nbsp;&nbsp;&nbsp;LCD_Display1HZ
</UL>

<P><STRONG><a name="[93]"></a>LCD_Set_Window</STRONG> (Thumb, 196 bytes, Stack size 52 bytes, lcd.o(.text), UNUSED)
<BR><BR>[Calls]<UL><LI><a href="#[87]">&gt;&gt;</a>&nbsp;&nbsp;&nbsp;LCD_SetCursor
<LI><a href="#[88]">&gt;&gt;</a>&nbsp;&nbsp;&nbsp;LCD_WriteReg
</UL>

<P><STRONG><a name="[94]"></a>LCD_FSMC_Config</STRONG> (Thumb, 530 bytes, Stack size 128 bytes, lcd.o(.text))
<BR><BR>[Stack]<UL><LI>Max Depth = 148<LI>Call Chain = LCD_FSMC_Config &rArr; GPIO_PinAFConfig
</UL>
<BR>[Calls]<UL><LI><a href="#[95]">&gt;&gt;</a>&nbsp;&nbsp;&nbsp;RCC_AHB3PeriphClockCmd
<LI><a href="#[96]">&gt;&gt;</a>&nbsp;&nbsp;&nbsp;GPIO_PinAFConfig
<LI><a href="#[97]">&gt;&gt;</a>&nbsp;&nbsp;&nbsp;FSMC_NORSRAMInit
<LI><a href="#[98]">&gt;&gt;</a>&nbsp;&nbsp;&nbsp;FSMC_NORSRAMCmd
<LI><a href="#[83]">&gt;&gt;</a>&nbsp;&nbsp;&nbsp;RCC_AHB1PeriphClockCmd
<LI><a href="#[84]">&gt;&gt;</a>&nbsp;&nbsp;&nbsp;GPIO_Init
<LI><a href="#[81]">&gt;&gt;</a>&nbsp;&nbsp;&nbsp;delay_ms
</UL>
<BR>[Called By]<UL><LI><a href="#[76]">&gt;&gt;</a>&nbsp;&nbsp;&nbsp;LCD_Init
</UL>

<P><STRONG><a name="[99]"></a>LCD_Clear</STRONG> (Thumb, 50 bytes, Stack size 16 bytes, lcd.o(.text))
<BR><BR>[Stack]<UL><LI>Max Depth = 24<LI>Call Chain = LCD_Clear &rArr; LCD_SetCursor
</UL>
<BR>[Calls]<UL><LI><a href="#[87]">&gt;&gt;</a>&nbsp;&nbsp;&nbsp;LCD_SetCursor
<LI><a href="#[91]">&gt;&gt;</a>&nbsp;&nbsp;&nbsp;LCD_WriteRAM_Prepare
</UL>
<BR>[Called By]<UL><LI><a href="#[7c]">&gt;&gt;</a>&nbsp;&nbsp;&nbsp;update_hzfont
<LI><a href="#[76]">&gt;&gt;</a>&nbsp;&nbsp;&nbsp;LCD_Init
</UL>

<P><STRONG><a name="[76]"></a>LCD_Init</STRONG> (Thumb, 1674 bytes, Stack size 8 bytes, lcd.o(.text))
<BR><BR>[Stack]<UL><LI>Max Depth = 156<LI>Call Chain = LCD_Init &rArr; LCD_FSMC_Config &rArr; GPIO_PinAFConfig
</UL>
<BR>[Calls]<UL><LI><a href="#[99]">&gt;&gt;</a>&nbsp;&nbsp;&nbsp;LCD_Clear
<LI><a href="#[94]">&gt;&gt;</a>&nbsp;&nbsp;&nbsp;LCD_FSMC_Config
<LI><a href="#[8f]">&gt;&gt;</a>&nbsp;&nbsp;&nbsp;LCD_Display_Dir
<LI><a href="#[85]">&gt;&gt;</a>&nbsp;&nbsp;&nbsp;LCD_ReadReg
<LI><a href="#[88]">&gt;&gt;</a>&nbsp;&nbsp;&nbsp;LCD_WriteReg
<LI><a href="#[81]">&gt;&gt;</a>&nbsp;&nbsp;&nbsp;delay_ms
</UL>
<BR>[Called By]<UL><LI><a href="#[6d]">&gt;&gt;</a>&nbsp;&nbsp;&nbsp;main
</UL>

<P><STRONG><a name="[9a]"></a>LCD_Fill_onecolor</STRONG> (Thumb, 82 bytes, Stack size 36 bytes, lcd.o(.text))
<BR><BR>[Stack]<UL><LI>Max Depth = 44<LI>Call Chain = LCD_Fill_onecolor &rArr; LCD_SetCursor
</UL>
<BR>[Calls]<UL><LI><a href="#[87]">&gt;&gt;</a>&nbsp;&nbsp;&nbsp;LCD_SetCursor
<LI><a href="#[91]">&gt;&gt;</a>&nbsp;&nbsp;&nbsp;LCD_WriteRAM_Prepare
</UL>
<BR>[Called By]<UL><LI><a href="#[7c]">&gt;&gt;</a>&nbsp;&nbsp;&nbsp;update_hzfont
</UL>

<P><STRONG><a name="[9b]"></a>LCD_DisplayChar</STRONG> (Thumb, 230 bytes, Stack size 40 bytes, lcd.o(.text))
<BR><BR>[Stack]<UL><LI>Max Depth = 52<LI>Call Chain = LCD_DisplayChar &rArr; LCD_Color_DrawPoint
</UL>
<BR>[Calls]<UL><LI><a href="#[92]">&gt;&gt;</a>&nbsp;&nbsp;&nbsp;LCD_Color_DrawPoint
</UL>
<BR>[Called By]<UL><LI><a href="#[9c]">&gt;&gt;</a>&nbsp;&nbsp;&nbsp;LCD_DisplayNum
<LI><a href="#[7e]">&gt;&gt;</a>&nbsp;&nbsp;&nbsp;LCD_DisplayString
<LI><a href="#[7f]">&gt;&gt;</a>&nbsp;&nbsp;&nbsp;LCD_DisplayHZstr
</UL>

<P><STRONG><a name="[9d]"></a>LCD_Pow</STRONG> (Thumb, 22 bytes, Stack size 8 bytes, lcd.o(.text))
<BR><BR>[Stack]<UL><LI>Max Depth = 8<LI>Call Chain = LCD_Pow
</UL>
<BR>[Called By]<UL><LI><a href="#[9c]">&gt;&gt;</a>&nbsp;&nbsp;&nbsp;LCD_DisplayNum
</UL>

<P><STRONG><a name="[9c]"></a>LCD_DisplayNum</STRONG> (Thumb, 172 bytes, Stack size 56 bytes, lcd.o(.text))
<BR><BR>[Stack]<UL><LI>Max Depth = 108<LI>Call Chain = LCD_DisplayNum &rArr; LCD_DisplayChar &rArr; LCD_Color_DrawPoint
</UL>
<BR>[Calls]<UL><LI><a href="#[9d]">&gt;&gt;</a>&nbsp;&nbsp;&nbsp;LCD_Pow
<LI><a href="#[9b]">&gt;&gt;</a>&nbsp;&nbsp;&nbsp;LCD_DisplayChar
</UL>
<BR>[Called By]<UL><LI><a href="#[9e]">&gt;&gt;</a>&nbsp;&nbsp;&nbsp;LCD_DisplayNum_color
<LI><a href="#[13c]">&gt;&gt;</a>&nbsp;&nbsp;&nbsp;fupd_prog
</UL>

<P><STRONG><a name="[9e]"></a>LCD_DisplayNum_color</STRONG> (Thumb, 78 bytes, Stack size 60 bytes, lcd.o(.text), UNUSED)
<BR><BR>[Calls]<UL><LI><a href="#[9c]">&gt;&gt;</a>&nbsp;&nbsp;&nbsp;LCD_DisplayNum
</UL>

<P><STRONG><a name="[7e]"></a>LCD_DisplayString</STRONG> (Thumb, 64 bytes, Stack size 20 bytes, lcd.o(.text))
<BR><BR>[Stack]<UL><LI>Max Depth = 72<LI>Call Chain = LCD_DisplayString &rArr; LCD_DisplayChar &rArr; LCD_Color_DrawPoint
</UL>
<BR>[Calls]<UL><LI><a href="#[9b]">&gt;&gt;</a>&nbsp;&nbsp;&nbsp;LCD_DisplayChar
</UL>
<BR>[Called By]<UL><LI><a href="#[9f]">&gt;&gt;</a>&nbsp;&nbsp;&nbsp;LCD_DisplayString_color
<LI><a href="#[7c]">&gt;&gt;</a>&nbsp;&nbsp;&nbsp;update_hzfont
<LI><a href="#[6d]">&gt;&gt;</a>&nbsp;&nbsp;&nbsp;main
<LI><a href="#[13c]">&gt;&gt;</a>&nbsp;&nbsp;&nbsp;fupd_prog
</UL>

<P><STRONG><a name="[9f]"></a>LCD_DisplayString_color</STRONG> (Thumb, 68 bytes, Stack size 36 bytes, lcd.o(.text))
<BR><BR>[Stack]<UL><LI>Max Depth = 108<LI>Call Chain = LCD_DisplayString_color &rArr; LCD_DisplayString &rArr; LCD_DisplayChar &rArr; LCD_Color_DrawPoint
</UL>
<BR>[Calls]<UL><LI><a href="#[7e]">&gt;&gt;</a>&nbsp;&nbsp;&nbsp;LCD_DisplayString
</UL>
<BR>[Called By]<UL><LI><a href="#[7c]">&gt;&gt;</a>&nbsp;&nbsp;&nbsp;update_hzfont
</UL>

<P><STRONG><a name="[75]"></a>LED_Init</STRONG> (Thumb, 100 bytes, Stack size 16 bytes, led.o(.text))
<BR><BR>[Stack]<UL><LI>Max Depth = 36<LI>Call Chain = LED_Init &rArr; GPIO_Init
</UL>
<BR>[Calls]<UL><LI><a href="#[a0]">&gt;&gt;</a>&nbsp;&nbsp;&nbsp;GPIO_SetBits
<LI><a href="#[83]">&gt;&gt;</a>&nbsp;&nbsp;&nbsp;RCC_AHB1PeriphClockCmd
<LI><a href="#[84]">&gt;&gt;</a>&nbsp;&nbsp;&nbsp;GPIO_Init
</UL>
<BR>[Called By]<UL><LI><a href="#[6d]">&gt;&gt;</a>&nbsp;&nbsp;&nbsp;main
</UL>

<P><STRONG><a name="[a1]"></a>SPI1_ReadWriteByte</STRONG> (Thumb, 76 bytes, Stack size 16 bytes, spi.o(.text))
<BR><BR>[Stack]<UL><LI>Max Depth = 16<LI>Call Chain = SPI1_ReadWriteByte
</UL>
<BR>[Calls]<UL><LI><a href="#[a3]">&gt;&gt;</a>&nbsp;&nbsp;&nbsp;SPI_I2S_SendData
<LI><a href="#[a4]">&gt;&gt;</a>&nbsp;&nbsp;&nbsp;SPI_I2S_ReceiveData
<LI><a href="#[a2]">&gt;&gt;</a>&nbsp;&nbsp;&nbsp;SPI_I2S_GetFlagStatus
</UL>
<BR>[Called By]<UL><LI><a href="#[b6]">&gt;&gt;</a>&nbsp;&nbsp;&nbsp;W25QXX_Write_Page
<LI><a href="#[b5]">&gt;&gt;</a>&nbsp;&nbsp;&nbsp;W25QXX_Read
<LI><a href="#[b4]">&gt;&gt;</a>&nbsp;&nbsp;&nbsp;W25QXX_WAKEUP
<LI><a href="#[b3]">&gt;&gt;</a>&nbsp;&nbsp;&nbsp;W25QXX_PowerDown
<LI><a href="#[b2]">&gt;&gt;</a>&nbsp;&nbsp;&nbsp;W25QXX_Erase_Sector
<LI><a href="#[b1]">&gt;&gt;</a>&nbsp;&nbsp;&nbsp;W25QXX_Erase_Chip
<LI><a href="#[b0]">&gt;&gt;</a>&nbsp;&nbsp;&nbsp;W25QXX_Write_Disable
<LI><a href="#[ae]">&gt;&gt;</a>&nbsp;&nbsp;&nbsp;W25QXX_Write_Enable
<LI><a href="#[ad]">&gt;&gt;</a>&nbsp;&nbsp;&nbsp;W25QXX_Write_SR
<LI><a href="#[ac]">&gt;&gt;</a>&nbsp;&nbsp;&nbsp;W25QXX_ReadSR
<LI><a href="#[ab]">&gt;&gt;</a>&nbsp;&nbsp;&nbsp;W25QXX_ReadID
<LI><a href="#[a5]">&gt;&gt;</a>&nbsp;&nbsp;&nbsp;SPI1_Init
</UL>

<P><STRONG><a name="[a5]"></a>SPI1_Init</STRONG> (Thumb, 186 bytes, Stack size 32 bytes, spi.o(.text))
<BR><BR>[Stack]<UL><LI>Max Depth = 52<LI>Call Chain = SPI1_Init &rArr; GPIO_PinAFConfig
</UL>
<BR>[Calls]<UL><LI><a href="#[a8]">&gt;&gt;</a>&nbsp;&nbsp;&nbsp;SPI_Init
<LI><a href="#[a9]">&gt;&gt;</a>&nbsp;&nbsp;&nbsp;SPI_Cmd
<LI><a href="#[a7]">&gt;&gt;</a>&nbsp;&nbsp;&nbsp;RCC_APB2PeriphResetCmd
<LI><a href="#[a6]">&gt;&gt;</a>&nbsp;&nbsp;&nbsp;RCC_APB2PeriphClockCmd
<LI><a href="#[a1]">&gt;&gt;</a>&nbsp;&nbsp;&nbsp;SPI1_ReadWriteByte
<LI><a href="#[96]">&gt;&gt;</a>&nbsp;&nbsp;&nbsp;GPIO_PinAFConfig
<LI><a href="#[83]">&gt;&gt;</a>&nbsp;&nbsp;&nbsp;RCC_AHB1PeriphClockCmd
<LI><a href="#[84]">&gt;&gt;</a>&nbsp;&nbsp;&nbsp;GPIO_Init
</UL>
<BR>[Called By]<UL><LI><a href="#[78]">&gt;&gt;</a>&nbsp;&nbsp;&nbsp;W25QXX_Init
</UL>

<P><STRONG><a name="[aa]"></a>SPI1_Setclock</STRONG> (Thumb, 36 bytes, Stack size 8 bytes, spi.o(.text))
<BR><BR>[Stack]<UL><LI>Max Depth = 8<LI>Call Chain = SPI1_Setclock
</UL>
<BR>[Calls]<UL><LI><a href="#[a9]">&gt;&gt;</a>&nbsp;&nbsp;&nbsp;SPI_Cmd
</UL>
<BR>[Called By]<UL><LI><a href="#[78]">&gt;&gt;</a>&nbsp;&nbsp;&nbsp;W25QXX_Init
</UL>

<P><STRONG><a name="[ab]"></a>W25QXX_ReadID</STRONG> (Thumb, 64 bytes, Stack size 8 bytes, w25qxx.o(.text))
<BR><BR>[Stack]<UL><LI>Max Depth = 24<LI>Call Chain = W25QXX_ReadID &rArr; SPI1_ReadWriteByte
</UL>
<BR>[Calls]<UL><LI><a href="#[a1]">&gt;&gt;</a>&nbsp;&nbsp;&nbsp;SPI1_ReadWriteByte
</UL>
<BR>[Called By]<UL><LI><a href="#[78]">&gt;&gt;</a>&nbsp;&nbsp;&nbsp;W25QXX_Init
</UL>

<P><STRONG><a name="[78]"></a>W25QXX_Init</STRONG> (Thumb, 74 bytes, Stack size 16 bytes, w25qxx.o(.text))
<BR><BR>[Stack]<UL><LI>Max Depth = 68<LI>Call Chain = W25QXX_Init &rArr; SPI1_Init &rArr; GPIO_PinAFConfig
</UL>
<BR>[Calls]<UL><LI><a href="#[ab]">&gt;&gt;</a>&nbsp;&nbsp;&nbsp;W25QXX_ReadID
<LI><a href="#[aa]">&gt;&gt;</a>&nbsp;&nbsp;&nbsp;SPI1_Setclock
<LI><a href="#[a5]">&gt;&gt;</a>&nbsp;&nbsp;&nbsp;SPI1_Init
<LI><a href="#[83]">&gt;&gt;</a>&nbsp;&nbsp;&nbsp;RCC_AHB1PeriphClockCmd
<LI><a href="#[84]">&gt;&gt;</a>&nbsp;&nbsp;&nbsp;GPIO_Init
</UL>
<BR>[Called By]<UL><LI><a href="#[7d]">&gt;&gt;</a>&nbsp;&nbsp;&nbsp;font_init
<LI><a href="#[6d]">&gt;&gt;</a>&nbsp;&nbsp;&nbsp;main
<LI><a href="#[f6]">&gt;&gt;</a>&nbsp;&nbsp;&nbsp;disk_initialize
</UL>

<P><STRONG><a name="[ac]"></a>W25QXX_ReadSR</STRONG> (Thumb, 36 bytes, Stack size 8 bytes, w25qxx.o(.text))
<BR><BR>[Stack]<UL><LI>Max Depth = 24<LI>Call Chain = W25QXX_ReadSR &rArr; SPI1_ReadWriteByte
</UL>
<BR>[Calls]<UL><LI><a href="#[a1]">&gt;&gt;</a>&nbsp;&nbsp;&nbsp;SPI1_ReadWriteByte
</UL>
<BR>[Called By]<UL><LI><a href="#[af]">&gt;&gt;</a>&nbsp;&nbsp;&nbsp;W25QXX_Wait_Busy
</UL>

<P><STRONG><a name="[ad]"></a>W25QXX_Write_SR</STRONG> (Thumb, 32 bytes, Stack size 8 bytes, w25qxx.o(.text), UNUSED)
<BR><BR>[Calls]<UL><LI><a href="#[a1]">&gt;&gt;</a>&nbsp;&nbsp;&nbsp;SPI1_ReadWriteByte
</UL>

<P><STRONG><a name="[ae]"></a>W25QXX_Write_Enable</STRONG> (Thumb, 24 bytes, Stack size 8 bytes, w25qxx.o(.text))
<BR><BR>[Stack]<UL><LI>Max Depth = 24<LI>Call Chain = W25QXX_Write_Enable &rArr; SPI1_ReadWriteByte
</UL>
<BR>[Calls]<UL><LI><a href="#[a1]">&gt;&gt;</a>&nbsp;&nbsp;&nbsp;SPI1_ReadWriteByte
</UL>
<BR>[Called By]<UL><LI><a href="#[b6]">&gt;&gt;</a>&nbsp;&nbsp;&nbsp;W25QXX_Write_Page
<LI><a href="#[b2]">&gt;&gt;</a>&nbsp;&nbsp;&nbsp;W25QXX_Erase_Sector
<LI><a href="#[b1]">&gt;&gt;</a>&nbsp;&nbsp;&nbsp;W25QXX_Erase_Chip
</UL>

<P><STRONG><a name="[af]"></a>W25QXX_Wait_Busy</STRONG> (Thumb, 18 bytes, Stack size 8 bytes, w25qxx.o(.text))
<BR><BR>[Stack]<UL><LI>Max Depth = 32<LI>Call Chain = W25QXX_Wait_Busy &rArr; W25QXX_ReadSR &rArr; SPI1_ReadWriteByte
</UL>
<BR>[Calls]<UL><LI><a href="#[ac]">&gt;&gt;</a>&nbsp;&nbsp;&nbsp;W25QXX_ReadSR
</UL>
<BR>[Called By]<UL><LI><a href="#[b6]">&gt;&gt;</a>&nbsp;&nbsp;&nbsp;W25QXX_Write_Page
<LI><a href="#[b2]">&gt;&gt;</a>&nbsp;&nbsp;&nbsp;W25QXX_Erase_Sector
<LI><a href="#[b1]">&gt;&gt;</a>&nbsp;&nbsp;&nbsp;W25QXX_Erase_Chip
</UL>

<P><STRONG><a name="[b0]"></a>W25QXX_Write_Disable</STRONG> (Thumb, 24 bytes, Stack size 8 bytes, w25qxx.o(.text), UNUSED)
<BR><BR>[Calls]<UL><LI><a href="#[a1]">&gt;&gt;</a>&nbsp;&nbsp;&nbsp;SPI1_ReadWriteByte
</UL>

<P><STRONG><a name="[b1]"></a>W25QXX_Erase_Chip</STRONG> (Thumb, 36 bytes, Stack size 8 bytes, w25qxx.o(.text), UNUSED)
<BR><BR>[Calls]<UL><LI><a href="#[af]">&gt;&gt;</a>&nbsp;&nbsp;&nbsp;W25QXX_Wait_Busy
<LI><a href="#[ae]">&gt;&gt;</a>&nbsp;&nbsp;&nbsp;W25QXX_Write_Enable
<LI><a href="#[a1]">&gt;&gt;</a>&nbsp;&nbsp;&nbsp;SPI1_ReadWriteByte
</UL>

<P><STRONG><a name="[b2]"></a>W25QXX_Erase_Sector</STRONG> (Thumb, 62 bytes, Stack size 8 bytes, w25qxx.o(.text))
<BR><BR>[Stack]<UL><LI>Max Depth = 40<LI>Call Chain = W25QXX_Erase_Sector &rArr; W25QXX_Wait_Busy &rArr; W25QXX_ReadSR &rArr; SPI1_ReadWriteByte
</UL>
<BR>[Calls]<UL><LI><a href="#[af]">&gt;&gt;</a>&nbsp;&nbsp;&nbsp;W25QXX_Wait_Busy
<LI><a href="#[ae]">&gt;&gt;</a>&nbsp;&nbsp;&nbsp;W25QXX_Write_Enable
<LI><a href="#[a1]">&gt;&gt;</a>&nbsp;&nbsp;&nbsp;SPI1_ReadWriteByte
</UL>
<BR>[Called By]<UL><LI><a href="#[b8]">&gt;&gt;</a>&nbsp;&nbsp;&nbsp;W25QXX_SectorWrite
<LI><a href="#[7c]">&gt;&gt;</a>&nbsp;&nbsp;&nbsp;update_hzfont
</UL>

<P><STRONG><a name="[b3]"></a>W25QXX_PowerDown</STRONG> (Thumb, 30 bytes, Stack size 8 bytes, w25qxx.o(.text), UNUSED)
<BR><BR>[Calls]<UL><LI><a href="#[a1]">&gt;&gt;</a>&nbsp;&nbsp;&nbsp;SPI1_ReadWriteByte
<LI><a href="#[86]">&gt;&gt;</a>&nbsp;&nbsp;&nbsp;delay_us
</UL>

<P><STRONG><a name="[b4]"></a>W25QXX_WAKEUP</STRONG> (Thumb, 30 bytes, Stack size 8 bytes, w25qxx.o(.text), UNUSED)
<BR><BR>[Calls]<UL><LI><a href="#[a1]">&gt;&gt;</a>&nbsp;&nbsp;&nbsp;SPI1_ReadWriteByte
<LI><a href="#[86]">&gt;&gt;</a>&nbsp;&nbsp;&nbsp;delay_us
</UL>

<P><STRONG><a name="[b5]"></a>W25QXX_Read</STRONG> (Thumb, 72 bytes, Stack size 16 bytes, w25qxx.o(.text))
<BR><BR>[Stack]<UL><LI>Max Depth = 32<LI>Call Chain = W25QXX_Read &rArr; SPI1_ReadWriteByte
</UL>
<BR>[Calls]<UL><LI><a href="#[a1]">&gt;&gt;</a>&nbsp;&nbsp;&nbsp;SPI1_ReadWriteByte
</UL>
<BR>[Called By]<UL><LI><a href="#[b8]">&gt;&gt;</a>&nbsp;&nbsp;&nbsp;W25QXX_SectorWrite
<LI><a href="#[7c]">&gt;&gt;</a>&nbsp;&nbsp;&nbsp;update_hzfont
<LI><a href="#[7d]">&gt;&gt;</a>&nbsp;&nbsp;&nbsp;font_init
<LI><a href="#[13f]">&gt;&gt;</a>&nbsp;&nbsp;&nbsp;Get_HzMat
<LI><a href="#[116]">&gt;&gt;</a>&nbsp;&nbsp;&nbsp;ff_convert
<LI><a href="#[f7]">&gt;&gt;</a>&nbsp;&nbsp;&nbsp;disk_read
</UL>

<P><STRONG><a name="[b6]"></a>W25QXX_Write_Page</STRONG> (Thumb, 78 bytes, Stack size 16 bytes, w25qxx.o(.text))
<BR><BR>[Stack]<UL><LI>Max Depth = 48<LI>Call Chain = W25QXX_Write_Page &rArr; W25QXX_Wait_Busy &rArr; W25QXX_ReadSR &rArr; SPI1_ReadWriteByte
</UL>
<BR>[Calls]<UL><LI><a href="#[af]">&gt;&gt;</a>&nbsp;&nbsp;&nbsp;W25QXX_Wait_Busy
<LI><a href="#[ae]">&gt;&gt;</a>&nbsp;&nbsp;&nbsp;W25QXX_Write_Enable
<LI><a href="#[a1]">&gt;&gt;</a>&nbsp;&nbsp;&nbsp;SPI1_ReadWriteByte
</UL>
<BR>[Called By]<UL><LI><a href="#[b7]">&gt;&gt;</a>&nbsp;&nbsp;&nbsp;W25QXX_PageWrite
</UL>

<P><STRONG><a name="[b7]"></a>W25QXX_PageWrite</STRONG> (Thumb, 290 bytes, Stack size 40 bytes, w25qxx.o(.text))
<BR><BR>[Stack]<UL><LI>Max Depth = 88<LI>Call Chain = W25QXX_PageWrite &rArr; W25QXX_Write_Page &rArr; W25QXX_Wait_Busy &rArr; W25QXX_ReadSR &rArr; SPI1_ReadWriteByte
</UL>
<BR>[Calls]<UL><LI><a href="#[b6]">&gt;&gt;</a>&nbsp;&nbsp;&nbsp;W25QXX_Write_Page
</UL>
<BR>[Called By]<UL><LI><a href="#[b8]">&gt;&gt;</a>&nbsp;&nbsp;&nbsp;W25QXX_SectorWrite
</UL>

<P><STRONG><a name="[b8]"></a>W25QXX_SectorWrite</STRONG> (Thumb, 204 bytes, Stack size 40 bytes, w25qxx.o(.text))
<BR><BR>[Stack]<UL><LI>Max Depth = 128<LI>Call Chain = W25QXX_SectorWrite &rArr; W25QXX_PageWrite &rArr; W25QXX_Write_Page &rArr; W25QXX_Wait_Busy &rArr; W25QXX_ReadSR &rArr; SPI1_ReadWriteByte
</UL>
<BR>[Calls]<UL><LI><a href="#[b7]">&gt;&gt;</a>&nbsp;&nbsp;&nbsp;W25QXX_PageWrite
<LI><a href="#[b5]">&gt;&gt;</a>&nbsp;&nbsp;&nbsp;W25QXX_Read
<LI><a href="#[b2]">&gt;&gt;</a>&nbsp;&nbsp;&nbsp;W25QXX_Erase_Sector
</UL>
<BR>[Called By]<UL><LI><a href="#[7c]">&gt;&gt;</a>&nbsp;&nbsp;&nbsp;update_hzfont
<LI><a href="#[13d]">&gt;&gt;</a>&nbsp;&nbsp;&nbsp;updata_fontx
<LI><a href="#[f8]">&gt;&gt;</a>&nbsp;&nbsp;&nbsp;disk_write
</UL>

<P><STRONG><a name="[be]"></a>mymemcpy</STRONG> (Thumb, 26 bytes, Stack size 16 bytes, malloc.o(.text), UNUSED)
<BR><BR>[Called By]<UL><LI><a href="#[bd]">&gt;&gt;</a>&nbsp;&nbsp;&nbsp;Remem_malloc
</UL>

<P><STRONG><a name="[b9]"></a>mymemset</STRONG> (Thumb, 20 bytes, Stack size 12 bytes, malloc.o(.text))
<BR><BR>[Stack]<UL><LI>Max Depth = 12<LI>Call Chain = mymemset
</UL>
<BR>[Called By]<UL><LI><a href="#[79]">&gt;&gt;</a>&nbsp;&nbsp;&nbsp;Memory_Init
</UL>

<P><STRONG><a name="[79]"></a>Memory_Init</STRONG> (Thumb, 50 bytes, Stack size 8 bytes, malloc.o(.text))
<BR><BR>[Stack]<UL><LI>Max Depth = 20<LI>Call Chain = Memory_Init &rArr; mymemset
</UL>
<BR>[Calls]<UL><LI><a href="#[b9]">&gt;&gt;</a>&nbsp;&nbsp;&nbsp;mymemset
</UL>
<BR>[Called By]<UL><LI><a href="#[bb]">&gt;&gt;</a>&nbsp;&nbsp;&nbsp;memin_free
<LI><a href="#[ba]">&gt;&gt;</a>&nbsp;&nbsp;&nbsp;memin_malloc
<LI><a href="#[6d]">&gt;&gt;</a>&nbsp;&nbsp;&nbsp;main
</UL>

<P><STRONG><a name="[16d]"></a>Mem_perused</STRONG> (Thumb, 54 bytes, Stack size 8 bytes, malloc.o(.text), UNUSED)

<P><STRONG><a name="[ba]"></a>memin_malloc</STRONG> (Thumb, 156 bytes, Stack size 28 bytes, malloc.o(.text))
<BR><BR>[Stack]<UL><LI>Max Depth = 48<LI>Call Chain = memin_malloc &rArr; Memory_Init &rArr; mymemset
</UL>
<BR>[Calls]<UL><LI><a href="#[79]">&gt;&gt;</a>&nbsp;&nbsp;&nbsp;Memory_Init
</UL>
<BR>[Called By]<UL><LI><a href="#[bd]">&gt;&gt;</a>&nbsp;&nbsp;&nbsp;Remem_malloc
<LI><a href="#[7a]">&gt;&gt;</a>&nbsp;&nbsp;&nbsp;Mem_malloc
</UL>

<P><STRONG><a name="[bb]"></a>memin_free</STRONG> (Thumb, 84 bytes, Stack size 20 bytes, malloc.o(.text))
<BR><BR>[Stack]<UL><LI>Max Depth = 40<LI>Call Chain = memin_free &rArr; Memory_Init &rArr; mymemset
</UL>
<BR>[Calls]<UL><LI><a href="#[79]">&gt;&gt;</a>&nbsp;&nbsp;&nbsp;Memory_Init
</UL>
<BR>[Called By]<UL><LI><a href="#[bc]">&gt;&gt;</a>&nbsp;&nbsp;&nbsp;Mem_free
</UL>

<P><STRONG><a name="[bc]"></a>Mem_free</STRONG> (Thumb, 30 bytes, Stack size 16 bytes, malloc.o(.text))
<BR><BR>[Stack]<UL><LI>Max Depth = 56<LI>Call Chain = Mem_free &rArr; memin_free &rArr; Memory_Init &rArr; mymemset
</UL>
<BR>[Calls]<UL><LI><a href="#[bb]">&gt;&gt;</a>&nbsp;&nbsp;&nbsp;memin_free
</UL>
<BR>[Called By]<UL><LI><a href="#[bd]">&gt;&gt;</a>&nbsp;&nbsp;&nbsp;Remem_malloc
<LI><a href="#[7c]">&gt;&gt;</a>&nbsp;&nbsp;&nbsp;update_hzfont
<LI><a href="#[13d]">&gt;&gt;</a>&nbsp;&nbsp;&nbsp;updata_fontx
<LI><a href="#[fc]">&gt;&gt;</a>&nbsp;&nbsp;&nbsp;ff_memfree
</UL>

<P><STRONG><a name="[7a]"></a>Mem_malloc</STRONG> (Thumb, 34 bytes, Stack size 16 bytes, malloc.o(.text))
<BR><BR>[Stack]<UL><LI>Max Depth = 64<LI>Call Chain = Mem_malloc &rArr; memin_malloc &rArr; Memory_Init &rArr; mymemset
</UL>
<BR>[Calls]<UL><LI><a href="#[ba]">&gt;&gt;</a>&nbsp;&nbsp;&nbsp;memin_malloc
</UL>
<BR>[Called By]<UL><LI><a href="#[7c]">&gt;&gt;</a>&nbsp;&nbsp;&nbsp;update_hzfont
<LI><a href="#[6d]">&gt;&gt;</a>&nbsp;&nbsp;&nbsp;main
<LI><a href="#[13d]">&gt;&gt;</a>&nbsp;&nbsp;&nbsp;updata_fontx
<LI><a href="#[fb]">&gt;&gt;</a>&nbsp;&nbsp;&nbsp;ff_memalloc
</UL>

<P><STRONG><a name="[bd]"></a>Remem_malloc</STRONG> (Thumb, 60 bytes, Stack size 20 bytes, malloc.o(.text), UNUSED)
<BR><BR>[Calls]<UL><LI><a href="#[bc]">&gt;&gt;</a>&nbsp;&nbsp;&nbsp;Mem_free
<LI><a href="#[ba]">&gt;&gt;</a>&nbsp;&nbsp;&nbsp;memin_malloc
<LI><a href="#[be]">&gt;&gt;</a>&nbsp;&nbsp;&nbsp;mymemcpy
</UL>

<P><STRONG><a name="[d3]"></a>SDIO_Register_Deinit</STRONG> (Thumb, 48 bytes, Stack size 0 bytes, tfcard_sdio.o(.text))
<BR><BR>[Called By]<UL><LI><a href="#[d2]">&gt;&gt;</a>&nbsp;&nbsp;&nbsp;SD_Init
</UL>

<P><STRONG><a name="[d7]"></a>SD_SetDeviceMode</STRONG> (Thumb, 20 bytes, Stack size 0 bytes, tfcard_sdio.o(.text))
<BR><BR>[Called By]<UL><LI><a href="#[d2]">&gt;&gt;</a>&nbsp;&nbsp;&nbsp;SD_Init
</UL>

<P><STRONG><a name="[d6]"></a>SDIO_Clock_Set</STRONG> (Thumb, 18 bytes, Stack size 0 bytes, tfcard_sdio.o(.text))
<BR><BR>[Called By]<UL><LI><a href="#[d2]">&gt;&gt;</a>&nbsp;&nbsp;&nbsp;SD_Init
</UL>

<P><STRONG><a name="[bf]"></a>CmdResp1Error</STRONG> (Thumb, 96 bytes, Stack size 16 bytes, tfcard_sdio.o(.text))
<BR><BR>[Stack]<UL><LI>Max Depth = 16<LI>Call Chain = CmdResp1Error
</UL>
<BR>[Calls]<UL><LI><a href="#[c0]">&gt;&gt;</a>&nbsp;&nbsp;&nbsp;SDIO_GetFlagStatus
<LI><a href="#[c1]">&gt;&gt;</a>&nbsp;&nbsp;&nbsp;SDIO_ClearFlag
</UL>
<BR>[Called By]<UL><LI><a href="#[e8]">&gt;&gt;</a>&nbsp;&nbsp;&nbsp;SD_SendStatus
<LI><a href="#[e7]">&gt;&gt;</a>&nbsp;&nbsp;&nbsp;SD_ProcessIRQSrc
<LI><a href="#[e6]">&gt;&gt;</a>&nbsp;&nbsp;&nbsp;SD_WriteMultiBlocks
<LI><a href="#[e5]">&gt;&gt;</a>&nbsp;&nbsp;&nbsp;SD_WriteBlock
<LI><a href="#[e3]">&gt;&gt;</a>&nbsp;&nbsp;&nbsp;SD_ReadMultiBlocks
<LI><a href="#[df]">&gt;&gt;</a>&nbsp;&nbsp;&nbsp;SD_ReadBlock
<LI><a href="#[cf]">&gt;&gt;</a>&nbsp;&nbsp;&nbsp;SD_PowerON
<LI><a href="#[c7]">&gt;&gt;</a>&nbsp;&nbsp;&nbsp;SD_SelectDeselect
<LI><a href="#[c5]">&gt;&gt;</a>&nbsp;&nbsp;&nbsp;SDEnWideBus
<LI><a href="#[c2]">&gt;&gt;</a>&nbsp;&nbsp;&nbsp;FindSCR
</UL>

<P><STRONG><a name="[c2]"></a>FindSCR</STRONG> (Thumb, 390 bytes, Stack size 32 bytes, tfcard_sdio.o(.text))
<BR><BR>[Stack]<UL><LI>Max Depth = 48<LI>Call Chain = FindSCR &rArr; CmdResp1Error
</UL>
<BR>[Calls]<UL><LI><a href="#[c3]">&gt;&gt;</a>&nbsp;&nbsp;&nbsp;SDIO_SendCommand
<LI><a href="#[c0]">&gt;&gt;</a>&nbsp;&nbsp;&nbsp;SDIO_GetFlagStatus
<LI><a href="#[c4]">&gt;&gt;</a>&nbsp;&nbsp;&nbsp;SDIO_DataConfig
<LI><a href="#[c1]">&gt;&gt;</a>&nbsp;&nbsp;&nbsp;SDIO_ClearFlag
<LI><a href="#[bf]">&gt;&gt;</a>&nbsp;&nbsp;&nbsp;CmdResp1Error
</UL>
<BR>[Called By]<UL><LI><a href="#[c5]">&gt;&gt;</a>&nbsp;&nbsp;&nbsp;SDEnWideBus
</UL>

<P><STRONG><a name="[c5]"></a>SDEnWideBus</STRONG> (Thumb, 160 bytes, Stack size 24 bytes, tfcard_sdio.o(.text))
<BR><BR>[Stack]<UL><LI>Max Depth = 72<LI>Call Chain = SDEnWideBus &rArr; FindSCR &rArr; CmdResp1Error
</UL>
<BR>[Calls]<UL><LI><a href="#[c3]">&gt;&gt;</a>&nbsp;&nbsp;&nbsp;SDIO_SendCommand
<LI><a href="#[c2]">&gt;&gt;</a>&nbsp;&nbsp;&nbsp;FindSCR
<LI><a href="#[bf]">&gt;&gt;</a>&nbsp;&nbsp;&nbsp;CmdResp1Error
</UL>
<BR>[Called By]<UL><LI><a href="#[c6]">&gt;&gt;</a>&nbsp;&nbsp;&nbsp;SD_EnableWideBusOperation
</UL>

<P><STRONG><a name="[c6]"></a>SD_EnableWideBusOperation</STRONG> (Thumb, 98 bytes, Stack size 16 bytes, tfcard_sdio.o(.text))
<BR><BR>[Stack]<UL><LI>Max Depth = 88<LI>Call Chain = SD_EnableWideBusOperation &rArr; SDEnWideBus &rArr; FindSCR &rArr; CmdResp1Error
</UL>
<BR>[Calls]<UL><LI><a href="#[c5]">&gt;&gt;</a>&nbsp;&nbsp;&nbsp;SDEnWideBus
</UL>
<BR>[Called By]<UL><LI><a href="#[d2]">&gt;&gt;</a>&nbsp;&nbsp;&nbsp;SD_Init
</UL>

<P><STRONG><a name="[c7]"></a>SD_SelectDeselect</STRONG> (Thumb, 42 bytes, Stack size 8 bytes, tfcard_sdio.o(.text))
<BR><BR>[Stack]<UL><LI>Max Depth = 24<LI>Call Chain = SD_SelectDeselect &rArr; CmdResp1Error
</UL>
<BR>[Calls]<UL><LI><a href="#[c3]">&gt;&gt;</a>&nbsp;&nbsp;&nbsp;SDIO_SendCommand
<LI><a href="#[bf]">&gt;&gt;</a>&nbsp;&nbsp;&nbsp;CmdResp1Error
</UL>
<BR>[Called By]<UL><LI><a href="#[d2]">&gt;&gt;</a>&nbsp;&nbsp;&nbsp;SD_Init
</UL>

<P><STRONG><a name="[d5]"></a>SD_GetCardInfo</STRONG> (Thumb, 806 bytes, Stack size 20 bytes, tfcard_sdio.o(.text))
<BR><BR>[Stack]<UL><LI>Max Depth = 20<LI>Call Chain = SD_GetCardInfo
</UL>
<BR>[Called By]<UL><LI><a href="#[d2]">&gt;&gt;</a>&nbsp;&nbsp;&nbsp;SD_Init
</UL>

<P><STRONG><a name="[c8]"></a>CmdResp2Error</STRONG> (Thumb, 80 bytes, Stack size 16 bytes, tfcard_sdio.o(.text))
<BR><BR>[Stack]<UL><LI>Max Depth = 16<LI>Call Chain = CmdResp2Error
</UL>
<BR>[Calls]<UL><LI><a href="#[c0]">&gt;&gt;</a>&nbsp;&nbsp;&nbsp;SDIO_GetFlagStatus
<LI><a href="#[c1]">&gt;&gt;</a>&nbsp;&nbsp;&nbsp;SDIO_ClearFlag
</UL>
<BR>[Called By]<UL><LI><a href="#[ca]">&gt;&gt;</a>&nbsp;&nbsp;&nbsp;SD_InitializeCards
</UL>

<P><STRONG><a name="[c9]"></a>CmdResp6Error</STRONG> (Thumb, 144 bytes, Stack size 24 bytes, tfcard_sdio.o(.text))
<BR><BR>[Stack]<UL><LI>Max Depth = 24<LI>Call Chain = CmdResp6Error
</UL>
<BR>[Calls]<UL><LI><a href="#[c0]">&gt;&gt;</a>&nbsp;&nbsp;&nbsp;SDIO_GetFlagStatus
<LI><a href="#[c1]">&gt;&gt;</a>&nbsp;&nbsp;&nbsp;SDIO_ClearFlag
</UL>
<BR>[Called By]<UL><LI><a href="#[ca]">&gt;&gt;</a>&nbsp;&nbsp;&nbsp;SD_InitializeCards
</UL>

<P><STRONG><a name="[ca]"></a>SD_InitializeCards</STRONG> (Thumb, 354 bytes, Stack size 16 bytes, tfcard_sdio.o(.text))
<BR><BR>[Stack]<UL><LI>Max Depth = 40<LI>Call Chain = SD_InitializeCards &rArr; CmdResp6Error
</UL>
<BR>[Calls]<UL><LI><a href="#[c3]">&gt;&gt;</a>&nbsp;&nbsp;&nbsp;SDIO_SendCommand
<LI><a href="#[cb]">&gt;&gt;</a>&nbsp;&nbsp;&nbsp;SDIO_GetPowerState
<LI><a href="#[c9]">&gt;&gt;</a>&nbsp;&nbsp;&nbsp;CmdResp6Error
<LI><a href="#[c8]">&gt;&gt;</a>&nbsp;&nbsp;&nbsp;CmdResp2Error
</UL>
<BR>[Called By]<UL><LI><a href="#[d2]">&gt;&gt;</a>&nbsp;&nbsp;&nbsp;SD_Init
</UL>

<P><STRONG><a name="[cc]"></a>CmdResp3Error</STRONG> (Thumb, 52 bytes, Stack size 8 bytes, tfcard_sdio.o(.text))
<BR><BR>[Stack]<UL><LI>Max Depth = 8<LI>Call Chain = CmdResp3Error
</UL>
<BR>[Calls]<UL><LI><a href="#[c0]">&gt;&gt;</a>&nbsp;&nbsp;&nbsp;SDIO_GetFlagStatus
<LI><a href="#[c1]">&gt;&gt;</a>&nbsp;&nbsp;&nbsp;SDIO_ClearFlag
</UL>
<BR>[Called By]<UL><LI><a href="#[cf]">&gt;&gt;</a>&nbsp;&nbsp;&nbsp;SD_PowerON
</UL>

<P><STRONG><a name="[cd]"></a>CmdResp7Error</STRONG> (Thumb, 72 bytes, Stack size 16 bytes, tfcard_sdio.o(.text))
<BR><BR>[Stack]<UL><LI>Max Depth = 16<LI>Call Chain = CmdResp7Error
</UL>
<BR>[Calls]<UL><LI><a href="#[c1]">&gt;&gt;</a>&nbsp;&nbsp;&nbsp;SDIO_ClearFlag
</UL>
<BR>[Called By]<UL><LI><a href="#[cf]">&gt;&gt;</a>&nbsp;&nbsp;&nbsp;SD_PowerON
</UL>

<P><STRONG><a name="[ce]"></a>CmdError</STRONG> (Thumb, 48 bytes, Stack size 16 bytes, tfcard_sdio.o(.text))
<BR><BR>[Stack]<UL><LI>Max Depth = 16<LI>Call Chain = CmdError
</UL>
<BR>[Calls]<UL><LI><a href="#[c0]">&gt;&gt;</a>&nbsp;&nbsp;&nbsp;SDIO_GetFlagStatus
<LI><a href="#[c1]">&gt;&gt;</a>&nbsp;&nbsp;&nbsp;SDIO_ClearFlag
</UL>
<BR>[Called By]<UL><LI><a href="#[cf]">&gt;&gt;</a>&nbsp;&nbsp;&nbsp;SD_PowerON
</UL>

<P><STRONG><a name="[cf]"></a>SD_PowerON</STRONG> (Thumb, 460 bytes, Stack size 32 bytes, tfcard_sdio.o(.text))
<BR><BR>[Stack]<UL><LI>Max Depth = 48<LI>Call Chain = SD_PowerON &rArr; CmdError
</UL>
<BR>[Calls]<UL><LI><a href="#[d1]">&gt;&gt;</a>&nbsp;&nbsp;&nbsp;SDIO_SetPowerState
<LI><a href="#[c3]">&gt;&gt;</a>&nbsp;&nbsp;&nbsp;SDIO_SendCommand
<LI><a href="#[d0]">&gt;&gt;</a>&nbsp;&nbsp;&nbsp;SDIO_Init
<LI><a href="#[ce]">&gt;&gt;</a>&nbsp;&nbsp;&nbsp;CmdError
<LI><a href="#[cd]">&gt;&gt;</a>&nbsp;&nbsp;&nbsp;CmdResp7Error
<LI><a href="#[cc]">&gt;&gt;</a>&nbsp;&nbsp;&nbsp;CmdResp3Error
<LI><a href="#[bf]">&gt;&gt;</a>&nbsp;&nbsp;&nbsp;CmdResp1Error
</UL>
<BR>[Called By]<UL><LI><a href="#[d2]">&gt;&gt;</a>&nbsp;&nbsp;&nbsp;SD_Init
</UL>

<P><STRONG><a name="[d2]"></a>SD_Init</STRONG> (Thumb, 334 bytes, Stack size 24 bytes, tfcard_sdio.o(.text))
<BR><BR>[Stack]<UL><LI>Max Depth = 112<LI>Call Chain = SD_Init &rArr; SD_EnableWideBusOperation &rArr; SDEnWideBus &rArr; FindSCR &rArr; CmdResp1Error
</UL>
<BR>[Calls]<UL><LI><a href="#[d4]">&gt;&gt;</a>&nbsp;&nbsp;&nbsp;NVIC_Init
<LI><a href="#[cf]">&gt;&gt;</a>&nbsp;&nbsp;&nbsp;SD_PowerON
<LI><a href="#[ca]">&gt;&gt;</a>&nbsp;&nbsp;&nbsp;SD_InitializeCards
<LI><a href="#[d5]">&gt;&gt;</a>&nbsp;&nbsp;&nbsp;SD_GetCardInfo
<LI><a href="#[c7]">&gt;&gt;</a>&nbsp;&nbsp;&nbsp;SD_SelectDeselect
<LI><a href="#[c6]">&gt;&gt;</a>&nbsp;&nbsp;&nbsp;SD_EnableWideBusOperation
<LI><a href="#[d6]">&gt;&gt;</a>&nbsp;&nbsp;&nbsp;SDIO_Clock_Set
<LI><a href="#[d7]">&gt;&gt;</a>&nbsp;&nbsp;&nbsp;SD_SetDeviceMode
<LI><a href="#[d3]">&gt;&gt;</a>&nbsp;&nbsp;&nbsp;SDIO_Register_Deinit
<LI><a href="#[a7]">&gt;&gt;</a>&nbsp;&nbsp;&nbsp;RCC_APB2PeriphResetCmd
<LI><a href="#[a6]">&gt;&gt;</a>&nbsp;&nbsp;&nbsp;RCC_APB2PeriphClockCmd
<LI><a href="#[96]">&gt;&gt;</a>&nbsp;&nbsp;&nbsp;GPIO_PinAFConfig
<LI><a href="#[83]">&gt;&gt;</a>&nbsp;&nbsp;&nbsp;RCC_AHB1PeriphClockCmd
<LI><a href="#[84]">&gt;&gt;</a>&nbsp;&nbsp;&nbsp;GPIO_Init
</UL>
<BR>[Called By]<UL><LI><a href="#[e6]">&gt;&gt;</a>&nbsp;&nbsp;&nbsp;SD_WriteMultiBlocks
<LI><a href="#[e5]">&gt;&gt;</a>&nbsp;&nbsp;&nbsp;SD_WriteBlock
<LI><a href="#[7c]">&gt;&gt;</a>&nbsp;&nbsp;&nbsp;update_hzfont
<LI><a href="#[f6]">&gt;&gt;</a>&nbsp;&nbsp;&nbsp;disk_initialize
</UL>

<P><STRONG><a name="[d8]"></a>SD_PowerOFF</STRONG> (Thumb, 12 bytes, Stack size 8 bytes, tfcard_sdio.o(.text), UNUSED)
<BR><BR>[Calls]<UL><LI><a href="#[d1]">&gt;&gt;</a>&nbsp;&nbsp;&nbsp;SDIO_SetPowerState
</UL>

<P><STRONG><a name="[d9]"></a>SD_DMA_Config</STRONG> (Thumb, 118 bytes, Stack size 80 bytes, tfcard_sdio.o(.text))
<BR><BR>[Stack]<UL><LI>Max Depth = 88<LI>Call Chain = SD_DMA_Config &rArr; DMA_Init
</UL>
<BR>[Calls]<UL><LI><a href="#[dc]">&gt;&gt;</a>&nbsp;&nbsp;&nbsp;DMA_Init
<LI><a href="#[da]">&gt;&gt;</a>&nbsp;&nbsp;&nbsp;DMA_GetCmdStatus
<LI><a href="#[dd]">&gt;&gt;</a>&nbsp;&nbsp;&nbsp;DMA_FlowControllerConfig
<LI><a href="#[db]">&gt;&gt;</a>&nbsp;&nbsp;&nbsp;DMA_DeInit
<LI><a href="#[de]">&gt;&gt;</a>&nbsp;&nbsp;&nbsp;DMA_Cmd
</UL>
<BR>[Called By]<UL><LI><a href="#[e6]">&gt;&gt;</a>&nbsp;&nbsp;&nbsp;SD_WriteMultiBlocks
<LI><a href="#[e5]">&gt;&gt;</a>&nbsp;&nbsp;&nbsp;SD_WriteBlock
<LI><a href="#[e3]">&gt;&gt;</a>&nbsp;&nbsp;&nbsp;SD_ReadMultiBlocks
<LI><a href="#[df]">&gt;&gt;</a>&nbsp;&nbsp;&nbsp;SD_ReadBlock
</UL>

<P><STRONG><a name="[e0]"></a>convert_from_bytes_to_power_of_two</STRONG> (Thumb, 18 bytes, Stack size 0 bytes, tfcard_sdio.o(.text))
<BR><BR>[Called By]<UL><LI><a href="#[e6]">&gt;&gt;</a>&nbsp;&nbsp;&nbsp;SD_WriteMultiBlocks
<LI><a href="#[e5]">&gt;&gt;</a>&nbsp;&nbsp;&nbsp;SD_WriteBlock
<LI><a href="#[e3]">&gt;&gt;</a>&nbsp;&nbsp;&nbsp;SD_ReadMultiBlocks
<LI><a href="#[df]">&gt;&gt;</a>&nbsp;&nbsp;&nbsp;SD_ReadBlock
</UL>

<P><STRONG><a name="[df]"></a>SD_ReadBlock</STRONG> (Thumb, 578 bytes, Stack size 40 bytes, tfcard_sdio.o(.text))
<BR><BR>[Stack]<UL><LI>Max Depth = 128<LI>Call Chain = SD_ReadBlock &rArr; SD_DMA_Config &rArr; DMA_Init
</UL>
<BR>[Calls]<UL><LI><a href="#[c3]">&gt;&gt;</a>&nbsp;&nbsp;&nbsp;SDIO_SendCommand
<LI><a href="#[c0]">&gt;&gt;</a>&nbsp;&nbsp;&nbsp;SDIO_GetFlagStatus
<LI><a href="#[c4]">&gt;&gt;</a>&nbsp;&nbsp;&nbsp;SDIO_DataConfig
<LI><a href="#[c1]">&gt;&gt;</a>&nbsp;&nbsp;&nbsp;SDIO_ClearFlag
<LI><a href="#[e2]">&gt;&gt;</a>&nbsp;&nbsp;&nbsp;INTX_ENABLE
<LI><a href="#[e1]">&gt;&gt;</a>&nbsp;&nbsp;&nbsp;INTX_DISABLE
<LI><a href="#[e0]">&gt;&gt;</a>&nbsp;&nbsp;&nbsp;convert_from_bytes_to_power_of_two
<LI><a href="#[d9]">&gt;&gt;</a>&nbsp;&nbsp;&nbsp;SD_DMA_Config
<LI><a href="#[bf]">&gt;&gt;</a>&nbsp;&nbsp;&nbsp;CmdResp1Error
</UL>
<BR>[Called By]<UL><LI><a href="#[ea]">&gt;&gt;</a>&nbsp;&nbsp;&nbsp;SD_ReadSDisk
</UL>

<P><STRONG><a name="[e3]"></a>SD_ReadMultiBlocks</STRONG> (Thumb, 762 bytes, Stack size 56 bytes, tfcard_sdio.o(.text))
<BR><BR>[Stack]<UL><LI>Max Depth = 144<LI>Call Chain = SD_ReadMultiBlocks &rArr; SD_DMA_Config &rArr; DMA_Init
</UL>
<BR>[Calls]<UL><LI><a href="#[c3]">&gt;&gt;</a>&nbsp;&nbsp;&nbsp;SDIO_SendCommand
[...]
<BR><BR>[Called By]<UL><LI><a href="#[135]">&gt;&gt;</a>&nbsp;&nbsp;&nbsp;f_setlabel
<LI><a href="#[117]">&gt;&gt;</a>&nbsp;&nbsp;&nbsp;create_name
</UL>

<P><STRONG><a name="[fd]"></a>sync_window</STRONG> (Thumb, 76 bytes, Stack size 16 bytes, ff.o(.text))
<BR><BR>[Stack]<UL><LI>Max Depth = 280<LI>Call Chain = sync_window &rArr; disk_write &rArr; SD_WriteSDisk &rArr; SD_WriteBlock &rArr; SD_Init &rArr; SD_EnableWideBusOperation &rArr; SDEnWideBus &rArr; FindSCR &rArr; CmdResp1Error
</UL>
<BR>[Calls]<UL><LI><a href="#[f8]">&gt;&gt;</a>&nbsp;&nbsp;&nbsp;disk_write
</UL>
<BR>[Called By]<UL><LI><a href="#[130]">&gt;&gt;</a>&nbsp;&nbsp;&nbsp;f_mkdir
<LI><a href="#[107]">&gt;&gt;</a>&nbsp;&nbsp;&nbsp;dir_next
<LI><a href="#[ff]">&gt;&gt;</a>&nbsp;&nbsp;&nbsp;sync_fs
<LI><a href="#[fe]">&gt;&gt;</a>&nbsp;&nbsp;&nbsp;move_window
</UL>

<P><STRONG><a name="[fe]"></a>move_window</STRONG> (Thumb, 50 bytes, Stack size 16 bytes, ff.o(.text))
<BR><BR>[Stack]<UL><LI>Max Depth = 296<LI>Call Chain = move_window &rArr; sync_window &rArr; disk_write &rArr; SD_WriteSDisk &rArr; SD_WriteBlock &rArr; SD_Init &rArr; SD_EnableWideBusOperation &rArr; SDEnWideBus &rArr; FindSCR &rArr; CmdResp1Error
</UL>
<BR>[Calls]<UL><LI><a href="#[fd]">&gt;&gt;</a>&nbsp;&nbsp;&nbsp;sync_window
<LI><a href="#[f7]">&gt;&gt;</a>&nbsp;&nbsp;&nbsp;disk_read
</UL>
<BR>[Called By]<UL><LI><a href="#[134]">&gt;&gt;</a>&nbsp;&nbsp;&nbsp;f_getlabel
<LI><a href="#[133]">&gt;&gt;</a>&nbsp;&nbsp;&nbsp;f_rename
<LI><a href="#[12d]">&gt;&gt;</a>&nbsp;&nbsp;&nbsp;f_getfree
<LI><a href="#[126]">&gt;&gt;</a>&nbsp;&nbsp;&nbsp;f_sync
<LI><a href="#[120]">&gt;&gt;</a>&nbsp;&nbsp;&nbsp;f_open
<LI><a href="#[102]">&gt;&gt;</a>&nbsp;&nbsp;&nbsp;put_fat
<LI><a href="#[101]">&gt;&gt;</a>&nbsp;&nbsp;&nbsp;get_fat
<LI><a href="#[11c]">&gt;&gt;</a>&nbsp;&nbsp;&nbsp;find_volume
<LI><a href="#[11b]">&gt;&gt;</a>&nbsp;&nbsp;&nbsp;check_fs
<LI><a href="#[114]">&gt;&gt;</a>&nbsp;&nbsp;&nbsp;dir_remove
<LI><a href="#[112]">&gt;&gt;</a>&nbsp;&nbsp;&nbsp;dir_register
<LI><a href="#[110]">&gt;&gt;</a>&nbsp;&nbsp;&nbsp;dir_read
<LI><a href="#[10d]">&gt;&gt;</a>&nbsp;&nbsp;&nbsp;dir_find
<LI><a href="#[108]">&gt;&gt;</a>&nbsp;&nbsp;&nbsp;dir_alloc
</UL>

<P><STRONG><a name="[ff]"></a>sync_fs</STRONG> (Thumb, 200 bytes, Stack size 16 bytes, ff.o(.text))
<BR><BR>[Stack]<UL><LI>Max Depth = 296<LI>Call Chain = sync_fs &rArr; sync_window &rArr; disk_write &rArr; SD_WriteSDisk &rArr; SD_WriteBlock &rArr; SD_Init &rArr; SD_EnableWideBusOperation &rArr; SDEnWideBus &rArr; FindSCR &rArr; CmdResp1Error
</UL>
<BR>[Calls]<UL><LI><a href="#[fd]">&gt;&gt;</a>&nbsp;&nbsp;&nbsp;sync_window
<LI><a href="#[100]">&gt;&gt;</a>&nbsp;&nbsp;&nbsp;mem_set
<LI><a href="#[f9]">&gt;&gt;</a>&nbsp;&nbsp;&nbsp;disk_ioctl
<LI><a href="#[f8]">&gt;&gt;</a>&nbsp;&nbsp;&nbsp;disk_write
</UL>
<BR>[Called By]<UL><LI><a href="#[135]">&gt;&gt;</a>&nbsp;&nbsp;&nbsp;f_setlabel
<LI><a href="#[133]">&gt;&gt;</a>&nbsp;&nbsp;&nbsp;f_rename
<LI><a href="#[132]">&gt;&gt;</a>&nbsp;&nbsp;&nbsp;f_utime
<LI><a href="#[131]">&gt;&gt;</a>&nbsp;&nbsp;&nbsp;f_chmod
<LI><a href="#[130]">&gt;&gt;</a>&nbsp;&nbsp;&nbsp;f_mkdir
<LI><a href="#[12f]">&gt;&gt;</a>&nbsp;&nbsp;&nbsp;f_unlink
<LI><a href="#[126]">&gt;&gt;</a>&nbsp;&nbsp;&nbsp;f_sync
</UL>

<P><STRONG><a name="[103]"></a>remove_chain</STRONG> (Thumb, 108 bytes, Stack size 24 bytes, ff.o(.text))
<BR><BR>[Stack]<UL><LI>Max Depth = 352<LI>Call Chain = remove_chain &rArr; put_fat &rArr; move_window &rArr; sync_window &rArr; disk_write &rArr; SD_WriteSDisk &rArr; SD_WriteBlock &rArr; SD_Init &rArr; SD_EnableWideBusOperation &rArr; SDEnWideBus &rArr; FindSCR &rArr; CmdResp1Error
</UL>
<BR>[Calls]<UL><LI><a href="#[102]">&gt;&gt;</a>&nbsp;&nbsp;&nbsp;put_fat
<LI><a href="#[101]">&gt;&gt;</a>&nbsp;&nbsp;&nbsp;get_fat
</UL>
<BR>[Called By]<UL><LI><a href="#[130]">&gt;&gt;</a>&nbsp;&nbsp;&nbsp;f_mkdir
<LI><a href="#[12f]">&gt;&gt;</a>&nbsp;&nbsp;&nbsp;f_unlink
<LI><a href="#[12e]">&gt;&gt;</a>&nbsp;&nbsp;&nbsp;f_truncate
<LI><a href="#[120]">&gt;&gt;</a>&nbsp;&nbsp;&nbsp;f_open
</UL>

<P><STRONG><a name="[104]"></a>create_chain</STRONG> (Thumb, 214 bytes, Stack size 32 bytes, ff.o(.text))
<BR><BR>[Stack]<UL><LI>Max Depth = 360<LI>Call Chain = create_chain &rArr; put_fat &rArr; move_window &rArr; sync_window &rArr; disk_write &rArr; SD_WriteSDisk &rArr; SD_WriteBlock &rArr; SD_Init &rArr; SD_EnableWideBusOperation &rArr; SDEnWideBus &rArr; FindSCR &rArr; CmdResp1Error
</UL>
<BR>[Calls]<UL><LI><a href="#[102]">&gt;&gt;</a>&nbsp;&nbsp;&nbsp;put_fat
<LI><a href="#[101]">&gt;&gt;</a>&nbsp;&nbsp;&nbsp;get_fat
</UL>
<BR>[Called By]<UL><LI><a href="#[130]">&gt;&gt;</a>&nbsp;&nbsp;&nbsp;f_mkdir
<LI><a href="#[128]">&gt;&gt;</a>&nbsp;&nbsp;&nbsp;f_lseek
<LI><a href="#[125]">&gt;&gt;</a>&nbsp;&nbsp;&nbsp;f_write
<LI><a href="#[107]">&gt;&gt;</a>&nbsp;&nbsp;&nbsp;dir_next
</UL>

<P><STRONG><a name="[124]"></a>clmt_clust</STRONG> (Thumb, 50 bytes, Stack size 16 bytes, ff.o(.text))
<BR><BR>[Stack]<UL><LI>Max Depth = 16<LI>Call Chain = clmt_clust
</UL>
<BR>[Called By]<UL><LI><a href="#[128]">&gt;&gt;</a>&nbsp;&nbsp;&nbsp;f_lseek
<LI><a href="#[125]">&gt;&gt;</a>&nbsp;&nbsp;&nbsp;f_write
<LI><a href="#[123]">&gt;&gt;</a>&nbsp;&nbsp;&nbsp;f_read
</UL>

<P><STRONG><a name="[105]"></a>dir_sdi</STRONG> (Thumb, 158 bytes, Stack size 24 bytes, ff.o(.text))
<BR><BR>[Stack]<UL><LI>Max Depth = 344<LI>Call Chain = dir_sdi &rArr; get_fat &rArr; move_window &rArr; sync_window &rArr; disk_write &rArr; SD_WriteSDisk &rArr; SD_WriteBlock &rArr; SD_Init &rArr; SD_EnableWideBusOperation &rArr; SDEnWideBus &rArr; FindSCR &rArr; CmdResp1Error
</UL>
<BR>[Calls]<UL><LI><a href="#[101]">&gt;&gt;</a>&nbsp;&nbsp;&nbsp;get_fat
<LI><a href="#[106]">&gt;&gt;</a>&nbsp;&nbsp;&nbsp;clust2sect
</UL>
<BR>[Called By]<UL><LI><a href="#[135]">&gt;&gt;</a>&nbsp;&nbsp;&nbsp;f_setlabel
<LI><a href="#[134]">&gt;&gt;</a>&nbsp;&nbsp;&nbsp;f_getlabel
<LI><a href="#[12f]">&gt;&gt;</a>&nbsp;&nbsp;&nbsp;f_unlink
<LI><a href="#[12b]">&gt;&gt;</a>&nbsp;&nbsp;&nbsp;f_readdir
<LI><a href="#[129]">&gt;&gt;</a>&nbsp;&nbsp;&nbsp;f_opendir
<LI><a href="#[119]">&gt;&gt;</a>&nbsp;&nbsp;&nbsp;follow_path
<LI><a href="#[114]">&gt;&gt;</a>&nbsp;&nbsp;&nbsp;dir_remove
<LI><a href="#[112]">&gt;&gt;</a>&nbsp;&nbsp;&nbsp;dir_register
<LI><a href="#[10d]">&gt;&gt;</a>&nbsp;&nbsp;&nbsp;dir_find
<LI><a href="#[108]">&gt;&gt;</a>&nbsp;&nbsp;&nbsp;dir_alloc
</UL>

<P><STRONG><a name="[107]"></a>dir_next</STRONG> (Thumb, 272 bytes, Stack size 24 bytes, ff.o(.text))
<BR><BR>[Stack]<UL><LI>Max Depth = 384<LI>Call Chain = dir_next &rArr; create_chain &rArr; put_fat &rArr; move_window &rArr; sync_window &rArr; disk_write &rArr; SD_WriteSDisk &rArr; SD_WriteBlock &rArr; SD_Init &rArr; SD_EnableWideBusOperation &rArr; SDEnWideBus &rArr; FindSCR &rArr; CmdResp1Error
</UL>
<BR>[Calls]<UL><LI><a href="#[101]">&gt;&gt;</a>&nbsp;&nbsp;&nbsp;get_fat
<LI><a href="#[106]">&gt;&gt;</a>&nbsp;&nbsp;&nbsp;clust2sect
<LI><a href="#[104]">&gt;&gt;</a>&nbsp;&nbsp;&nbsp;create_chain
<LI><a href="#[fd]">&gt;&gt;</a>&nbsp;&nbsp;&nbsp;sync_window
<LI><a href="#[100]">&gt;&gt;</a>&nbsp;&nbsp;&nbsp;mem_set
</UL>
<BR>[Called By]<UL><LI><a href="#[12b]">&gt;&gt;</a>&nbsp;&nbsp;&nbsp;f_readdir
<LI><a href="#[114]">&gt;&gt;</a>&nbsp;&nbsp;&nbsp;dir_remove
<LI><a href="#[112]">&gt;&gt;</a>&nbsp;&nbsp;&nbsp;dir_register
<LI><a href="#[110]">&gt;&gt;</a>&nbsp;&nbsp;&nbsp;dir_read
<LI><a href="#[10d]">&gt;&gt;</a>&nbsp;&nbsp;&nbsp;dir_find
<LI><a href="#[108]">&gt;&gt;</a>&nbsp;&nbsp;&nbsp;dir_alloc
</UL>

<P><STRONG><a name="[108]"></a>dir_alloc</STRONG> (Thumb, 92 bytes, Stack size 24 bytes, ff.o(.text))
<BR><BR>[Stack]<UL><LI>Max Depth = 408<LI>Call Chain = dir_alloc &rArr; dir_next &rArr; create_chain &rArr; put_fat &rArr; move_window &rArr; sync_window &rArr; disk_write &rArr; SD_WriteSDisk &rArr; SD_WriteBlock &rArr; SD_Init &rArr; SD_EnableWideBusOperation &rArr; SDEnWideBus &rArr; FindSCR &rArr; CmdResp1Error
</UL>
<BR>[Calls]<UL><LI><a href="#[107]">&gt;&gt;</a>&nbsp;&nbsp;&nbsp;dir_next
<LI><a href="#[105]">&gt;&gt;</a>&nbsp;&nbsp;&nbsp;dir_sdi
<LI><a href="#[fe]">&gt;&gt;</a>&nbsp;&nbsp;&nbsp;move_window
</UL>
<BR>[Called By]<UL><LI><a href="#[135]">&gt;&gt;</a>&nbsp;&nbsp;&nbsp;f_setlabel
<LI><a href="#[112]">&gt;&gt;</a>&nbsp;&nbsp;&nbsp;dir_register
</UL>

<P><STRONG><a name="[11a]"></a>ld_clust</STRONG> (Thumb, 32 bytes, Stack size 8 bytes, ff.o(.text))
<BR><BR>[Stack]<UL><LI>Max Depth = 8<LI>Call Chain = ld_clust
</UL>
<BR>[Called By]<UL><LI><a href="#[133]">&gt;&gt;</a>&nbsp;&nbsp;&nbsp;f_rename
<LI><a href="#[12f]">&gt;&gt;</a>&nbsp;&nbsp;&nbsp;f_unlink
<LI><a href="#[129]">&gt;&gt;</a>&nbsp;&nbsp;&nbsp;f_opendir
<LI><a href="#[120]">&gt;&gt;</a>&nbsp;&nbsp;&nbsp;f_open
<LI><a href="#[119]">&gt;&gt;</a>&nbsp;&nbsp;&nbsp;follow_path
</UL>

<P><STRONG><a name="[122]"></a>st_clust</STRONG> (Thumb, 16 bytes, Stack size 0 bytes, ff.o(.text))
<BR><BR>[Called By]<UL><LI><a href="#[133]">&gt;&gt;</a>&nbsp;&nbsp;&nbsp;f_rename
<LI><a href="#[130]">&gt;&gt;</a>&nbsp;&nbsp;&nbsp;f_mkdir
<LI><a href="#[126]">&gt;&gt;</a>&nbsp;&nbsp;&nbsp;f_sync
<LI><a href="#[120]">&gt;&gt;</a>&nbsp;&nbsp;&nbsp;f_open
</UL>

<P><STRONG><a name="[109]"></a>cmp_lfn</STRONG> (Thumb, 138 bytes, Stack size 32 bytes, ff.o(.text))
<BR><BR>[Stack]<UL><LI>Max Depth = 32<LI>Call Chain = cmp_lfn
</UL>
<BR>[Calls]<UL><LI><a href="#[10a]">&gt;&gt;</a>&nbsp;&nbsp;&nbsp;ff_wtoupper
</UL>
<BR>[Called By]<UL><LI><a href="#[10d]">&gt;&gt;</a>&nbsp;&nbsp;&nbsp;dir_find
</UL>

<P><STRONG><a name="[111]"></a>pick_lfn</STRONG> (Thumb, 112 bytes, Stack size 20 bytes, ff.o(.text), UNUSED)
<BR><BR>[Called By]<UL><LI><a href="#[110]">&gt;&gt;</a>&nbsp;&nbsp;&nbsp;dir_read
</UL>

<P><STRONG><a name="[113]"></a>fit_lfn</STRONG> (Thumb, 122 bytes, Stack size 20 bytes, ff.o(.text))
<BR><BR>[Stack]<UL><LI>Max Depth = 20<LI>Call Chain = fit_lfn
</UL>
<BR>[Called By]<UL><LI><a href="#[112]">&gt;&gt;</a>&nbsp;&nbsp;&nbsp;dir_register
</UL>

<P><STRONG><a name="[10b]"></a>gen_numname</STRONG> (Thumb, 194 bytes, Stack size 40 bytes, ff.o(.text))
<BR><BR>[Stack]<UL><LI>Max Depth = 56<LI>Call Chain = gen_numname &rArr; mem_cpy
</UL>
<BR>[Calls]<UL><LI><a href="#[10c]">&gt;&gt;</a>&nbsp;&nbsp;&nbsp;mem_cpy
</UL>
<BR>[Called By]<UL><LI><a href="#[112]">&gt;&gt;</a>&nbsp;&nbsp;&nbsp;dir_register
</UL>

<P><STRONG><a name="[10e]"></a>sum_sfn</STRONG> (Thumb, 32 bytes, Stack size 12 bytes, ff.o(.text))
<BR><BR>[Stack]<UL><LI>Max Depth = 12<LI>Call Chain = sum_sfn
</UL>
<BR>[Called By]<UL><LI><a href="#[112]">&gt;&gt;</a>&nbsp;&nbsp;&nbsp;dir_register
<LI><a href="#[110]">&gt;&gt;</a>&nbsp;&nbsp;&nbsp;dir_read
<LI><a href="#[10d]">&gt;&gt;</a>&nbsp;&nbsp;&nbsp;dir_find
</UL>

<P><STRONG><a name="[10d]"></a>dir_find</STRONG> (Thumb, 222 bytes, Stack size 32 bytes, ff.o(.text))
<BR><BR>[Stack]<UL><LI>Max Depth = 416<LI>Call Chain = dir_find &rArr; dir_next &rArr; create_chain &rArr; put_fat &rArr; move_window &rArr; sync_window &rArr; disk_write &rArr; SD_WriteSDisk &rArr; SD_WriteBlock &rArr; SD_Init &rArr; SD_EnableWideBusOperation &rArr; SDEnWideBus &rArr; FindSCR &rArr; CmdResp1Error
</UL>
<BR>[Calls]<UL><LI><a href="#[10e]">&gt;&gt;</a>&nbsp;&nbsp;&nbsp;sum_sfn
<LI><a href="#[109]">&gt;&gt;</a>&nbsp;&nbsp;&nbsp;cmp_lfn
<LI><a href="#[107]">&gt;&gt;</a>&nbsp;&nbsp;&nbsp;dir_next
<LI><a href="#[105]">&gt;&gt;</a>&nbsp;&nbsp;&nbsp;dir_sdi
<LI><a href="#[fe]">&gt;&gt;</a>&nbsp;&nbsp;&nbsp;move_window
<LI><a href="#[10f]">&gt;&gt;</a>&nbsp;&nbsp;&nbsp;mem_cmp
</UL>
<BR>[Called By]<UL><LI><a href="#[119]">&gt;&gt;</a>&nbsp;&nbsp;&nbsp;follow_path
<LI><a href="#[112]">&gt;&gt;</a>&nbsp;&nbsp;&nbsp;dir_register
</UL>

<P><STRONG><a name="[110]"></a>dir_read</STRONG> (Thumb, 196 bytes, Stack size 40 bytes, ff.o(.text), UNUSED)
<BR><BR>[Calls]<UL><LI><a href="#[10e]">&gt;&gt;</a>&nbsp;&nbsp;&nbsp;sum_sfn
<LI><a href="#[111]">&gt;&gt;</a>&nbsp;&nbsp;&nbsp;pick_lfn
<LI><a href="#[107]">&gt;&gt;</a>&nbsp;&nbsp;&nbsp;dir_next
<LI><a href="#[fe]">&gt;&gt;</a>&nbsp;&nbsp;&nbsp;move_window
</UL>
<BR>[Called By]<UL><LI><a href="#[135]">&gt;&gt;</a>&nbsp;&nbsp;&nbsp;f_setlabel
<LI><a href="#[134]">&gt;&gt;</a>&nbsp;&nbsp;&nbsp;f_getlabel
<LI><a href="#[12f]">&gt;&gt;</a>&nbsp;&nbsp;&nbsp;f_unlink
<LI><a href="#[12b]">&gt;&gt;</a>&nbsp;&nbsp;&nbsp;f_readdir
</UL>

<P><STRONG><a name="[112]"></a>dir_register</STRONG> (Thumb, 308 bytes, Stack size 48 bytes, ff.o(.text))
<BR><BR>[Stack]<UL><LI>Max Depth = 464<LI>Call Chain = dir_register &rArr; dir_find &rArr; dir_next &rArr; create_chain &rArr; put_fat &rArr; move_window &rArr; sync_window &rArr; disk_write &rArr; SD_WriteSDisk &rArr; SD_WriteBlock &rArr; SD_Init &rArr; SD_EnableWideBusOperation &rArr; SDEnWideBus &rArr; FindSCR &rArr; CmdResp1Error
</UL>
<BR>[Calls]<UL><LI><a href="#[10d]">&gt;&gt;</a>&nbsp;&nbsp;&nbsp;dir_find
<LI><a href="#[10e]">&gt;&gt;</a>&nbsp;&nbsp;&nbsp;sum_sfn
<LI><a href="#[10b]">&gt;&gt;</a>&nbsp;&nbsp;&nbsp;gen_numname
<LI><a href="#[113]">&gt;&gt;</a>&nbsp;&nbsp;&nbsp;fit_lfn
<LI><a href="#[108]">&gt;&gt;</a>&nbsp;&nbsp;&nbsp;dir_alloc
<LI><a href="#[107]">&gt;&gt;</a>&nbsp;&nbsp;&nbsp;dir_next
<LI><a href="#[105]">&gt;&gt;</a>&nbsp;&nbsp;&nbsp;dir_sdi
<LI><a href="#[fe]">&gt;&gt;</a>&nbsp;&nbsp;&nbsp;move_window
<LI><a href="#[100]">&gt;&gt;</a>&nbsp;&nbsp;&nbsp;mem_set
<LI><a href="#[10c]">&gt;&gt;</a>&nbsp;&nbsp;&nbsp;mem_cpy
</UL>
<BR>[Called By]<UL><LI><a href="#[133]">&gt;&gt;</a>&nbsp;&nbsp;&nbsp;f_rename
<LI><a href="#[130]">&gt;&gt;</a>&nbsp;&nbsp;&nbsp;f_mkdir
<LI><a href="#[120]">&gt;&gt;</a>&nbsp;&nbsp;&nbsp;f_open
</UL>

<P><STRONG><a name="[114]"></a>dir_remove</STRONG> (Thumb, 106 bytes, Stack size 16 bytes, ff.o(.text), UNUSED)
<BR><BR>[Calls]<UL><LI><a href="#[107]">&gt;&gt;</a>&nbsp;&nbsp;&nbsp;dir_next
<LI><a href="#[105]">&gt;&gt;</a>&nbsp;&nbsp;&nbsp;dir_sdi
<LI><a href="#[fe]">&gt;&gt;</a>&nbsp;&nbsp;&nbsp;move_window
<LI><a href="#[100]">&gt;&gt;</a>&nbsp;&nbsp;&nbsp;mem_set
</UL>
<BR>[Called By]<UL><LI><a href="#[133]">&gt;&gt;</a>&nbsp;&nbsp;&nbsp;f_rename
<LI><a href="#[12f]">&gt;&gt;</a>&nbsp;&nbsp;&nbsp;f_unlink
</UL>

<P><STRONG><a name="[115]"></a>get_fileinfo</STRONG> (Thumb, 268 bytes, Stack size 32 bytes, ff.o(.text), UNUSED)
<BR><BR>[Calls]<UL><LI><a href="#[116]">&gt;&gt;</a>&nbsp;&nbsp;&nbsp;ff_convert
</UL>
<BR>[Called By]<UL><LI><a href="#[12c]">&gt;&gt;</a>&nbsp;&nbsp;&nbsp;f_stat
<LI><a href="#[12b]">&gt;&gt;</a>&nbsp;&nbsp;&nbsp;f_readdir
</UL>

<P><STRONG><a name="[117]"></a>create_name</STRONG> (Thumb, 604 bytes, Stack size 56 bytes, ff.o(.text))
<BR><BR>[Stack]<UL><LI>Max Depth = 128<LI>Call Chain = create_name &rArr; ff_convert &rArr; W25QXX_Read &rArr; SPI1_ReadWriteByte
</UL>
<BR>[Calls]<UL><LI><a href="#[10a]">&gt;&gt;</a>&nbsp;&nbsp;&nbsp;ff_wtoupper
<LI><a href="#[116]">&gt;&gt;</a>&nbsp;&nbsp;&nbsp;ff_convert
<LI><a href="#[118]">&gt;&gt;</a>&nbsp;&nbsp;&nbsp;chk_chr
<LI><a href="#[100]">&gt;&gt;</a>&nbsp;&nbsp;&nbsp;mem_set
</UL>
<BR>[Called By]<UL><LI><a href="#[119]">&gt;&gt;</a>&nbsp;&nbsp;&nbsp;follow_path
</UL>

<P><STRONG><a name="[119]"></a>follow_path</STRONG> (Thumb, 144 bytes, Stack size 32 bytes, ff.o(.text))
<BR><BR>[Stack]<UL><LI>Max Depth = 448<LI>Call Chain = follow_path &rArr; dir_find &rArr; dir_next &rArr; create_chain &rArr; put_fat &rArr; move_window &rArr; sync_window &rArr; disk_write &rArr; SD_WriteSDisk &rArr; SD_WriteBlock &rArr; SD_Init &rArr; SD_EnableWideBusOperation &rArr; SDEnWideBus &rArr; FindSCR &rArr; CmdResp1Error
</UL>
<BR>[Calls]<UL><LI><a href="#[117]">&gt;&gt;</a>&nbsp;&nbsp;&nbsp;create_name
<LI><a href="#[10d]">&gt;&gt;</a>&nbsp;&nbsp;&nbsp;dir_find
<LI><a href="#[11a]">&gt;&gt;</a>&nbsp;&nbsp;&nbsp;ld_clust
<LI><a href="#[105]">&gt;&gt;</a>&nbsp;&nbsp;&nbsp;dir_sdi
</UL>
<BR>[Called By]<UL><LI><a href="#[133]">&gt;&gt;</a>&nbsp;&nbsp;&nbsp;f_rename
<LI><a href="#[132]">&gt;&gt;</a>&nbsp;&nbsp;&nbsp;f_utime
<LI><a href="#[131]">&gt;&gt;</a>&nbsp;&nbsp;&nbsp;f_chmod
<LI><a href="#[130]">&gt;&gt;</a>&nbsp;&nbsp;&nbsp;f_mkdir
<LI><a href="#[12f]">&gt;&gt;</a>&nbsp;&nbsp;&nbsp;f_unlink
<LI><a href="#[12c]">&gt;&gt;</a>&nbsp;&nbsp;&nbsp;f_stat
<LI><a href="#[129]">&gt;&gt;</a>&nbsp;&nbsp;&nbsp;f_opendir
<LI><a href="#[120]">&gt;&gt;</a>&nbsp;&nbsp;&nbsp;f_open
</UL>

<P><STRONG><a name="[11d]"></a>get_ldnumber</STRONG> (Thumb, 74 bytes, Stack size 16 bytes, ff.o(.text))
<BR><BR>[Stack]<UL><LI>Max Depth = 16<LI>Call Chain = get_ldnumber
</UL>
<BR>[Called By]<UL><LI><a href="#[7b]">&gt;&gt;</a>&nbsp;&nbsp;&nbsp;f_mount
<LI><a href="#[136]">&gt;&gt;</a>&nbsp;&nbsp;&nbsp;f_mkfs
<LI><a href="#[133]">&gt;&gt;</a>&nbsp;&nbsp;&nbsp;f_rename
<LI><a href="#[11c]">&gt;&gt;</a>&nbsp;&nbsp;&nbsp;find_volume
</UL>

<P><STRONG><a name="[11b]"></a>check_fs</STRONG> (Thumb, 140 bytes, Stack size 16 bytes, ff.o(.text))
<BR><BR>[Stack]<UL><LI>Max Depth = 312<LI>Call Chain = check_fs &rArr; move_window &rArr; sync_window &rArr; disk_write &rArr; SD_WriteSDisk &rArr; SD_WriteBlock &rArr; SD_Init &rArr; SD_EnableWideBusOperation &rArr; SDEnWideBus &rArr; FindSCR &rArr; CmdResp1Error
</UL>
<BR>[Calls]<UL><LI><a href="#[fe]">&gt;&gt;</a>&nbsp;&nbsp;&nbsp;move_window
</UL>
<BR>[Called By]<UL><LI><a href="#[11c]">&gt;&gt;</a>&nbsp;&nbsp;&nbsp;find_volume
</UL>

<P><STRONG><a name="[11c]"></a>find_volume</STRONG> (Thumb, 916 bytes, Stack size 80 bytes, ff.o(.text))
<BR><BR>[Stack]<UL><LI>Max Depth = 392<LI>Call Chain = find_volume &rArr; check_fs &rArr; move_window &rArr; sync_window &rArr; disk_write &rArr; SD_WriteSDisk &rArr; SD_WriteBlock &rArr; SD_Init &rArr; SD_EnableWideBusOperation &rArr; SDEnWideBus &rArr; FindSCR &rArr; CmdResp1Error
</UL>
<BR>[Calls]<UL><LI><a href="#[11b]">&gt;&gt;</a>&nbsp;&nbsp;&nbsp;check_fs
<LI><a href="#[11d]">&gt;&gt;</a>&nbsp;&nbsp;&nbsp;get_ldnumber
<LI><a href="#[fe]">&gt;&gt;</a>&nbsp;&nbsp;&nbsp;move_window
<LI><a href="#[11e]">&gt;&gt;</a>&nbsp;&nbsp;&nbsp;disk_status
<LI><a href="#[f6]">&gt;&gt;</a>&nbsp;&nbsp;&nbsp;disk_initialize
</UL>
<BR>[Called By]<UL><LI><a href="#[7b]">&gt;&gt;</a>&nbsp;&nbsp;&nbsp;f_mount
<LI><a href="#[135]">&gt;&gt;</a>&nbsp;&nbsp;&nbsp;f_setlabel
<LI><a href="#[134]">&gt;&gt;</a>&nbsp;&nbsp;&nbsp;f_getlabel
<LI><a href="#[133]">&gt;&gt;</a>&nbsp;&nbsp;&nbsp;f_rename
<LI><a href="#[132]">&gt;&gt;</a>&nbsp;&nbsp;&nbsp;f_utime
<LI><a href="#[131]">&gt;&gt;</a>&nbsp;&nbsp;&nbsp;f_chmod
<LI><a href="#[130]">&gt;&gt;</a>&nbsp;&nbsp;&nbsp;f_mkdir
<LI><a href="#[12f]">&gt;&gt;</a>&nbsp;&nbsp;&nbsp;f_unlink
<LI><a href="#[12d]">&gt;&gt;</a>&nbsp;&nbsp;&nbsp;f_getfree
<LI><a href="#[12c]">&gt;&gt;</a>&nbsp;&nbsp;&nbsp;f_stat
<LI><a href="#[129]">&gt;&gt;</a>&nbsp;&nbsp;&nbsp;f_opendir
<LI><a href="#[120]">&gt;&gt;</a>&nbsp;&nbsp;&nbsp;f_open
</UL>

<P><STRONG><a name="[11f]"></a>validate</STRONG> (Thumb, 54 bytes, Stack size 16 bytes, ff.o(.text))
<BR><BR>[Stack]<UL><LI>Max Depth = 16<LI>Call Chain = validate
</UL>
<BR>[Calls]<UL><LI><a href="#[11e]">&gt;&gt;</a>&nbsp;&nbsp;&nbsp;disk_status
</UL>
<BR>[Called By]<UL><LI><a href="#[12e]">&gt;&gt;</a>&nbsp;&nbsp;&nbsp;f_truncate
<LI><a href="#[12b]">&gt;&gt;</a>&nbsp;&nbsp;&nbsp;f_readdir
<LI><a href="#[12a]">&gt;&gt;</a>&nbsp;&nbsp;&nbsp;f_closedir
<LI><a href="#[128]">&gt;&gt;</a>&nbsp;&nbsp;&nbsp;f_lseek
<LI><a href="#[127]">&gt;&gt;</a>&nbsp;&nbsp;&nbsp;f_close
<LI><a href="#[126]">&gt;&gt;</a>&nbsp;&nbsp;&nbsp;f_sync
<LI><a href="#[125]">&gt;&gt;</a>&nbsp;&nbsp;&nbsp;f_write
<LI><a href="#[123]">&gt;&gt;</a>&nbsp;&nbsp;&nbsp;f_read
</UL>

<P><STRONG><a name="[138]"></a>putc_bfd</STRONG> (Thumb, 68 bytes, Stack size 24 bytes, ff.o(.text), UNUSED)
<BR><BR>[Calls]<UL><LI><a href="#[125]">&gt;&gt;</a>&nbsp;&nbsp;&nbsp;f_write
</UL>
<BR>[Called By]<UL><LI><a href="#[13b]">&gt;&gt;</a>&nbsp;&nbsp;&nbsp;f_printf
<LI><a href="#[13a]">&gt;&gt;</a>&nbsp;&nbsp;&nbsp;f_puts
<LI><a href="#[139]">&gt;&gt;</a>&nbsp;&nbsp;&nbsp;f_putc
</UL>
<P>
<H3>
Undefined Global Symbols
</H3><HR></body></html>
